
Running 56 tests using 1 worker

[1/56] tests/browser/campaign-sharing.spec.ts:24:1 › visible share codes support joining and rotate with links without losing requests or members
[2/56] tests/browser/closeout.spec.ts:25:1 › closeout awards once, is shared with observers, and paused session closure offers Void
[3/56] tests/browser/combat.spec.ts:35:1 › Director starts combat; a player takes and ends a turn; the round advances
[4/56] tests/browser/foes-library.spec.ts:4:1 › foe browsing, composed filters, URL persistence, sorting and empty recovery
[5/56] tests/browser/foes-library.spec.ts:48:1 › light and dark, mobile, enlarged text and keyboard search
[6/56] tests/browser/foes-library.spec.ts:96:1 › full catalog bands, pagination, sourcebooks, Malice and related rules
[7/56] tests/browser/foes.spec.ts:3:1 › public foes search, independent cards, navigation, dismissal and themes
[8/56] tests/browser/foes.spec.ts:71:1 › second-echelon references preserve independent features and correct Malice navigation
[9/56] tests/browser/hosting.spec.ts:3:1 › direct SPA routes and reloads load their assets without browser errors
[10/56] tests/browser/journey.spec.ts:20:1 › accounts, invitation approval, session lifecycle, private draft persistence and reconnect
[11/56] tests/browser/reference-cache.spec.ts:3:1 › Workers serves immutable versioned content and revalidates current manifests
[12/56] tests/browser/reference-performance.spec.ts:4:1 › public navigation keeps its document and fetches only requested reference content
[13/56] tests/browser/reference-performance.spec.ts:64:1 › failed detail downloads retry without losing the list or navigation
[14/56] tests/browser/reference-performance.spec.ts:79:1 › catalog failure preserves shared navigation and supports retry
[15/56] tests/browser/reference-performance.spec.ts:96:1 › article failure is local and section links stay below the shared headers
[16/56] tests/browser/reference-performance.spec.ts:116:1 › a cleared search cannot resurrect delayed results
[17/56] tests/browser/reference-performance.spec.ts:145:1 › a failed search index retries
[18/56] tests/browser/reference-performance.spec.ts:159:1 › large chapter opening stays usable while later sections are delayed and retryable
[19/56] tests/browser/rule-popup.spec.ts:6:1 › rule cards preserve the wizard, navigate references, scroll and dismiss accessibly
[20/56] tests/browser/rules.spec.ts:4:1 › public rules search, readable articles, original sources and browser history
[21/56] tests/browser/rules.spec.ts:34:1 › chapter contents, cross-references, topic filters and mobile navigation
[22/56] tests/browser/table-audit.spec.ts:44:1 › three table contexts, palette, console and live CLI share persisted operations
[23/56] tests/browser/table-performance.spec.ts:6:1 › table opens without per-card detail reads, then drills in and preserves undo/redo
[24/56] tests/browser/theme.spec.ts:28:1 › light, dark and system preference switch without reload and persist across reload
[25/56] tests/browser/theme.spec.ts:69:1 › prefers-reduced-motion disables transitions
[26/56] tests/browser/theme.spec.ts:84:1 › reference screenshots: login, campaign home and character list in light and dark
[27/56] tests/browser/v21-campaign.spec.ts:23:1 › campaign home: header actions, player tiles, copy, join requests, foe chips, log filter
[28/56] tests/browser/v21-log.spec.ts:26:1 › log feed: dice chips, markers, ROLLS filter, history icon pair, command line
[29/56] tests/browser/v21-log.spec.ts:193:1 › initiative bar: a segment per turn entry, the current one marked, Groups for the Director
[30/56] tests/browser/v21-rosters.spec.ts:18:1 › director rosters: compact cards, drill-in, settings pop-up, audience boundary
[31/56] tests/browser/v21-sheet.spec.ts:52:1 › standalone sheet: band, columns, Roll test, Catch Breath, Director edit, peer, compact
[32/56] tests/browser/v21-shell.spec.ts:77:3 › session shell in FreePlay: no site nav, no page scroll, independent panes, pinned command line
[33/56] tests/browser/v21-shell.spec.ts:77:3 › session shell in combat: no site nav, no page scroll, independent panes, pinned command line
[34/56] tests/browser/v21-wizard.spec.ts:17:1 › wizard frame: header, rail, choice rows, persistence, independent scrolling
[35/56] tests/browser/v25-elementalist.spec.ts:8:1 › corrected Forge Bethell: complete wizard, reload, review and sourced sheet
[36/56] tests/browser/v32-progression.spec.ts:29:1 › Fury advancement preserves live state; source-complete sheet and reviewed history restoration
  1) tests/browser/v32-progression.spec.ts:29:1 › Fury advancement preserves live state; source-complete sheet and reviewed history restoration 

    Error: Command failed: pnpm app query characters:sheet {"characterId":"k179xb323q5qcjxn9rdpgbqvwx8ep31q"}
    $ node scripts/app.ts query characters:sheet '{"characterId":"k179xb323q5qcjxn9rdpgbqvwx8ep31q"}'
    fetch failed


    attachment #1: screenshot (image/png) ──────────────────────────────────────────────────────────
    ../artifacts/v52-full/v32-progression-Fury-advan-49eea-eviewed-history-restoration/test-failed-1.png
    ────────────────────────────────────────────────────────────────────────────────────────────────

    attachment #2: screenshot (image/png) ──────────────────────────────────────────────────────────
    ../artifacts/v52-full/v32-progression-Fury-advan-49eea-eviewed-history-restoration/test-failed-2.png
    ────────────────────────────────────────────────────────────────────────────────────────────────

    Error Context: ../artifacts/v52-full/v32-progression-Fury-advan-49eea-eviewed-history-restoration/error-context.md

    attachment #4: trace (application/zip) ─────────────────────────────────────────────────────────
    ../artifacts/v52-full/v32-progression-Fury-advan-49eea-eviewed-history-restoration/trace.zip
    Usage:

        pnpm exec playwright show-trace ../artifacts/v52-full/v32-progression-Fury-advan-49eea-eviewed-history-restoration/trace.zip

    ────────────────────────────────────────────────────────────────────────────────────────────────


[37/56] tests/browser/v33-design.spec.ts:9:1 › Core stat blocks, automatic glyph accessibility and plain-text fallback
[38/56] tests/browser/v33-design.spec.ts:147:1 › a missing font leaves readable text rather than ASCII font codes
[39/56] tests/browser/v34-core-content.spec.ts:6:1 › live Rules and Foes share Core typography, automatic semantics and accessible navigation
[40/56] tests/browser/v34-core-content.spec.ts:80:1 › live content retains readable text when the glyph font cannot load
[41/56] tests/browser/v34-core-content.spec.ts:90:1 › hero and Director sheets use full Core content while live stats and audience stay separate
  2) tests/browser/v34-core-content.spec.ts:90:1 › hero and Director sheets use full Core content while live stats and audience stay separate 

    Error: expect(locator).toBeVisible() failed

    Locator: getByRole('heading', { name: 'Campaigns', exact: true })
    Expected: visible
    Timeout: 15000ms
    Error: element(s) not found

    Call log:
      - Expect "toBeVisible" getByRole('heading', { name: 'Campaigns', exact: true }) with timeout 15000ms
      - waiting for getByRole('heading', { name: 'Campaigns', exact: true })


       at v21-fixtures.ts:31

      29 |   await pacedSignUp(page, async () => {
      30 |     await page.getByRole('button', { name: 'Create account', exact: true }).click();
    > 31 |     await expect(page.getByRole('heading', { name: 'Campaigns', exact: true })).toBeVisible();
         |                                                                                 ^
      32 |   });
      33 | }
      34 |
        at /app/tests/browser/v21-fixtures.ts:31:81
        at /app/tests/browser/signup-pacing.ts:235:14

    attachment #1: screenshot (image/png) ──────────────────────────────────────────────────────────
    ../artifacts/v52-full/v34-core-content-hero-and--921c0--and-audience-stay-separate/test-failed-1.png
    ────────────────────────────────────────────────────────────────────────────────────────────────

    attachment #2: screenshot (image/png) ──────────────────────────────────────────────────────────
    ../artifacts/v52-full/v34-core-content-hero-and--921c0--and-audience-stay-separate/test-failed-2.png
    ────────────────────────────────────────────────────────────────────────────────────────────────

    Error Context: ../artifacts/v52-full/v34-core-content-hero-and--921c0--and-audience-stay-separate/error-context.md

    attachment #4: trace (application/zip) ─────────────────────────────────────────────────────────
    ../artifacts/v52-full/v34-core-content-hero-and--921c0--and-audience-stay-separate/trace.zip
    Usage:

        pnpm exec playwright show-trace ../artifacts/v52-full/v34-core-content-hero-and--921c0--and-audience-stay-separate/trace.zip

    ────────────────────────────────────────────────────────────────────────────────────────────────


[42/56] tests/browser/v35-full-foes.spec.ts:9:1 › all core definitions render their complete feature lists through the public consumer
[43/56] tests/browser/v37-supporting-choices.spec.ts:11:1 › supporting choices show complete sources, prune dependent targets and persist reviewed mechanics
  3) tests/browser/v37-supporting-choices.spec.ts:11:1 › supporting choices show complete sources, prune dependent targets and persist reviewed mechanics 

    Error: expect(locator).toBeVisible() failed

    Locator: getByRole('heading', { name: 'Campaigns', exact: true })
    Expected: visible
    Timeout: 15000ms
    Error: element(s) not found

    Call log:
      - Expect "toBeVisible" getByRole('heading', { name: 'Campaigns', exact: true }) with timeout 15000ms
      - waiting for getByRole('heading', { name: 'Campaigns', exact: true })


       at v21-fixtures.ts:31

      29 |   await pacedSignUp(page, async () => {
      30 |     await page.getByRole('button', { name: 'Create account', exact: true }).click();
    > 31 |     await expect(page.getByRole('heading', { name: 'Campaigns', exact: true })).toBeVisible();
         |                                                                                 ^
      32 |   });
      33 | }
      34 |
        at /app/tests/browser/v21-fixtures.ts:31:81
        at /app/tests/browser/signup-pacing.ts:235:14

    attachment #1: screenshot (image/png) ──────────────────────────────────────────────────────────
    ../artifacts/v52-full/v37-supporting-choices-sup-370a1--persist-reviewed-mechanics/test-failed-1.png
    ────────────────────────────────────────────────────────────────────────────────────────────────

    attachment #2: screenshot (image/png) ──────────────────────────────────────────────────────────
    ../artifacts/v52-full/v37-supporting-choices-sup-370a1--persist-reviewed-mechanics/test-failed-2.png
    ────────────────────────────────────────────────────────────────────────────────────────────────

    Error Context: ../artifacts/v52-full/v37-supporting-choices-sup-370a1--persist-reviewed-mechanics/error-context.md

    attachment #4: trace (application/zip) ─────────────────────────────────────────────────────────
    ../artifacts/v52-full/v37-supporting-choices-sup-370a1--persist-reviewed-mechanics/trace.zip
    Usage:

        pnpm exec playwright show-trace ../artifacts/v52-full/v37-supporting-choices-sup-370a1--persist-reviewed-mechanics/trace.zip

    ────────────────────────────────────────────────────────────────────────────────────────────────


[44/56] tests/browser/v37-supporting-choices.spec.ts:175:1 › Strange Inheritance lets the Director save a private sourced item without exposing it to the owner
  4) tests/browser/v37-supporting-choices.spec.ts:175:1 › Strange Inheritance lets the Director save a private sourced item without exposing it to the owner 

    Error: expect(locator).toBeVisible() failed

    Locator: getByRole('heading', { name: 'Campaigns', exact: true })
    Expected: visible
    Timeout: 15000ms
    Error: element(s) not found

    Call log:
      - Expect "toBeVisible" getByRole('heading', { name: 'Campaigns', exact: true }) with timeout 15000ms
      - waiting for getByRole('heading', { name: 'Campaigns', exact: true })


       at v21-fixtures.ts:31

      29 |   await pacedSignUp(page, async () => {
      30 |     await page.getByRole('button', { name: 'Create account', exact: true }).click();
    > 31 |     await expect(page.getByRole('heading', { name: 'Campaigns', exact: true })).toBeVisible();
         |                                                                                 ^
      32 |   });
      33 | }
      34 |
        at /app/tests/browser/v21-fixtures.ts:31:81
        at /app/tests/browser/signup-pacing.ts:235:14

    attachment #1: screenshot (image/png) ──────────────────────────────────────────────────────────
    ../artifacts/v52-full/v37-supporting-choices-Str-f7ee2-ut-exposing-it-to-the-owner/test-failed-1.png
    ────────────────────────────────────────────────────────────────────────────────────────────────

    attachment #2: screenshot (image/png) ──────────────────────────────────────────────────────────
    ../artifacts/v52-full/v37-supporting-choices-Str-f7ee2-ut-exposing-it-to-the-owner/test-failed-2.png
    ────────────────────────────────────────────────────────────────────────────────────────────────

    Error Context: ../artifacts/v52-full/v37-supporting-choices-Str-f7ee2-ut-exposing-it-to-the-owner/error-context.md

    attachment #4: trace (application/zip) ─────────────────────────────────────────────────────────
    ../artifacts/v52-full/v37-supporting-choices-Str-f7ee2-ut-exposing-it-to-the-owner/trace.zip
    Usage:

        pnpm exec playwright show-trace ../artifacts/v52-full/v37-supporting-choices-Str-f7ee2-ut-exposing-it-to-the-owner/trace.zip

    ────────────────────────────────────────────────────────────────────────────────────────────────


[45/56] tests/browser/v38-library-navigation.spec.ts:5:1 › primary navigation exposes independent Rules and Foes libraries
  5) tests/browser/v38-library-navigation.spec.ts:5:1 › primary navigation exposes independent Rules and Foes libraries 

    Error: expect(locator).toBeVisible() failed

    Locator: getByRole('heading', { name: 'Campaigns', exact: true })
    Expected: visible
    Timeout: 15000ms
    Error: element(s) not found

    Call log:
      - Expect "toBeVisible" getByRole('heading', { name: 'Campaigns', exact: true }) with timeout 15000ms
      - waiting for getByRole('heading', { name: 'Campaigns', exact: true })


       at v21-fixtures.ts:31

      29 |   await pacedSignUp(page, async () => {
      30 |     await page.getByRole('button', { name: 'Create account', exact: true }).click();
    > 31 |     await expect(page.getByRole('heading', { name: 'Campaigns', exact: true })).toBeVisible();
         |                                                                                 ^
      32 |   });
      33 | }
      34 |
        at /app/tests/browser/v21-fixtures.ts:31:81
        at /app/tests/browser/signup-pacing.ts:235:14

    attachment #1: screenshot (image/png) ──────────────────────────────────────────────────────────
    ../artifacts/v52-full/v38-library-navigation-pri-7e8dc-nt-Rules-and-Foes-libraries/test-failed-1.png
    ────────────────────────────────────────────────────────────────────────────────────────────────

    Error Context: ../artifacts/v52-full/v38-library-navigation-pri-7e8dc-nt-Rules-and-Foes-libraries/error-context.md

    attachment #3: trace (application/zip) ─────────────────────────────────────────────────────────
    ../artifacts/v52-full/v38-library-navigation-pri-7e8dc-nt-Rules-and-Foes-libraries/trace.zip
    Usage:

        pnpm exec playwright show-trace ../artifacts/v52-full/v38-library-navigation-pri-7e8dc-nt-Rules-and-Foes-libraries/trace.zip

    ────────────────────────────────────────────────────────────────────────────────────────────────


[46/56] tests/browser/v40-unsaved-wizard.spec.ts:8:1 › unsaved wizard creates nothing until first explicit save, then edits the same character
  6) tests/browser/v40-unsaved-wizard.spec.ts:8:1 › unsaved wizard creates nothing until first explicit save, then edits the same character 

    Error: expect(locator).toBeVisible() failed

    Locator: getByRole('heading', { name: 'Campaigns', exact: true })
    Expected: visible
    Timeout: 15000ms
    Error: element(s) not found

    Call log:
      - Expect "toBeVisible" getByRole('heading', { name: 'Campaigns', exact: true }) with timeout 15000ms
      - waiting for getByRole('heading', { name: 'Campaigns', exact: true })


       at v21-fixtures.ts:31

      29 |   await pacedSignUp(page, async () => {
      30 |     await page.getByRole('button', { name: 'Create account', exact: true }).click();
    > 31 |     await expect(page.getByRole('heading', { name: 'Campaigns', exact: true })).toBeVisible();
         |                                                                                 ^
      32 |   });
      33 | }
      34 |
        at /app/tests/browser/v21-fixtures.ts:31:81
        at /app/tests/browser/signup-pacing.ts:235:14

    attachment #1: screenshot (image/png) ──────────────────────────────────────────────────────────
    ../artifacts/v52-full/v40-unsaved-wizard-unsaved-ae75d-en-edits-the-same-character/test-failed-1.png
    ────────────────────────────────────────────────────────────────────────────────────────────────

    Error Context: ../artifacts/v52-full/v40-unsaved-wizard-unsaved-ae75d-en-edits-the-same-character/error-context.md

    attachment #3: trace (application/zip) ─────────────────────────────────────────────────────────
    ../artifacts/v52-full/v40-unsaved-wizard-unsaved-ae75d-en-edits-the-same-character/trace.zip
    Usage:

        pnpm exec playwright show-trace ../artifacts/v52-full/v40-unsaved-wizard-unsaved-ae75d-en-edits-the-same-character/trace.zip

    ────────────────────────────────────────────────────────────────────────────────────────────────


[47/56] tests/browser/v42-primary-choice.spec.ts:8:1 › primary choices collapse, edit without loss, prune on replacement and reopen saved
  7) tests/browser/v42-primary-choice.spec.ts:8:1 › primary choices collapse, edit without loss, prune on replacement and reopen saved 

    Error: expect(locator).toBeVisible() failed

    Locator: getByRole('heading', { name: 'Campaigns', exact: true })
    Expected: visible
    Timeout: 15000ms
    Error: element(s) not found

    Call log:
      - Expect "toBeVisible" getByRole('heading', { name: 'Campaigns', exact: true }) with timeout 15000ms
      - waiting for getByRole('heading', { name: 'Campaigns', exact: true })


       at v21-fixtures.ts:31

      29 |   await pacedSignUp(page, async () => {
      30 |     await page.getByRole('button', { name: 'Create account', exact: true }).click();
    > 31 |     await expect(page.getByRole('heading', { name: 'Campaigns', exact: true })).toBeVisible();
         |                                                                                 ^
      32 |   });
      33 | }
      34 |
        at /app/tests/browser/v21-fixtures.ts:31:81
        at /app/tests/browser/signup-pacing.ts:235:14

    attachment #1: screenshot (image/png) ──────────────────────────────────────────────────────────
    ../artifacts/v52-full/v42-primary-choice-primary-2e52c-eplacement-and-reopen-saved/test-failed-1.png
    ────────────────────────────────────────────────────────────────────────────────────────────────

    Error Context: ../artifacts/v52-full/v42-primary-choice-primary-2e52c-eplacement-and-reopen-saved/error-context.md

    attachment #3: trace (application/zip) ─────────────────────────────────────────────────────────
    ../artifacts/v52-full/v42-primary-choice-primary-2e52c-eplacement-and-reopen-saved/trace.zip
    Usage:

        pnpm exec playwright show-trace ../artifacts/v52-full/v42-primary-choice-primary-2e52c-eplacement-and-reopen-saved/trace.zip

    ────────────────────────────────────────────────────────────────────────────────────────────────


[48/56] tests/browser/v46-devil-persistence.spec.ts:97:1 › V46: all thirteen counterpart builds save and read back through shared operations
