Target: dev (different-bat-943); frontend https://salient-dev.rdxx.workers.dev; operation backend
▌ Deploying code to deployment:
▌ [Development] jim-pringle:salient:dev/jim-pringle (dev) (dashboard: https://dashboard.convex.dev/t/jim-pringle/salient/different-bat-943)
▌ └─ https://different-bat-943.convex.cloud
- Deploying to https://different-bat-943.convex.cloud...

A minor update is available for Convex (1.45.0 → 1.46.0)
Changelog: https://github.com/get-convex/convex-js/blob/main/CHANGELOG.md#changelog
Convex AI files are not installed. Run npx convex ai-files install to get started or npx convex ai-files disable to hide this message.
✔ No large indexes are deleted by this push
Uploading functions to Convex...
Generating TypeScript bindings...
Temporary directory '/tmp' and project directory '/app/convex/_generated' are on different filesystems.
  If you're running into errors with other tools watching the project directory, override the temporary directory location with the CONVEX_TMPDIR environment variable.
  Be sure to pick a temporary directory that's on the same filesystem as your project.
Running TypeScript...
Pushing code to your Convex deployment...
Schema validation complete.
Finalizing push...
✔ Deleted table indexes:
  [-] presence.by_campaign_user   campaignId, userId, _creationTime
  [-] chatMessages.by_campaign_created   campaignId, createdAt, _creationTime
✔ Deployed Convex functions to https://different-bat-943.convex.cloud
