{
  "runId": "4fc663a7-0152-4afb-8805-ce8830ad3403",
  "target": "https://different-bat-943.convex.cloud",
  "source": "ab0f2fd875155d929f5efed201b14d96a821f4f7",
  "elapsedMs": 82857,
  "results": [
    {
      "name": "discover decisions and preview without creating a character",
      "status": "pass",
      "elapsedMs": 1507
    },
    {
      "name": "Devil: complete creation, exact first-save retry and fresh persisted sheet",
      "status": "pass",
      "elapsedMs": 2089
    },
    {
      "name": "Polder: complete creation, exact first-save retry and fresh persisted sheet",
      "status": "pass",
      "elapsedMs": 1774
    },
    {
      "name": "Dwarf: complete creation, exact first-save retry and fresh persisted sheet",
      "status": "pass",
      "elapsedMs": 1733
    },
    {
      "name": "Human: complete creation, exact first-save retry and fresh persisted sheet",
      "status": "pass",
      "elapsedMs": 1760
    },
    {
      "name": "Hakaan: complete creation, exact first-save retry and fresh persisted sheet",
      "status": "pass",
      "elapsedMs": 3220
    },
    {
      "name": "Orc: complete creation, exact first-save retry and fresh persisted sheet",
      "status": "pass",
      "elapsedMs": 1903
    },
    {
      "name": "Hakaan: remaining purchase witnesses persist through the public route",
      "status": "pass",
      "elapsedMs": 3009
    },
    {
      "name": "Orc: remaining purchase witnesses persist through the public route",
      "status": "pass",
      "elapsedMs": 4222
    },
    {
      "name": "Devil: remaining purchase witnesses persist through the public route",
      "status": "pass",
      "elapsedMs": 4457
    },
    {
      "name": "Polder: remaining purchase witnesses persist through the public route",
      "status": "pass",
      "elapsedMs": 1473
    },
    {
      "name": "Dwarf: remaining purchase witnesses persist through the public route",
      "status": "pass",
      "elapsedMs": 2911
    },
    {
      "name": "Human: remaining purchase witnesses persist through the public route",
      "status": "pass",
      "elapsedMs": 2901
    },
    {
      "name": "private draft, source discovery and transition reject another owner",
      "status": "pass",
      "elapsedMs": 778
    },
    {
      "name": "parent replacement clears dependent choices and persists unrelated details",
      "status": "pass",
      "elapsedMs": 1846
    },
    {
      "name": "culture, kit and complication transitions preserve saved authored fields",
      "status": "pass",
      "elapsedMs": 1902
    },
    {
      "name": "incomplete and over-budget previews cannot be mistaken for complete builds",
      "status": "pass",
      "elapsedMs": 1149
    },
    {
      "name": "array replacement clears assignment; named assignment and stale-save guards use public operations",
      "status": "pass",
      "elapsedMs": 2041
    },
    {
      "name": "lifecycle: admission and audience privacy",
      "status": "pass",
      "elapsedMs": 8487
    },
    {
      "name": "lifecycle: private inheritance",
      "status": "pass",
      "elapsedMs": 5707
    },
    {
      "name": "lifecycle: Fury progression preserves live values",
      "status": "pass",
      "elapsedMs": 4829
    },
    {
      "name": "lifecycle: paginated history and reviewed restoration",
      "status": "pass",
      "elapsedMs": 3707
    },
    {
      "name": "lifecycle: owning Director activation and inheritance",
      "status": "pass",
      "elapsedMs": 6295
    },
    {
      "name": "lifecycle: foreign history and owner-only restoration",
      "status": "pass",
      "elapsedMs": 3316
    },
    {
      "name": "lifecycle: full-edit stale review and preserved live state",
      "status": "pass",
      "elapsedMs": 3084
    },
    {
      "name": "lifecycle: combat edit lock",
      "status": "pass",
      "elapsedMs": 2229
    }
  ]
}
