backend-1  | CONVEX_AGENT_MODE=anonymous mode is in beta, functionality may change in the future.
backend-1  | ✔ Configured a local deployment for http://127.0.0.1:3210 and saved its:
backend-1  |     client URL as VITE_CONVEX_URL
backend-1  |     HTTP actions URL as VITE_CONVEX_SITE_URL
backend-1  |  to .env.local
backend-1  |
backend-1  | Write your Convex functions in convex/
backend-1  | Give us feedback at https://convex.dev/community or support@convex.dev
backend-1  | View the Convex dashboard at http://127.0.0.1:6790/
backend-1  |
backend-1  | ▌ Developing against deployment:
backend-1  | ▌ [Local] Port 3210 • No Convex account (run npx convex login to link to a project)
backend-1  | ▌ └─ http://127.0.0.1:3210
backend-1  | - Preparing Convex functions...
backend-1  |
backend-1  | [36mA minor update is available for Convex[39m [2m(1.45.0 → 1.46.0)[22m
backend-1  | [2mChangelog:[22m [4mhttps://github.com/get-convex/convex-js/blob/main/CHANGELOG.md#changelog[24m
backend-1  | Convex AI files are not installed. Run npx convex ai-files install to get started or npx convex ai-files disable to hide this message.
backend-1  | Temporary directory '/tmp' and project directory '/app/convex/_generated' are on different filesystems.
backend-1  |   If you're running into errors with other tools watching the project directory, override the temporary directory location with the CONVEX_TMPDIR environment variable.
backend-1  |   Be sure to pick a temporary directory that's on the same filesystem as your project.
backend-1  | ✔ 00:09:09 Convex functions ready! (4.35s)
backend-1  | Anonymous development backend configured; application secrets were not logged.
backend-1  | 9/20/2026, 12:09:39 AM [CONVEX H(GET /api/auth/convex/jwks)] [WARN] '2026-09-20T00:09:39.316Z WARN [Better Auth]: Rate limiting skipped: could not determine client IP address. Ensure your runtime forwards a trusted client IP header and configure `advanced.ipAddress.ipAddressHeaders` if needed.'
backend-1  | 9/20/2026, 12:09:42 AM [CONVEX H(GET /api/auth/convex/jwks)] [WARN] '2026-09-20T00:09:42.328Z WARN [Better Auth]: Rate limiting skipped: could not determine client IP address. Ensure your runtime forwards a trusted client IP header and configure `advanced.ipAddress.ipAddressHeaders` if needed.'
backend-1  | 9/20/2026, 12:09:44 AM [CONVEX H(GET /api/auth/convex/jwks)] [WARN] '2026-09-20T00:09:44.089Z WARN [Better Auth]: Rate limiting skipped: could not determine client IP address. Ensure your runtime forwards a trusted client IP header and configure `advanced.ipAddress.ipAddressHeaders` if needed.'
backend-1  | 9/20/2026, 12:09:44 AM [CONVEX H(GET /api/auth/convex/jwks)] [WARN] '2026-09-20T00:09:44.214Z WARN [Better Auth]: Rate limiting skipped: could not determine client IP address. Ensure your runtime forwards a trusted client IP header and configure `advanced.ipAddress.ipAddressHeaders` if needed.'
backend-1  | 9/20/2026, 12:09:46 AM [CONVEX H(GET /api/auth/convex/jwks)] [WARN] '2026-09-20T00:09:46.536Z WARN [Better Auth]: Rate limiting skipped: could not determine client IP address. Ensure your runtime forwards a trusted client IP header and configure `advanced.ipAddress.ipAddressHeaders` if needed.'
backend-1  | 9/20/2026, 12:09:48 AM [CONVEX H(GET /api/auth/convex/jwks)] [WARN] '2026-09-20T00:09:48.118Z WARN [Better Auth]: Rate limiting skipped: could not determine client IP address. Ensure your runtime forwards a trusted client IP header and configure `advanced.ipAddress.ipAddressHeaders` if needed.'
backend-1  | 9/20/2026, 12:09:48 AM [CONVEX H(GET /api/auth/convex/jwks)] [WARN] '2026-09-20T00:09:48.271Z WARN [Better Auth]: Rate limiting skipped: could not determine client IP address. Ensure your runtime forwards a trusted client IP header and configure `advanced.ipAddress.ipAddressHeaders` if needed.'
backend-1  | 9/20/2026, 12:09:51 AM [CONVEX H(POST /api/auth/sign-in/email)] [WARN] '2026-09-20T00:09:51.005Z WARN [Better Auth]: Rate limiting skipped: could not determine client IP address. Ensure your runtime forwards a trusted client IP header and configure `advanced.ipAddress.ipAddressHeaders` if needed.'
backend-1  | 9/20/2026, 12:09:51 AM [CONVEX H(GET /api/auth/convex/token)] [WARN] '2026-09-20T00:09:51.258Z WARN [Better Auth]: Rate limiting skipped: could not determine client IP address. Ensure your runtime forwards a trusted client IP header and configure `advanced.ipAddress.ipAddressHeaders` if needed.'
backend-1  | 9/20/2026, 12:09:51 AM [CONVEX H(GET /api/auth/convex/jwks)] [WARN] '2026-09-20T00:09:51.296Z WARN [Better Auth]: Rate limiting skipped: could not determine client IP address. Ensure your runtime forwards a trusted client IP header and configure `advanced.ipAddress.ipAddressHeaders` if needed.'
backend-1  | 9/20/2026, 12:09:51 AM [CONVEX H(POST /api/auth/sign-out)] [WARN] '2026-09-20T00:09:51.396Z WARN [Better Auth]: Rate limiting skipped: could not determine client IP address. Ensure your runtime forwards a trusted client IP header and configure `advanced.ipAddress.ipAddressHeaders` if needed.'
backend-1  | 9/20/2026, 12:09:51 AM [CONVEX H(POST /api/auth/sign-in/email)] [WARN] '2026-09-20T00:09:51.996Z WARN [Better Auth]: Rate limiting skipped: could not determine client IP address. Ensure your runtime forwards a trusted client IP header and configure `advanced.ipAddress.ipAddressHeaders` if needed.'
backend-1  | 9/20/2026, 12:09:52 AM [CONVEX H(GET /api/auth/convex/token)] [WARN] '2026-09-20T00:09:52.164Z WARN [Better Auth]: Rate limiting skipped: could not determine client IP address. Ensure your runtime forwards a trusted client IP header and configure `advanced.ipAddress.ipAddressHeaders` if needed.'
backend-1  | 9/20/2026, 12:09:52 AM [CONVEX H(GET /api/auth/convex/jwks)] [WARN] '2026-09-20T00:09:52.199Z WARN [Better Auth]: Rate limiting skipped: could not determine client IP address. Ensure your runtime forwards a trusted client IP header and configure `advanced.ipAddress.ipAddressHeaders` if needed.'
backend-1  | 9/20/2026, 12:09:52 AM [CONVEX H(POST /api/auth/sign-out)] [WARN] '2026-09-20T00:09:52.304Z WARN [Better Auth]: Rate limiting skipped: could not determine client IP address. Ensure your runtime forwards a trusted client IP header and configure `advanced.ipAddress.ipAddressHeaders` if needed.'
backend-1  | 9/20/2026, 12:09:52 AM [CONVEX H(POST /api/auth/sign-in/email)] [WARN] '2026-09-20T00:09:52.889Z WARN [Better Auth]: Rate limiting skipped: could not determine client IP address. Ensure your runtime forwards a trusted client IP header and configure `advanced.ipAddress.ipAddressHeaders` if needed.'
backend-1  | 9/20/2026, 12:09:53 AM [CONVEX H(GET /api/auth/convex/token)] [WARN] '2026-09-20T00:09:53.066Z WARN [Better Auth]: Rate limiting skipped: could not determine client IP address. Ensure your runtime forwards a trusted client IP header and configure `advanced.ipAddress.ipAddressHeaders` if needed.'
backend-1  | 9/20/2026, 12:09:53 AM [CONVEX H(GET /api/auth/convex/jwks)] [WARN] '2026-09-20T00:09:53.103Z WARN [Better Auth]: Rate limiting skipped: could not determine client IP address. Ensure your runtime forwards a trusted client IP header and configure `advanced.ipAddress.ipAddressHeaders` if needed.'
backend-1  | 9/20/2026, 12:09:53 AM [CONVEX H(POST /api/auth/sign-out)] [WARN] '2026-09-20T00:09:53.330Z WARN [Better Auth]: Rate limiting skipped: could not determine client IP address. Ensure your runtime forwards a trusted client IP header and configure `advanced.ipAddress.ipAddressHeaders` if needed.'
backend-1  | 9/20/2026, 12:09:54 AM [CONVEX H(POST /api/auth/sign-in/email)] [WARN] '2026-09-20T00:09:54.291Z WARN [Better Auth]: Rate limiting skipped: could not determine client IP address. Ensure your runtime forwards a trusted client IP header and configure `advanced.ipAddress.ipAddressHeaders` if needed.'
backend-1  | 9/20/2026, 12:09:54 AM [CONVEX H(GET /api/auth/convex/token)] [WARN] '2026-09-20T00:09:54.521Z WARN [Better Auth]: Rate limiting skipped: could not determine client IP address. Ensure your runtime forwards a trusted client IP header and configure `advanced.ipAddress.ipAddressHeaders` if needed.'
backend-1  | 9/20/2026, 12:09:54 AM [CONVEX H(GET /api/auth/convex/jwks)] [WARN] '2026-09-20T00:09:54.565Z WARN [Better Auth]: Rate limiting skipped: could not determine client IP address. Ensure your runtime forwards a trusted client IP header and configure `advanced.ipAddress.ipAddressHeaders` if needed.'
backend-1  | 9/20/2026, 12:09:54 AM [CONVEX H(POST /api/auth/sign-out)] [WARN] '2026-09-20T00:09:54.844Z WARN [Better Auth]: Rate limiting skipped: could not determine client IP address. Ensure your runtime forwards a trusted client IP header and configure `advanced.ipAddress.ipAddressHeaders` if needed.'
backend-1  | 9/20/2026, 12:09:55 AM [CONVEX H(POST /api/auth/sign-in/email)] [WARN] '2026-09-20T00:09:55.740Z WARN [Better Auth]: Rate limiting skipped: could not determine client IP address. Ensure your runtime forwards a trusted client IP header and configure `advanced.ipAddress.ipAddressHeaders` if needed.'
backend-1  | 9/20/2026, 12:09:55 AM [CONVEX H(GET /api/auth/convex/token)] [WARN] '2026-09-20T00:09:55.919Z WARN [Better Auth]: Rate limiting skipped: could not determine client IP address. Ensure your runtime forwards a trusted client IP header and configure `advanced.ipAddress.ipAddressHeaders` if needed.'
backend-1  | 9/20/2026, 12:09:55 AM [CONVEX H(GET /api/auth/convex/jwks)] [WARN] '2026-09-20T00:09:55.959Z WARN [Better Auth]: Rate limiting skipped: could not determine client IP address. Ensure your runtime forwards a trusted client IP header and configure `advanced.ipAddress.ipAddressHeaders` if needed.'
backend-1  | 9/20/2026, 12:09:56 AM [CONVEX H(POST /api/auth/sign-out)] [WARN] '2026-09-20T00:09:56.074Z WARN [Better Auth]: Rate limiting skipped: could not determine client IP address. Ensure your runtime forwards a trusted client IP header and configure `advanced.ipAddress.ipAddressHeaders` if needed.'
backend-1  | 9/20/2026, 12:09:56 AM [CONVEX H(POST /api/auth/sign-in/email)] [WARN] '2026-09-20T00:09:56.670Z WARN [Better Auth]: Rate limiting skipped: could not determine client IP address. Ensure your runtime forwards a trusted client IP header and configure `advanced.ipAddress.ipAddressHeaders` if needed.'
backend-1  | 9/20/2026, 12:09:56 AM [CONVEX H(GET /api/auth/convex/token)] [WARN] '2026-09-20T00:09:56.848Z WARN [Better Auth]: Rate limiting skipped: could not determine client IP address. Ensure your runtime forwards a trusted client IP header and configure `advanced.ipAddress.ipAddressHeaders` if needed.'
backend-1  | 9/20/2026, 12:09:56 AM [CONVEX H(GET /api/auth/convex/jwks)] [WARN] '2026-09-20T00:09:56.896Z WARN [Better Auth]: Rate limiting skipped: could not determine client IP address. Ensure your runtime forwards a trusted client IP header and configure `advanced.ipAddress.ipAddressHeaders` if needed.'
backend-1  | 9/20/2026, 12:09:56 AM [CONVEX H(POST /api/auth/sign-out)] [WARN] '2026-09-20T00:09:56.996Z WARN [Better Auth]: Rate limiting skipped: could not determine client IP address. Ensure your runtime forwards a trusted client IP header and configure `advanced.ipAddress.ipAddressHeaders` if needed.'
backend-1  | 9/20/2026, 12:09:57 AM [CONVEX H(POST /api/auth/sign-in/email)] [WARN] '2026-09-20T00:09:57.591Z WARN [Better Auth]: Rate limiting skipped: could not determine client IP address. Ensure your runtime forwards a trusted client IP header and configure `advanced.ipAddress.ipAddressHeaders` if needed.'
backend-1  | 9/20/2026, 12:09:57 AM [CONVEX H(GET /api/auth/convex/token)] [WARN] '2026-09-20T00:09:57.759Z WARN [Better Auth]: Rate limiting skipped: could not determine client IP address. Ensure your runtime forwards a trusted client IP header and configure `advanced.ipAddress.ipAddressHeaders` if needed.'
backend-1  | 9/20/2026, 12:09:57 AM [CONVEX H(GET /api/auth/convex/jwks)] [WARN] '2026-09-20T00:09:57.800Z WARN [Better Auth]: Rate limiting skipped: could not determine client IP address. Ensure your runtime forwards a trusted client IP header and configure `advanced.ipAddress.ipAddressHeaders` if needed.'
backend-1  | 9/20/2026, 12:09:58 AM [CONVEX H(POST /api/auth/sign-out)] [WARN] '2026-09-20T00:09:58.171Z WARN [Better Auth]: Rate limiting skipped: could not determine client IP address. Ensure your runtime forwards a trusted client IP header and configure `advanced.ipAddress.ipAddressHeaders` if needed.'
backend-1  | 9/20/2026, 12:09:59 AM [CONVEX H(POST /api/auth/sign-in/email)] [WARN] '2026-09-20T00:09:59.033Z WARN [Better Auth]: Rate limiting skipped: could not determine client IP address. Ensure your runtime forwards a trusted client IP header and configure `advanced.ipAddress.ipAddressHeaders` if needed.'
backend-1  | 9/20/2026, 12:09:59 AM [CONVEX H(GET /api/auth/convex/token)] [WARN] '2026-09-20T00:09:59.223Z WARN [Better Auth]: Rate limiting skipped: could not determine client IP address. Ensure your runtime forwards a trusted client IP header and configure `advanced.ipAddress.ipAddressHeaders` if needed.'
backend-1  | 9/20/2026, 12:09:59 AM [CONVEX H(GET /api/auth/convex/jwks)] [WARN] '2026-09-20T00:09:59.264Z WARN [Better Auth]: Rate limiting skipped: could not determine client IP address. Ensure your runtime forwards a trusted client IP header and configure `advanced.ipAddress.ipAddressHeaders` if needed.'
backend-1  | 9/20/2026, 12:09:59 AM [CONVEX H(POST /api/auth/sign-out)] [WARN] '2026-09-20T00:09:59.529Z WARN [Better Auth]: Rate limiting skipped: could not determine client IP address. Ensure your runtime forwards a trusted client IP header and configure `advanced.ipAddress.ipAddressHeaders` if needed.'
backend-1  | 9/20/2026, 12:10:01 AM [CONVEX H(GET /api/auth/convex/jwks)] [WARN] '2026-09-20T00:10:01.007Z WARN [Better Auth]: Rate limiting skipped: could not determine client IP address. Ensure your runtime forwards a trusted client IP header and configure `advanced.ipAddress.ipAddressHeaders` if needed.'
backend-1  | 9/20/2026, 12:10:01 AM [CONVEX H(GET /api/auth/convex/jwks)] [WARN] '2026-09-20T00:10:01.405Z WARN [Better Auth]: Rate limiting skipped: could not determine client IP address. Ensure your runtime forwards a trusted client IP header and configure `advanced.ipAddress.ipAddressHeaders` if needed.'
backend-1  | 9/20/2026, 12:10:01 AM [CONVEX H(GET /api/auth/convex/jwks)] [WARN] '2026-09-20T00:10:01.511Z WARN [Better Auth]: Rate limiting skipped: could not determine client IP address. Ensure your runtime forwards a trusted client IP header and configure `advanced.ipAddress.ipAddressHeaders` if needed.'
backend-1  | 9/20/2026, 12:10:01 AM [CONVEX H(GET /api/auth/convex/jwks)] [WARN] '2026-09-20T00:10:01.553Z WARN [Better Auth]: Rate limiting skipped: could not determine client IP address. Ensure your runtime forwards a trusted client IP header and configure `advanced.ipAddress.ipAddressHeaders` if needed.'
backend-1  | 9/20/2026, 12:10:05 AM [CONVEX Q(events:list)] [WARN] Function execution took a long time. (maximum duration: 1s, actual duration: 807.944104ms).
backend-1  | 9/20/2026, 12:10:05 AM [CONVEX Q(targets:drafts)] [WARN] Function execution took a long time. (maximum duration: 1s, actual duration: 930.801218ms).
backend-1  | 9/20/2026, 12:10:05 AM [CONVEX Q(abilities:sheet)] [WARN] Function execution took a long time. (maximum duration: 1s, actual duration: 953.419195ms).
backend-1  | 9/20/2026, 12:10:05 AM [CONVEX Q(history:status)] [WARN] Function execution took a long time. (maximum duration: 1s, actual duration: 930.667229ms).
backend-1  | 9/20/2026, 12:10:06 AM [CONVEX Q(foes:catalog)] [WARN] Function execution took a long time. (maximum duration: 1s, actual duration: 825.984762ms).
backend-1  | 9/20/2026, 12:10:08 AM [CONVEX Q(encounters:current)] [WARN] Function execution took a long time. (maximum duration: 1s, actual duration: 960.185163ms).
backend-1  | 9/20/2026, 12:10:08 AM [CONVEX Q(targets:drafts)] [WARN] Function execution took a long time. (maximum duration: 1s, actual duration: 976.756728ms).
backend-1  | 9/20/2026, 12:10:10 AM [CONVEX H(POST /api/auth/sign-in/email)] [WARN] '2026-09-20T00:10:10.627Z WARN [Better Auth]: Rate limiting skipped: could not determine client IP address. Ensure your runtime forwards a trusted client IP header and configure `advanced.ipAddress.ipAddressHeaders` if needed.'
backend-1  | 9/20/2026, 12:10:10 AM [CONVEX H(GET /api/auth/convex/token)] [WARN] '2026-09-20T00:10:10.819Z WARN [Better Auth]: Rate limiting skipped: could not determine client IP address. Ensure your runtime forwards a trusted client IP header and configure `advanced.ipAddress.ipAddressHeaders` if needed.'
backend-1  | 9/20/2026, 12:10:10 AM [CONVEX H(GET /api/auth/convex/jwks)] [WARN] '2026-09-20T00:10:10.862Z WARN [Better Auth]: Rate limiting skipped: could not determine client IP address. Ensure your runtime forwards a trusted client IP header and configure `advanced.ipAddress.ipAddressHeaders` if needed.'
backend-1  | 9/20/2026, 12:10:11 AM [CONVEX H(POST /api/auth/sign-out)] [WARN] '2026-09-20T00:10:11.444Z WARN [Better Auth]: Rate limiting skipped: could not determine client IP address. Ensure your runtime forwards a trusted client IP header and configure `advanced.ipAddress.ipAddressHeaders` if needed.'
backend-1  | 9/20/2026, 12:10:12 AM [CONVEX H(POST /api/auth/sign-in/email)] [WARN] '2026-09-20T00:10:12.826Z WARN [Better Auth]: Rate limiting skipped: could not determine client IP address. Ensure your runtime forwards a trusted client IP header and configure `advanced.ipAddress.ipAddressHeaders` if needed.'
backend-1  | 9/20/2026, 12:10:13 AM [CONVEX H(GET /api/auth/convex/token)] [WARN] '2026-09-20T00:10:13.008Z WARN [Better Auth]: Rate limiting skipped: could not determine client IP address. Ensure your runtime forwards a trusted client IP header and configure `advanced.ipAddress.ipAddressHeaders` if needed.'
backend-1  | 9/20/2026, 12:10:13 AM [CONVEX H(GET /api/auth/convex/jwks)] [WARN] '2026-09-20T00:10:13.049Z WARN [Better Auth]: Rate limiting skipped: could not determine client IP address. Ensure your runtime forwards a trusted client IP header and configure `advanced.ipAddress.ipAddressHeaders` if needed.'
backend-1  | 9/20/2026, 12:10:13 AM [CONVEX H(POST /api/auth/sign-out)] [WARN] '2026-09-20T00:10:13.555Z WARN [Better Auth]: Rate limiting skipped: could not determine client IP address. Ensure your runtime forwards a trusted client IP header and configure `advanced.ipAddress.ipAddressHeaders` if needed.'
backend-1  | 9/20/2026, 12:10:15 AM [CONVEX H(POST /api/auth/sign-in/email)] [WARN] '2026-09-20T00:10:15.196Z WARN [Better Auth]: Rate limiting skipped: could not determine client IP address. Ensure your runtime forwards a trusted client IP header and configure `advanced.ipAddress.ipAddressHeaders` if needed.'
backend-1  | 9/20/2026, 12:10:15 AM [CONVEX H(GET /api/auth/convex/token)] [WARN] '2026-09-20T00:10:15.379Z WARN [Better Auth]: Rate limiting skipped: could not determine client IP address. Ensure your runtime forwards a trusted client IP header and configure `advanced.ipAddress.ipAddressHeaders` if needed.'
backend-1  | 9/20/2026, 12:10:15 AM [CONVEX H(GET /api/auth/convex/jwks)] [WARN] '2026-09-20T00:10:15.422Z WARN [Better Auth]: Rate limiting skipped: could not determine client IP address. Ensure your runtime forwards a trusted client IP header and configure `advanced.ipAddress.ipAddressHeaders` if needed.'
backend-1  | 9/20/2026, 12:10:15 AM [CONVEX H(POST /api/auth/sign-out)] [WARN] '2026-09-20T00:10:15.514Z WARN [Better Auth]: Rate limiting skipped: could not determine client IP address. Ensure your runtime forwards a trusted client IP header and configure `advanced.ipAddress.ipAddressHeaders` if needed.'
backend-1  | 9/20/2026, 12:10:20 AM [CONVEX H(POST /api/auth/sign-in/email)] [WARN] '2026-09-20T00:10:20.306Z WARN [Better Auth]: Rate limiting skipped: could not determine client IP address. Ensure your runtime forwards a trusted client IP header and configure `advanced.ipAddress.ipAddressHeaders` if needed.'
backend-1  | 9/20/2026, 12:10:20 AM [CONVEX H(GET /api/auth/convex/token)] [WARN] '2026-09-20T00:10:20.496Z WARN [Better Auth]: Rate limiting skipped: could not determine client IP address. Ensure your runtime forwards a trusted client IP header and configure `advanced.ipAddress.ipAddressHeaders` if needed.'
backend-1  | 9/20/2026, 12:10:20 AM [CONVEX H(GET /api/auth/convex/jwks)] [WARN] '2026-09-20T00:10:20.536Z WARN [Better Auth]: Rate limiting skipped: could not determine client IP address. Ensure your runtime forwards a trusted client IP header and configure `advanced.ipAddress.ipAddressHeaders` if needed.'
backend-1  | 9/20/2026, 12:10:20 AM [CONVEX H(POST /api/auth/sign-out)] [WARN] '2026-09-20T00:10:20.622Z WARN [Better Auth]: Rate limiting skipped: could not determine client IP address. Ensure your runtime forwards a trusted client IP header and configure `advanced.ipAddress.ipAddressHeaders` if needed.'
backend-1  | 9/20/2026, 12:10:22 AM [CONVEX H(POST /api/auth/sign-in/email)] [WARN] '2026-09-20T00:10:22.639Z WARN [Better Auth]: Rate limiting skipped: could not determine client IP address. Ensure your runtime forwards a trusted client IP header and configure `advanced.ipAddress.ipAddressHeaders` if needed.'
backend-1  | 9/20/2026, 12:10:22 AM [CONVEX H(GET /api/auth/convex/token)] [WARN] '2026-09-20T00:10:22.843Z WARN [Better Auth]: Rate limiting skipped: could not determine client IP address. Ensure your runtime forwards a trusted client IP header and configure `advanced.ipAddress.ipAddressHeaders` if needed.'
backend-1  | 9/20/2026, 12:10:22 AM [CONVEX H(GET /api/auth/convex/jwks)] [WARN] '2026-09-20T00:10:22.881Z WARN [Better Auth]: Rate limiting skipped: could not determine client IP address. Ensure your runtime forwards a trusted client IP header and configure `advanced.ipAddress.ipAddressHeaders` if needed.'
backend-1  | 9/20/2026, 12:10:22 AM [CONVEX H(POST /api/auth/sign-out)] [WARN] '2026-09-20T00:10:22.967Z WARN [Better Auth]: Rate limiting skipped: could not determine client IP address. Ensure your runtime forwards a trusted client IP header and configure `advanced.ipAddress.ipAddressHeaders` if needed.'
backend-1  | 9/20/2026, 12:10:29 AM [CONVEX H(POST /api/auth/sign-in/email)] [WARN] '2026-09-20T00:10:29.015Z WARN [Better Auth]: Rate limiting skipped: could not determine client IP address. Ensure your runtime forwards a trusted client IP header and configure `advanced.ipAddress.ipAddressHeaders` if needed.'
backend-1  | 9/20/2026, 12:10:29 AM [CONVEX H(GET /api/auth/convex/token)] [WARN] '2026-09-20T00:10:29.210Z WARN [Better Auth]: Rate limiting skipped: could not determine client IP address. Ensure your runtime forwards a trusted client IP header and configure `advanced.ipAddress.ipAddressHeaders` if needed.'
backend-1  | 9/20/2026, 12:10:29 AM [CONVEX H(GET /api/auth/convex/jwks)] [WARN] '2026-09-20T00:10:29.250Z WARN [Better Auth]: Rate limiting skipped: could not determine client IP address. Ensure your runtime forwards a trusted client IP header and configure `advanced.ipAddress.ipAddressHeaders` if needed.'
backend-1  | 9/20/2026, 12:10:29 AM [CONVEX H(POST /api/auth/sign-out)] [WARN] '2026-09-20T00:10:29.327Z WARN [Better Auth]: Rate limiting skipped: could not determine client IP address. Ensure your runtime forwards a trusted client IP header and configure `advanced.ipAddress.ipAddressHeaders` if needed.'
backend-1  | 9/20/2026, 12:10:30 AM [CONVEX H(POST /api/auth/sign-in/email)] [WARN] '2026-09-20T00:10:30.434Z WARN [Better Auth]: Rate limiting skipped: could not determine client IP address. Ensure your runtime forwards a trusted client IP header and configure `advanced.ipAddress.ipAddressHeaders` if needed.'
backend-1  | 9/20/2026, 12:10:30 AM [CONVEX H(GET /api/auth/convex/token)] [WARN] '2026-09-20T00:10:30.965Z WARN [Better Auth]: Rate limiting skipped: could not determine client IP address. Ensure your runtime forwards a trusted client IP header and configure `advanced.ipAddress.ipAddressHeaders` if needed.'
backend-1  | 9/20/2026, 12:10:31 AM [CONVEX H(GET /api/auth/convex/jwks)] [WARN] '2026-09-20T00:10:31.007Z WARN [Better Auth]: Rate limiting skipped: could not determine client IP address. Ensure your runtime forwards a trusted client IP header and configure `advanced.ipAddress.ipAddressHeaders` if needed.'
backend-1  | 9/20/2026, 12:10:31 AM [CONVEX H(POST /api/auth/sign-out)] [WARN] '2026-09-20T00:10:31.429Z WARN [Better Auth]: Rate limiting skipped: could not determine client IP address. Ensure your runtime forwards a trusted client IP header and configure `advanced.ipAddress.ipAddressHeaders` if needed.'
backend-1  | 9/20/2026, 12:10:33 AM [CONVEX H(GET /api/auth/convex/jwks)] [WARN] '2026-09-20T00:10:33.051Z WARN [Better Auth]: Rate limiting skipped: could not determine client IP address. Ensure your runtime forwards a trusted client IP header and configure `advanced.ipAddress.ipAddressHeaders` if needed.'
backend-1  | 9/20/2026, 12:10:36 AM [CONVEX H(POST /api/auth/sign-in/email)] [WARN] '2026-09-20T00:10:36.046Z WARN [Better Auth]: Rate limiting skipped: could not determine client IP address. Ensure your runtime forwards a trusted client IP header and configure `advanced.ipAddress.ipAddressHeaders` if needed.'
backend-1  | 9/20/2026, 12:10:36 AM [CONVEX H(GET /api/auth/convex/token)] [WARN] '2026-09-20T00:10:36.253Z WARN [Better Auth]: Rate limiting skipped: could not determine client IP address. Ensure your runtime forwards a trusted client IP header and configure `advanced.ipAddress.ipAddressHeaders` if needed.'
backend-1  | 9/20/2026, 12:10:36 AM [CONVEX H(GET /api/auth/convex/jwks)] [WARN] '2026-09-20T00:10:36.295Z WARN [Better Auth]: Rate limiting skipped: could not determine client IP address. Ensure your runtime forwards a trusted client IP header and configure `advanced.ipAddress.ipAddressHeaders` if needed.'
backend-1  | 9/20/2026, 12:10:36 AM [CONVEX H(POST /api/auth/sign-out)] [WARN] '2026-09-20T00:10:36.373Z WARN [Better Auth]: Rate limiting skipped: could not determine client IP address. Ensure your runtime forwards a trusted client IP header and configure `advanced.ipAddress.ipAddressHeaders` if needed.'
backend-1  | 9/20/2026, 12:10:37 AM [CONVEX H(GET /api/auth/convex/jwks)] [WARN] '2026-09-20T00:10:37.019Z WARN [Better Auth]: Rate limiting skipped: could not determine client IP address. Ensure your runtime forwards a trusted client IP header and configure `advanced.ipAddress.ipAddressHeaders` if needed.'
backend-1  | 9/20/2026, 12:10:37 AM [CONVEX H(GET /api/auth/convex/jwks)] [WARN] '2026-09-20T00:10:37.237Z WARN [Better Auth]: Rate limiting skipped: could not determine client IP address. Ensure your runtime forwards a trusted client IP header and configure `advanced.ipAddress.ipAddressHeaders` if needed.'
backend-1  | 9/20/2026, 12:10:39 AM [CONVEX H(POST /api/auth/sign-in/email)] [WARN] '2026-09-20T00:10:39.629Z WARN [Better Auth]: Rate limiting skipped: could not determine client IP address. Ensure your runtime forwards a trusted client IP header and configure `advanced.ipAddress.ipAddressHeaders` if needed.'
backend-1  | 9/20/2026, 12:10:39 AM [CONVEX H(GET /api/auth/convex/token)] [WARN] '2026-09-20T00:10:39.820Z WARN [Better Auth]: Rate limiting skipped: could not determine client IP address. Ensure your runtime forwards a trusted client IP header and configure `advanced.ipAddress.ipAddressHeaders` if needed.'
backend-1  | 9/20/2026, 12:10:39 AM [CONVEX H(GET /api/auth/convex/jwks)] [WARN] '2026-09-20T00:10:39.857Z WARN [Better Auth]: Rate limiting skipped: could not determine client IP address. Ensure your runtime forwards a trusted client IP header and configure `advanced.ipAddress.ipAddressHeaders` if needed.'
backend-1  | 9/20/2026, 12:10:39 AM [CONVEX H(POST /api/auth/sign-out)] [WARN] '2026-09-20T00:10:39.943Z WARN [Better Auth]: Rate limiting skipped: could not determine client IP address. Ensure your runtime forwards a trusted client IP header and configure `advanced.ipAddress.ipAddressHeaders` if needed.'
backend-1  | 9/20/2026, 12:10:40 AM [CONVEX H(GET /api/auth/convex/jwks)] [WARN] '2026-09-20T00:10:40.578Z WARN [Better Auth]: Rate limiting skipped: could not determine client IP address. Ensure your runtime forwards a trusted client IP header and configure `advanced.ipAddress.ipAddressHeaders` if needed.'
backend-1  | 9/20/2026, 12:10:43 AM [CONVEX H(GET /api/auth/convex/jwks)] [WARN] '2026-09-20T00:10:43.378Z WARN [Better Auth]: Rate limiting skipped: could not determine client IP address. Ensure your runtime forwards a trusted client IP header and configure `advanced.ipAddress.ipAddressHeaders` if needed.'
backend-1  | 9/20/2026, 12:10:50 AM [CONVEX H(POST /api/auth/sign-in/email)] [WARN] '2026-09-20T00:10:50.140Z WARN [Better Auth]: Rate limiting skipped: could not determine client IP address. Ensure your runtime forwards a trusted client IP header and configure `advanced.ipAddress.ipAddressHeaders` if needed.'
backend-1  | 9/20/2026, 12:10:50 AM [CONVEX H(GET /api/auth/convex/token)] [WARN] '2026-09-20T00:10:50.337Z WARN [Better Auth]: Rate limiting skipped: could not determine client IP address. Ensure your runtime forwards a trusted client IP header and configure `advanced.ipAddress.ipAddressHeaders` if needed.'
backend-1  | 9/20/2026, 12:10:50 AM [CONVEX H(GET /api/auth/convex/jwks)] [WARN] '2026-09-20T00:10:50.378Z WARN [Better Auth]: Rate limiting skipped: could not determine client IP address. Ensure your runtime forwards a trusted client IP header and configure `advanced.ipAddress.ipAddressHeaders` if needed.'
backend-1  | 9/20/2026, 12:10:50 AM [CONVEX H(POST /api/auth/sign-out)] [WARN] '2026-09-20T00:10:50.839Z WARN [Better Auth]: Rate limiting skipped: could not determine client IP address. Ensure your runtime forwards a trusted client IP header and configure `advanced.ipAddress.ipAddressHeaders` if needed.'
backend-1  | 9/20/2026, 12:10:52 AM [CONVEX H(GET /api/auth/convex/jwks)] [WARN] '2026-09-20T00:10:52.330Z WARN [Better Auth]: Rate limiting skipped: could not determine client IP address. Ensure your runtime forwards a trusted client IP header and configure `advanced.ipAddress.ipAddressHeaders` if needed.'
backend-1  | 9/20/2026, 12:10:56 AM [CONVEX H(POST /api/auth/sign-in/email)] [WARN] '2026-09-20T00:10:56.584Z WARN [Better Auth]: Rate limiting skipped: could not determine client IP address. Ensure your runtime forwards a trusted client IP header and configure `advanced.ipAddress.ipAddressHeaders` if needed.'
backend-1  | 9/20/2026, 12:10:56 AM [CONVEX H(GET /api/auth/convex/token)] [WARN] '2026-09-20T00:10:56.790Z WARN [Better Auth]: Rate limiting skipped: could not determine client IP address. Ensure your runtime forwards a trusted client IP header and configure `advanced.ipAddress.ipAddressHeaders` if needed.'
backend-1  | 9/20/2026, 12:10:56 AM [CONVEX H(GET /api/auth/convex/jwks)] [WARN] '2026-09-20T00:10:56.837Z WARN [Better Auth]: Rate limiting skipped: could not determine client IP address. Ensure your runtime forwards a trusted client IP header and configure `advanced.ipAddress.ipAddressHeaders` if needed.'
backend-1  | 9/20/2026, 12:10:56 AM [CONVEX H(POST /api/auth/sign-out)] [WARN] '2026-09-20T00:10:56.922Z WARN [Better Auth]: Rate limiting skipped: could not determine client IP address. Ensure your runtime forwards a trusted client IP header and configure `advanced.ipAddress.ipAddressHeaders` if needed.'
