$ pnpm lint && pnpm check:engine && pnpm check:app && pnpm check-links && pnpm check-vendor && pnpm content:check && pnpm supporting:check && pnpm foes:check && pnpm compiled:check && pnpm build
$ eslint . && prettier --check .
Checking formatting...
All matched files use Prettier code style!
$ tsc --noEmit && vitest run --project engine

 RUN  v4.1.11 /srv/presidium/projects/salient/code/.worktrees/supporting-actions


 Test Files  36 passed (36)
      Tests  345 passed (345)
   Start at  09:44:39
   Duration  11.20s (transform 998ms, setup 0ms, import 3.19s, tests 4.42s, environment 3ms)

$ tsc -p tsconfig.web.json && vitest run --project app --project scripts

 RUN  v4.1.11 /srv/presidium/projects/salient/code/.worktrees/supporting-actions


 Test Files  64 passed (64)
      Tests  519 passed (519)
   Start at  09:45:00
   Duration  176.18s (transform 2.14s, setup 0ms, import 16.74s, tests 153.44s, environment 5ms)

$ node scripts/check-links.ts
Checked 354 Markdown files: no broken relative links or anchors.
$ node scripts/check-vendor.ts
vendor/ matches the pinned submodule commits (2 submodules).
$ node scripts/build-content.ts --check
shared/content/compendium matches the clean pinned Compendium (567 entries, 10 excluded, revision fb83a789da8f).
$ node scripts/check-supporting-inventory.ts
V37 inventory verified: 18 careers/108 incidents, 13 culture aspects, 47 core perks, 57 skills+5 groups, 42 languages, 25 kits, 100 complications; 289 exact source records checked.
$ node scripts/ingest-foes.ts --check
Foes: 438 stat blocks, 2006 features; edition bf262edf546e91e1540cc17489915f18c4873ddd8bd8e225b20f3441e3f74f30; verified
$ node scripts/report-live-compiled-abilities.ts --check
V72 support report matches current source, grammar and grant/loading reachability.
$ pnpm rules:ingest && tsc -p tsconfig.web.json && vite build && node scripts/check-web-budget.ts
$ node scripts/ingest-rules.ts && node scripts/build-foes-assets.ts
Ingested 2614 entries, 26 categories from fb83a789da8f. No unresolved links.
Foe delivery: 2507 entries; version ab2c43b79669b916
vite v8.3.0 building client environment for production...
transforming...
✓ 2876 modules transformed.
rendering chunks...
computing gzip size...
dist/index.html                                                         1.92 kB │ gzip:   0.76 kB
dist/.vite/manifest.json                                               11.21 kB │ gzip:   1.58 kB
dist/assets/search.worker-Bi7Y7SQU.js                                  18.32 kB
dist/assets/search.worker-k8EMhjsh.js                                  19.13 kB
dist/assets/schibsted-grotesk-latin-ext-wght-normal-hsMS0n0O.woff2     20.92 kB
dist/assets/DrawSteelGlyphs-Regular-Bxmll151.otf                       21.63 kB
dist/assets/schibsted-grotesk-latin-wght-normal-Bb8VGrTG.woff2         46.75 kB
dist/assets/reference-C1jW4vvI.css                                      0.75 kB │ gzip:   0.39 kB
dist/assets/foes-BGgFncNM.css                                           3.96 kB │ gzip:   1.16 kB
dist/assets/rules-6fkgoGTZ.css                                         12.26 kB │ gzip:   2.86 kB
dist/assets/index-CdpehB-8.css                                         91.20 kB │ gzip:  16.55 kB
dist/assets/arrow-left-2SZjxN2W.js                                      0.19 kB │ gzip:   0.17 kB
dist/assets/external-link-BnffAPVo.js                                   0.27 kB │ gzip:   0.21 kB
dist/assets/useNavigate-BhLc6pKf.js                                     0.31 kB │ gzip:   0.23 kB
dist/assets/pill-D-biTKKB.js                                            0.50 kB │ gzip:   0.33 kB
dist/assets/preview-CSSym_TQ.js                                         0.96 kB │ gzip:   0.57 kB
dist/assets/worker-client-BLect5SJ.js                                   1.22 kB │ gzip:   0.74 kB
dist/assets/content-CoqgTreo.js                                         1.55 kB │ gzip:   0.75 kB
dist/assets/event-links-DWp2M7jw.js                                     2.02 kB │ gzip:   1.00 kB
dist/assets/composite-D3Fn7Vkj.js                                       2.94 kB │ gzip:   1.14 kB
dist/assets/article-BGBEgde1.js                                         3.08 kB │ gzip:   1.47 kB
dist/assets/x-D0KqTHUP.js                                               3.23 kB │ gzip:   1.57 kB
dist/assets/useStore-CuFll-SH.js                                        3.26 kB │ gzip:   1.51 kB
dist/assets/preview-C4I9cDao.js                                         3.71 kB │ gzip:   1.59 kB
dist/assets/password-recovery-CidkzXIP.js                               3.76 kB │ gzip:   1.48 kB
dist/assets/link-B0hcCdqV.js                                            4.35 kB │ gzip:   2.00 kB
dist/assets/characters-OLBA-1Wx.js                                      7.97 kB │ gzip:   2.62 kB
dist/assets/with-selector-D-Vjxtnh.js                                  10.92 kB │ gzip:   4.10 kB
dist/assets/foes-ATELS58U.js                                           12.34 kB │ gzip:   4.42 kB
dist/assets/rules-Cdcizi3K.js                                          13.49 kB │ gzip:   4.40 kB
dist/assets/progression-BriQH2fL.js                                    14.66 kB │ gzip:   5.20 kB
dist/assets/overlay-card-BJToUpQ4.js                                   18.12 kB │ gzip:   6.88 kB
dist/assets/campaigns-0-HyqSMj.js                                      28.63 kB │ gzip:   7.90 kB
dist/assets/auth-client--4M-rdhO.js                                    30.32 kB │ gzip:  11.45 kB
dist/assets/reference-CKXb0TmP.js                                      32.32 kB │ gzip:  11.03 kB
dist/assets/createBaseUIEventDetails-ELM1N8LF.js                       34.84 kB │ gzip:  14.32 kB
dist/assets/character-sheet-Bo-PCsMh.js                                50.64 kB │ gzip:  13.18 kB
dist/assets/table-BvaSAqxM.js                                          81.72 kB │ gzip:  21.75 kB
dist/assets/ui-W_vUS40d.js                                             82.91 kB │ gzip:  24.33 kB
dist/assets/wizard-l-mNskTF.js                                        131.28 kB │ gzip:  32.41 kB
dist/assets/index-DLBEbgEY.js                                         321.44 kB │ gzip: 103.75 kB
dist/assets/supporting-components-CiiDGQgQ.js                       1,077.24 kB │ gzip: 228.07 kB

[plugin builtin:vite-reporter] 
(!) Some chunks are larger than 500 kB after minification. Consider:
- Using dynamic import() to code-split the application
- Use build.rolldownOptions.output.codeSplitting to improve chunking: https://rolldown.rs/reference/OutputOptions.codeSplitting
- Adjust chunk size limit for this warning via build.chunkSizeWarningLimit.
✓ built in 4.74s
{
  "initial": {
    "raw": 490210,
    "gzip": 160922
  },
  "assets": [
    "assets/index-DLBEbgEY.js",
    "assets/with-selector-D-Vjxtnh.js",
    "assets/ui-W_vUS40d.js",
    "assets/createBaseUIEventDetails-ELM1N8LF.js",
    "assets/x-D0KqTHUP.js",
    "assets/useStore-CuFll-SH.js",
    "assets/useNavigate-BhLc6pKf.js",
    "assets/auth-client--4M-rdhO.js",
    "assets/composite-D3Fn7Vkj.js"
  ],
  "rules": {
    "catalog": {
      "raw": 982599,
      "gzip": 112848
    },
    "index": {
      "raw": 5463389,
      "gzip": 1411557
    },
    "largestContinuation": 135780,
    "largestInitialArticle": 415705
  },
  "foes": {
    "catalog": {
      "raw": 877715,
      "gzip": 101309
    },
    "index": {
      "raw": 1484171,
      "gzip": 373816
    },
    "largestDetail": 55297
  }
}
