 Container salient-characters-dev-2389e144b9dd-job-a5f9d845 Creating
 Container salient-characters-dev-2389e144b9dd-job-a5f9d845 Created

Running 52 tests using 1 worker

[1/52] tests/browser/campaign-sharing.spec.ts:20:1 › visible share codes support joining and rotate with links without losing requests or members
[2/52] tests/browser/closeout.spec.ts:21:1 › closeout awards once, is shared with observers, and paused session closure offers Void
  1) tests/browser/closeout.spec.ts:21:1 › closeout awards once, is shared with observers, and paused session closure offers Void

    Error: expect(locator).toBeVisible() failed

    Locator: getByRole('heading', { name: 'Combat closeout', exact: true })
    Expected: visible
    Timeout: 15000ms
    Error: element(s) not found

    Call log:
      - Expect "toBeVisible" getByRole('heading', { name: 'Combat closeout', exact: true }) with timeout 15000ms
      - waiting for getByRole('heading', { name: 'Combat closeout', exact: true })


      102 |       await expect(
      103 |         page.getByRole('heading', { name: 'Combat closeout', exact: true }),
    > 104 |       ).toBeVisible();
          |         ^
      105 |       await expect(page.getByRole('button', { name: 'Take turn', exact: true })).toHaveCount(0);
      106 |     }
      107 |     await expect(observer.getByRole('button', { name: 'Confirm Victory award' })).toHaveCount(0);
        at /app/tests/browser/closeout.spec.ts:104:9

    attachment #1: screenshot (image/png) ──────────────────────────────────────────────────────────
    ../artifacts/v45-browser/closeout-closeout-awards-o-d20ac-session-closure-offers-Void/test-failed-1.png
    ────────────────────────────────────────────────────────────────────────────────────────────────

    attachment #2: screenshot (image/png) ──────────────────────────────────────────────────────────
    ../artifacts/v45-browser/closeout-closeout-awards-o-d20ac-session-closure-offers-Void/test-failed-2.png
    ────────────────────────────────────────────────────────────────────────────────────────────────

    attachment #3: screenshot (image/png) ──────────────────────────────────────────────────────────
    ../artifacts/v45-browser/closeout-closeout-awards-o-d20ac-session-closure-offers-Void/test-failed-3.png
    ────────────────────────────────────────────────────────────────────────────────────────────────

    Error Context: ../artifacts/v45-browser/closeout-closeout-awards-o-d20ac-session-closure-offers-Void/error-context.md

    attachment #5: trace (application/zip) ─────────────────────────────────────────────────────────
    ../artifacts/v45-browser/closeout-closeout-awards-o-d20ac-session-closure-offers-Void/trace.zip
    Usage:

        pnpm exec playwright show-trace ../artifacts/v45-browser/closeout-closeout-awards-o-d20ac-session-closure-offers-Void/trace.zip

    ────────────────────────────────────────────────────────────────────────────────────────────────


[3/52] tests/browser/combat.spec.ts:31:1 › Director starts combat; a player takes and ends a turn; the round advances
[4/52] tests/browser/foes-library.spec.ts:4:1 › foe browsing, composed filters, URL persistence, sorting and empty recovery
[5/52] tests/browser/foes-library.spec.ts:48:1 › light and dark, mobile, enlarged text and keyboard search
[6/52] tests/browser/foes-library.spec.ts:96:1 › full catalog bands, pagination, sourcebooks, Malice and related rules
[7/52] tests/browser/foes.spec.ts:3:1 › public foes search, independent cards, navigation, dismissal and themes
[8/52] tests/browser/foes.spec.ts:71:1 › second-echelon references preserve independent features and correct Malice navigation
[9/52] tests/browser/hosting.spec.ts:3:1 › direct SPA routes and reloads load their assets without browser errors
[10/52] tests/browser/journey.spec.ts:16:1 › accounts, invitation approval, session lifecycle, private draft persistence and reconnect
[11/52] tests/browser/reference-cache.spec.ts:3:1 › Workers serves immutable versioned content and revalidates current manifests
[12/52] tests/browser/reference-performance.spec.ts:4:1 › public navigation keeps its document and fetches only requested reference content
[13/52] tests/browser/reference-performance.spec.ts:64:1 › failed detail downloads retry without losing the list or navigation
[14/52] tests/browser/reference-performance.spec.ts:79:1 › catalog failure preserves shared navigation and supports retry
[15/52] tests/browser/reference-performance.spec.ts:96:1 › article failure is local and section links stay below the shared headers
[16/52] tests/browser/reference-performance.spec.ts:116:1 › a cleared search cannot resurrect delayed results
[17/52] tests/browser/reference-performance.spec.ts:145:1 › a failed search index retries
[18/52] tests/browser/reference-performance.spec.ts:159:1 › large chapter opening stays usable while later sections are delayed and retryable
[19/52] tests/browser/rule-popup.spec.ts:5:1 › rule cards preserve the wizard, navigate references, scroll and dismiss accessibly
[20/52] tests/browser/rules.spec.ts:4:1 › public rules search, readable articles, original sources and browser history
[21/52] tests/browser/rules.spec.ts:34:1 › chapter contents, cross-references, topic filters and mobile navigation
[22/52] tests/browser/table-audit.spec.ts:40:1 › three table contexts, palette, console and live CLI share persisted operations
  2) tests/browser/table-audit.spec.ts:40:1 › three table contexts, palette, console and live CLI share persisted operations

    Error: expect(locator).toBeVisible() failed

    Locator: getByRole('heading', { name: 'Campaigns', exact: true })
    Expected: visible
    Timeout: 15000ms
    Error: element(s) not found

    Call log:
      - Expect "toBeVisible" getByRole('heading', { name: 'Campaigns', exact: true }) with timeout 15000ms
      - waiting for getByRole('heading', { name: 'Campaigns', exact: true })


      35 |   await page.getByLabel('Password', { exact: true }).fill(password);
      36 |   await page.getByRole('button', { name: 'Create account', exact: true }).click();
    > 37 |   await expect(page.getByRole('heading', { name: 'Campaigns', exact: true })).toBeVisible();
         |                                                                               ^
      38 | }
      39 |
      40 | test('three table contexts, palette, console and live CLI share persisted operations', async ({
        at register (/app/tests/browser/table-audit.spec.ts:37:79)
        at /app/tests/browser/table-audit.spec.ts:64:7

    attachment #1: screenshot (image/png) ──────────────────────────────────────────────────────────
    ../artifacts/v45-browser/table-audit-three-table-co-9d727--share-persisted-operations/test-failed-1.png
    ────────────────────────────────────────────────────────────────────────────────────────────────

    attachment #2: screenshot (image/png) ──────────────────────────────────────────────────────────
    ../artifacts/v45-browser/table-audit-three-table-co-9d727--share-persisted-operations/test-failed-2.png
    ────────────────────────────────────────────────────────────────────────────────────────────────

    attachment #3: screenshot (image/png) ──────────────────────────────────────────────────────────
    ../artifacts/v45-browser/table-audit-three-table-co-9d727--share-persisted-operations/test-failed-3.png
    ────────────────────────────────────────────────────────────────────────────────────────────────

    Error Context: ../artifacts/v45-browser/table-audit-three-table-co-9d727--share-persisted-operations/error-context.md

    attachment #5: trace (application/zip) ─────────────────────────────────────────────────────────
    ../artifacts/v45-browser/table-audit-three-table-co-9d727--share-persisted-operations/trace.zip
    Usage:

        pnpm exec playwright show-trace ../artifacts/v45-browser/table-audit-three-table-co-9d727--share-persisted-operations/trace.zip

    ────────────────────────────────────────────────────────────────────────────────────────────────


[23/52] tests/browser/table-performance.spec.ts:6:1 › table opens without per-card detail reads, then drills in and preserves undo/redo
[24/52] tests/browser/theme.spec.ts:27:1 › light, dark and system preference switch without reload and persist across reload
[25/52] tests/browser/theme.spec.ts:68:1 › prefers-reduced-motion disables transitions
[26/52] tests/browser/theme.spec.ts:83:1 › reference screenshots: login, campaign home and character list in light and dark
[27/52] tests/browser/v21-campaign.spec.ts:23:1 › campaign home: header actions, player tiles, copy, join requests, foe chips, log filter
  3) tests/browser/v21-campaign.spec.ts:23:1 › campaign home: header actions, player tiles, copy, join requests, foe chips, log filter

    Error: expect(locator).toBeVisible() failed

    Locator: getByRole('heading', { name: 'Campaigns', exact: true })
    Expected: visible
    Timeout: 15000ms
    Error: element(s) not found

    Call log:
      - Expect "toBeVisible" getByRole('heading', { name: 'Campaigns', exact: true }) with timeout 15000ms
      - waiting for getByRole('heading', { name: 'Campaigns', exact: true })


       at v21-fixtures.ts:28

      26 |   await page.getByLabel('Password', { exact: true }).fill(PASSWORD);
      27 |   await page.getByRole('button', { name: 'Create account', exact: true }).click();
    > 28 |   await expect(page.getByRole('heading', { name: 'Campaigns', exact: true })).toBeVisible();
         |                                                                               ^
      29 | }
      30 |
      31 | export interface TableFixture {
        at register (/app/tests/browser/v21-fixtures.ts:28:79)
        at /app/tests/browser/v21-campaign.spec.ts:85:5

    attachment #1: screenshot (image/png) ──────────────────────────────────────────────────────────
    ../artifacts/v45-browser/v21-campaign-campaign-home-df85d-quests-foe-chips-log-filter/test-failed-1.png
    ────────────────────────────────────────────────────────────────────────────────────────────────

    attachment #2: screenshot (image/png) ──────────────────────────────────────────────────────────
    ../artifacts/v45-browser/v21-campaign-campaign-home-df85d-quests-foe-chips-log-filter/test-failed-2.png
    ────────────────────────────────────────────────────────────────────────────────────────────────

    attachment #3: screenshot (image/png) ──────────────────────────────────────────────────────────
    ../artifacts/v45-browser/v21-campaign-campaign-home-df85d-quests-foe-chips-log-filter/test-failed-3.png
    ────────────────────────────────────────────────────────────────────────────────────────────────

    Error Context: ../artifacts/v45-browser/v21-campaign-campaign-home-df85d-quests-foe-chips-log-filter/error-context.md

    attachment #5: trace (application/zip) ─────────────────────────────────────────────────────────
    ../artifacts/v45-browser/v21-campaign-campaign-home-df85d-quests-foe-chips-log-filter/trace.zip
    Usage:

        pnpm exec playwright show-trace ../artifacts/v45-browser/v21-campaign-campaign-home-df85d-quests-foe-chips-log-filter/trace.zip

    ────────────────────────────────────────────────────────────────────────────────────────────────


[28/52] tests/browser/v21-log.spec.ts:26:1 › log feed: dice chips, markers, ROLLS filter, history icon pair, command line
[29/52] tests/browser/v21-log.spec.ts:193:1 › initiative bar: a segment per turn entry, the current one marked, Groups for the Director
[30/52] tests/browser/v21-rosters.spec.ts:18:1 › director rosters: compact cards, drill-in, settings pop-up, audience boundary
[31/52] tests/browser/v21-sheet.spec.ts:52:1 › standalone sheet: band, columns, Roll test, Catch Breath, Director edit, peer, compact
[32/52] tests/browser/v21-shell.spec.ts:77:3 › session shell in FreePlay: no site nav, no page scroll, independent panes, pinned command line
[33/52] tests/browser/v21-shell.spec.ts:77:3 › session shell in combat: no site nav, no page scroll, independent panes, pinned command line
[34/52] tests/browser/v21-wizard.spec.ts:17:1 › wizard frame: header, rail, choice rows, persistence, independent scrolling
[35/52] tests/browser/v25-elementalist.spec.ts:8:1 › corrected Forge Bethell: complete wizard, reload, review and sourced sheet
[36/52] tests/browser/v32-progression.spec.ts:29:1 › Fury advancement preserves live state; source-complete sheet and reviewed history restoration
[37/52] tests/browser/v33-design.spec.ts:9:1 › Core stat blocks, automatic glyph accessibility and plain-text fallback
[38/52] tests/browser/v33-design.spec.ts:147:1 › a missing font leaves readable text rather than ASCII font codes
[39/52] tests/browser/v34-core-content.spec.ts:6:1 › live Rules and Foes share Core typography, automatic semantics and accessible navigation
[40/52] tests/browser/v34-core-content.spec.ts:80:1 › live content retains readable text when the glyph font cannot load
[41/52] tests/browser/v34-core-content.spec.ts:90:1 › hero and Director sheets use full Core content while live stats and audience stay separate
[42/52] tests/browser/v35-full-foes.spec.ts:9:1 › all core definitions render their complete feature lists through the public consumer
[43/52] tests/browser/v37-supporting-choices.spec.ts:11:1 › supporting choices show complete sources, prune dependent targets and persist reviewed mechanics
[44/52] tests/browser/v37-supporting-choices.spec.ts:175:1 › Strange Inheritance lets the Director save a private sourced item without exposing it to the owner
[45/52] tests/browser/v38-library-navigation.spec.ts:5:1 › primary navigation exposes independent Rules and Foes libraries
[46/52] tests/browser/v40-unsaved-wizard.spec.ts:8:1 › unsaved wizard creates nothing until first explicit save, then edits the same character
[47/52] tests/browser/v42-primary-choice.spec.ts:8:1 › primary choices collapse, edit without loss, prune on replacement and reopen saved
[48/52] tests/browser/wizard.spec.ts:23:1 › wizard, admission review and the three sheet audiences
  4) tests/browser/wizard.spec.ts:23:1 › wizard, admission review and the three sheet audiences ────

    Error: expect(received).toBeGreaterThan(expected)

    Expected: > 0
    Received:   0

    Call Log:
    - Timeout 15000ms exceeded while waiting on the predicate

       at acceptance-extension.ts:195

      193 |           expect(logRows).toBeLessThanOrEqual(50);
      194 |           if (cycle >= 40) expect(logRows).toBe(50);
    > 195 |         }).toPass({ timeout: 15_000 });
          |            ^
      196 |         roles.push({
      197 |           role: ['director', 'player', 'observer'][index],
      198 |           heapBytes: metrics.JSHeapUsedSize,
        at tableJourney (/app/tests/browser/acceptance-extension.ts:195:12)
        at /app/tests/browser/wizard.spec.ts:206:5

    attachment #1: screenshot (image/png) ──────────────────────────────────────────────────────────
    ../artifacts/v45-browser/wizard-wizard-admission-review-and-the-three-sheet-audiences/test-failed-1.png
    ────────────────────────────────────────────────────────────────────────────────────────────────

    attachment #2: screenshot (image/png) ──────────────────────────────────────────────────────────
    ../artifacts/v45-browser/wizard-wizard-admission-review-and-the-three-sheet-audiences/test-failed-2.png
    ────────────────────────────────────────────────────────────────────────────────────────────────

    attachment #3: screenshot (image/png) ──────────────────────────────────────────────────────────
    ../artifacts/v45-browser/wizard-wizard-admission-review-and-the-three-sheet-audiences/test-failed-3.png
    ────────────────────────────────────────────────────────────────────────────────────────────────

    Error Context: ../artifacts/v45-browser/wizard-wizard-admission-review-and-the-three-sheet-audiences/error-context.md

    attachment #5: trace (application/zip) ─────────────────────────────────────────────────────────
    ../artifacts/v45-browser/wizard-wizard-admission-review-and-the-three-sheet-audiences/trace.zip
    Usage:

        pnpm exec playwright show-trace ../artifacts/v45-browser/wizard-wizard-admission-review-and-the-three-sheet-audiences/trace.zip

    ────────────────────────────────────────────────────────────────────────────────────────────────


[49/52] tests/browser/password-recovery.spec.ts:18:1 › forgot-password response and missing/invalid reset links are clear
[50/52] tests/browser/password-recovery.spec.ts:54:1 › real reset preserves account access, clears old session, and rejects token reuse
[51/52] tests/browser/reference-streaming.spec.ts:7:3 › late chapter anchors stay visible as preceding content streams in
[52/52] tests/browser/reference-streaming.spec.ts:7:3 › late chapter anchors respect reader scrolling as preceding content streams in
  4 failed
    tests/browser/closeout.spec.ts:21:1 › closeout awards once, is shared with observers, and paused session closure offers Void
    tests/browser/table-audit.spec.ts:40:1 › three table contexts, palette, console and live CLI share persisted operations
    tests/browser/v21-campaign.spec.ts:23:1 › campaign home: header actions, player tiles, copy, join requests, foe chips, log filter
    tests/browser/wizard.spec.ts:23:1 › wizard, admission review and the three sheet audiences ─────
  3 skipped
  45 passed (17.3m)
