 Container salient-characters-dev-2389e144b9dd-job-81bbece2 Creating
 Container salient-characters-dev-2389e144b9dd-job-81bbece2 Created
$ pnpm lint && pnpm check:engine && pnpm check:app && pnpm check-links && pnpm check-vendor && pnpm content:check && pnpm supporting:check && pnpm foes:check && pnpm build
$ eslint . && prettier --check .
Checking formatting...
All matched files use Prettier code style!
$ tsc --noEmit && vitest run --project engine

 RUN  v4.1.11 /app

 ✓  engine  tests/supporting-coverage.test.ts (101 tests) 405ms
 ✓  engine  tests/fury-decisions.test.ts (5 tests) 373ms
   ✓ R01 checks 2-3: every option value, grant and quoted count/budget sentence is verbatim in its cited source  358ms
 ✓  engine  tests/character-v25-evaluator.test.ts (8 tests) 306ms
 ✓  engine  tests/character-v45-reference.test.ts (7 tests) 294ms
 ✓  engine  tests/cli.test.ts (1 test) 212ms
 ✓  engine  tests/supporting-complications.test.ts (21 tests) 201ms
 ✓  engine  tests/supporting-backgrounds.test.ts (46 tests) 145ms
 ✓  engine  tests/character-v32-evaluator.test.ts (9 tests) 139ms
 ✓  engine  tests/acceptance.test.ts (3 tests) 98ms
 ✓  engine  tests/parser.test.ts (8 tests) 79ms
 ✓  engine  tests/live-state-initialization.test.ts (4 tests) 78ms
 ✓  engine  tests/character-v45-foundation.test.ts (3 tests) 57ms
 ✓  engine  tests/history.test.ts (3 tests) 46ms
 ✓  engine  tests/character-derived-values.test.ts (4 tests) 52ms
 ✓  engine  tests/character-evaluator.test.ts (8 tests) 45ms
 ✓  engine  tests/core-conditions.test.ts (11 tests) 28ms
 ✓  engine  tests/engine.test.ts (13 tests) 15ms
 ✓  engine  tests/character-creation-rulings.test.ts (6 tests) 18ms
 ✓  engine  tests/resolve.test.ts (19 tests) 13ms
 ✓  engine  tests/v25-build-roll-contributions.test.ts (4 tests) 4ms

 Test Files  20 passed (20)
      Tests  284 passed (284)
   Start at  14:07:39
   Duration  5.54s (transform 419ms, setup 0ms, import 1.13s, tests 2.61s, environment 1ms)

$ tsc -p tsconfig.web.json && vitest run --project app --project scripts

 RUN  v4.1.11 /app

 ✓  app  tests/app/abilities.test.ts (17 tests) 2888ms
     ✓ acceptance 1 and 2: 10.1 free strike through /ability use; retry returns the same result with no second roll or damage  1293ms
 ✓  app  tests/app/combat.test.ts (19 tests) 1573ms
     ✓ acceptance 1: the setup card is a Director draft that follows the rosters; Cancel leaves no encounter, snapshot or lock  576ms
 ✓  app  tests/app/history.test.ts (14 tests) 1539ms
 ✓  app  tests/app/character-progression.test.ts (13 tests) 1097ms
   ✓ Fury level-up persists, retries once and preserves every compatible live value  514ms
 ✓  app  tests/app/admission.test.ts (11 tests) 1060ms
     ✓ acceptance 3: a player submission is not effective until approval; withdrawal and decline leave it unchanged  583ms
 ✓  app  tests/app/closeout.test.ts (7 tests) 990ms
     ✓ ends structure without synthetic boundaries/dice; closes cards, supports rewind/redo, rejects turns and attacks  576ms
 ✓  app  tests/app/table-performance.test.ts (5 tests) 685ms
 ✓  app  tests/app/closeout-session.test.ts (6 tests) 1021ms
     ✓ missing Void choice, unauthorized closure and pause with a Void choice leave state and history untouched  598ms
stderr | tests/app/account-email.test.ts > Better Auth recovery with Cloudflare mail > real routes queue canonical mail, reset persisted credentials, revoke sessions and refuse reuse
2026-09-19T14:08:09.103Z ERROR [Better Auth]: Reset Password: User not found { email: 'missing@example.test' }

stderr | tests/app/account-email.test.ts > Better Auth recovery with Cloudflare mail > real routes queue canonical mail, reset persisted credentials, revoke sessions and refuse reuse
2026-09-19T14:08:09.265Z ERROR [Better Auth]: Invalid password

stderr | tests/app/account-email.test.ts > Better Auth recovery with Cloudflare mail > expired tokens and untrusted redirects are refused
2026-09-19T14:08:09.429Z ERROR [Better Auth]: Invalid redirectURL: https://attacker.example/reset

stderr | tests/app/account-email.test.ts > Better Auth recovery with Cloudflare mail > database request limits reject a fourth request across separate auth instances
2026-09-19T14:08:09.435Z ERROR [Better Auth]: Reset Password: User not found { email: 'missing@example.test' }

stderr | tests/app/account-email.test.ts > Better Auth recovery with Cloudflare mail > database request limits reject a fourth request across separate auth instances
2026-09-19T14:08:09.439Z ERROR [Better Auth]: Reset Password: User not found { email: 'missing@example.test' }

stderr | tests/app/account-email.test.ts > Better Auth recovery with Cloudflare mail > database request limits reject a fourth request across separate auth instances
2026-09-19T14:08:09.444Z ERROR [Better Auth]: Reset Password: User not found { email: 'missing@example.test' }

stderr | tests/app/account-email.test.ts > Better Auth recovery with Cloudflare mail > unconfigured deployments expose no recovery capability and do not queue mail
2026-09-19T14:08:09.450Z ERROR [Better Auth]: Reset password isn't enabled.Please pass an emailAndPassword.sendResetPassword function in your auth config!

 ✓  app  tests/app/account-email.test.ts (9 tests) 864ms
     ✓ real routes queue canonical mail, reset persisted credentials, revoke sessions and refuse reuse  748ms
 ✓  app  tests/app/v001-walkthrough.test.ts (1 test) 980ms
   ✓ A09: admitted hero → real combat → correction/history → closeout → next session → paused Void keep/reset  979ms
 ✓  app  tests/app/history-audit.test.ts (5 tests) 850ms
     ✓ admission is separate; targeting preparation does not consume undo and is cleared by it  554ms
 ✓  app  tests/app/characterSecrets.test.ts (5 tests) 835ms
   ✓ only the campaign Director can read/write the inheritance; public revisions, sheets and events disclose no item  527ms
 ✓  app  tests/app/characterDirectorSetup.test.ts (7 tests) 828ms
   ✓ player submits owner-complete inputs, but admission waits atomically for the private Director choice  488ms
 ✓  app  tests/app/audience.test.ts (8 tests) 803ms
     ✓ difficulty projection preserves public skill text containing result-like punctuation: Lore; hard: winter  513ms
 ✓  app  tests/app/table.test.ts (6 tests) 760ms
     ✓ acceptance 1 and 2: authority matrix across Director, player and observer  511ms
 ✓  app  tests/app/characters.test.ts (11 tests) 687ms
     ✓ create/reopen persists authored fields and isolates private drafts across users  446ms
 ✓  app  tests/app/registry.test.ts (7 tests) 687ms
     ✓ acceptance 1: the same /table roll from two submitters yields events of identical shape with server dice  486ms
 ✓  app  tests/app/a05-review-regressions.test.ts (3 tests) 719ms
   ✓ committed combat checks Ferocity affordability during roll  571ms
 ✓  app  tests/app/character-review-queue.test.ts (2 tests) 701ms
   ✓ an owner sees a new pending submission after 205 withdrawn reviews from same owner  634ms
 ✓  app  tests/app/independent-review.test.ts (4 tests) 520ms
   ✓ independent: persisted session deletion revokes already issued identity across all private surfaces  443ms
 ✓  app  tests/app/foe-operations.test.ts (2 tests) 627ms
   ✓ foe buttons/API/commands share retries, source snapshots and journaled creation/removal  564ms
 ✓  app  tests/app/foes.test.ts (5 tests) 611ms
     ✓ Director loads independent sourced foes; peers see every foe through the selected health projection  464ms
 ✓  app  tests/app/journal.test.ts (5 tests) 477ms
 ✓  app  tests/app/setup-local.test.ts (6 tests) 568ms
 ✓  app  tests/app/interactions.test.ts (3 tests) 605ms
     ✓ acceptance 5: opened by a short command, labeled in the log, answered headlessly, resolved  523ms
 ✓  app  tests/app/content.test.ts (3 tests) 529ms
     ✓ reseed loads every manifest entry; queries return the Goblin Warrior source verbatim  441ms
 ✓  app  tests/app/character-rulings.test.ts (2 tests) 562ms
   ✓ Q-CHAR-10 shared evaluation, persisted draft and admission allow two of three ancestry points  514ms
 ✓  app  tests/app/elementalist-character.test.ts (4 tests) 415ms
 ✓  app  tests/app/closeout-audit.test.ts (1 test) 542ms
   ✓ normal cleanup clears a retained foe temporary pool once, with a private persisted journal  541ms
 ✓  app  tests/app/characterChoiceOrigins.test.ts (2 tests) 553ms
   ✓ immutable revisions retain the future choice through advancement, edits and restore  543ms
 ✓  app  tests/app/access-sessions.test.ts (8 tests) 566ms
 ✓  app  tests/app/history-interaction-regressions.test.ts (8 tests) 356ms
 ✓  app  tests/app/dice.test.ts (6 tests) 333ms
     ✓ same commandId returns the identical accepted roll; a new id draws new values  306ms
 ✓  app  tests/app/parse.test.ts (97 tests) 15ms
 ✓  app  tests/app/engine-adapter.test.ts (1 test) 6ms
 ✓  app  tests/app/command-identities.test.ts (2 tests) 3ms
 ✓  scripts  tests/scripts/rules.test.ts (9 tests) 73587ms
   ✓ prebuilt index ranks every unique exact title first, supports prefixes, typos and filters  4263ms
   ✓ regenerates identical articles, metadata and search from the same pin  34399ms
 ✓  scripts  tests/scripts/foes.test.ts (25 tests) 26259ms
     ✓ regenerates twice byte-for-byte and retains exact pinned input  25571ms
 ✓  scripts  tests/scripts/core-presentation.test.ts (7 tests) 14853ms
     ✓ projects all immutable Foe edition objects without editing their source HTML  1454ms
   ✓ covers every Core glyph family through the production projection and React semantics  13258ms
 ✓  scripts  tests/scripts/build-content.test.ts (22 tests) 1888ms
     ✓ regenerates byte-for-byte from the clean pinned Compendium (pnpm content:check)  302ms
     ✓ detects a hand edit to a generated file  303ms
     ✓ detects a hand-edited generation date 9999-99-99 independently  590ms
     ✓ detects a hand-edited generation date 2020-01-01 independently  554ms
 ✓  scripts  tests/scripts/check-commit.test.ts (14 tests) 279ms
 ✓  scripts  tests/scripts/reference-delivery.test.ts (1 test) 1431ms
   ✓ foe delivery covers every object and preserves search after serialization  1429ms
 ✓  scripts  tests/scripts/app-output.test.ts (1 test) 205ms
 ✓  scripts  tests/scripts/foes-library.test.ts (4 tests) 47ms
 ✓  scripts  tests/scripts/glyphs.test.ts (4 tests) 41ms
 ✓  scripts  tests/scripts/pinned-source.test.ts (1 test) 46ms
 ✓  scripts  tests/scripts/check-links.test.ts (4 tests) 8ms

 Test Files  47 passed (47)
      Tests  407 passed (407)
   Start at  14:07:55
   Duration  154.83s (transform 1.45s, setup 0ms, import 4.98s, tests 145.50s, environment 4ms)

$ node scripts/check-links.ts
Checked 259 Markdown files: no broken relative links or anchors.
$ node scripts/check-vendor.ts
vendor/ matches the pinned submodule commits (2 submodules).
$ node scripts/build-content.ts --check
shared/content/compendium matches the clean pinned Compendium (483 entries, 10 excluded, revision fb83a789da8f).
$ node scripts/check-supporting-inventory.ts
V37 inventory verified: 18 careers/108 incidents, 13 culture aspects, 47 core perks, 57 skills+5 groups, 42 languages, 25 kits, 100 complications; 289 exact source records checked.
$ node scripts/ingest-foes.ts --check
Foes: 438 stat blocks, 2006 features; edition bf262edf546e91e1540cc17489915f18c4873ddd8bd8e225b20f3441e3f74f30; verified
$ pnpm rules:ingest && tsc -p tsconfig.web.json && vite build && node scripts/check-web-budget.ts
$ node scripts/ingest-rules.ts && node scripts/build-foes-assets.ts
Ingested 2614 entries, 26 categories from fb83a789da8f. No unresolved links.
Foe delivery: 2507 entries; version ab2c43b79669b916
vite v8.3.0 building client environment for production...
transforming...
✓ 2861 modules transformed.
rendering chunks...
computing gzip size...
dist/index.html                                                         1.92 kB │ gzip:   0.76 kB
dist/.vite/manifest.json                                               10.59 kB │ gzip:   1.51 kB
dist/assets/search.worker-Bi7Y7SQU.js                                  18.32 kB
dist/assets/search.worker-k8EMhjsh.js                                  19.13 kB
dist/assets/schibsted-grotesk-latin-ext-wght-normal-hsMS0n0O.woff2     20.92 kB
dist/assets/DrawSteelGlyphs-Regular-Bxmll151.otf                       21.63 kB
dist/assets/schibsted-grotesk-latin-wght-normal-Bb8VGrTG.woff2         46.75 kB
dist/assets/reference-C1jW4vvI.css                                      0.75 kB │ gzip:   0.39 kB
dist/assets/foes-BGgFncNM.css                                           3.96 kB │ gzip:   1.16 kB
dist/assets/rules-6fkgoGTZ.css                                         12.26 kB │ gzip:   2.86 kB
dist/assets/index-DhQgL1Qs.css                                         90.12 kB │ gzip:  16.37 kB
dist/assets/arrow-left-2SZjxN2W.js                                      0.19 kB │ gzip:   0.17 kB
dist/assets/external-link-BnffAPVo.js                                   0.27 kB │ gzip:   0.21 kB
dist/assets/useNavigate-BhLc6pKf.js                                     0.31 kB │ gzip:   0.23 kB
dist/assets/pill-D-biTKKB.js                                            0.50 kB │ gzip:   0.33 kB
dist/assets/preview-Cpl60icn.js                                         0.96 kB │ gzip:   0.57 kB
dist/assets/worker-client-BLect5SJ.js                                   1.22 kB │ gzip:   0.74 kB
dist/assets/composite-D3Fn7Vkj.js                                       2.94 kB │ gzip:   1.14 kB
dist/assets/x-D0KqTHUP.js                                               3.23 kB │ gzip:   1.57 kB
dist/assets/useStore-CuFll-SH.js                                        3.26 kB │ gzip:   1.51 kB
dist/assets/event-links-B_vGOzYW.js                                     3.47 kB │ gzip:   1.53 kB
dist/assets/preview-Hst75NUM.js                                         3.67 kB │ gzip:   1.58 kB
dist/assets/password-recovery-B-8ZHkA5.js                               3.76 kB │ gzip:   1.48 kB
dist/assets/article-D7gLTdj3.js                                         4.50 kB │ gzip:   1.97 kB
dist/assets/characters-CdV2AnDk.js                                      7.99 kB │ gzip:   2.63 kB
dist/assets/with-selector-D-Vjxtnh.js                                  10.92 kB │ gzip:   4.10 kB
dist/assets/foes-gymfn1ZH.js                                           12.31 kB │ gzip:   4.41 kB
dist/assets/rules-DG599P62.js                                          13.45 kB │ gzip:   4.39 kB
dist/assets/progression-CthF8FT2.js                                    14.72 kB │ gzip:   5.23 kB
dist/assets/overlay-card-BIFZzJGl.js                                   18.12 kB │ gzip:   6.88 kB
dist/assets/campaigns-BSgEs-EE.js                                      30.11 kB │ gzip:   7.98 kB
dist/assets/auth-client-BbzxrGAW.js                                    30.33 kB │ gzip:  11.46 kB
dist/assets/reference-CXcSYkSK.js                                      32.32 kB │ gzip:  11.03 kB
dist/assets/createBaseUIEventDetails-ELM1N8LF.js                       34.84 kB │ gzip:  14.32 kB
dist/assets/character-sheet-m7tPs5rp.js                                46.69 kB │ gzip:  12.20 kB
dist/assets/table-DURdDfKu.js                                          76.65 kB │ gzip:  20.51 kB
dist/assets/ui-W_vUS40d.js                                             82.91 kB │ gzip:  24.33 kB
dist/assets/wizard-CH8Zy8L1.js                                        110.65 kB │ gzip:  27.25 kB
dist/assets/index-Bo94mXs7.js                                         321.40 kB │ gzip: 103.74 kB
dist/assets/supporting-components-DSdK3weu.js                       1,014.27 kB │ gzip: 216.22 kB

✓ built in 3.48s
[plugin builtin:vite-reporter]
(!) Some chunks are larger than 500 kB after minification. Consider:
- Using dynamic import() to code-split the application
- Use build.rolldownOptions.output.codeSplitting to improve chunking: https://rolldown.rs/reference/OutputOptions.codeSplitting
- Adjust chunk size limit for this warning via build.chunkSizeWarningLimit.
[PLUGIN_TIMINGS] Plugin hooks ran for 3.3s of this 3.5s build (96%).
The slowest hooks, timed inside each callback (the wait before a callback starts is excluded, the time it awaits is included):
  - vite:css transform (80%, 2.8s, 6 calls)
Additional hook time came from the hooks below and from hooks under 1s.
2 hooks are listed without a time. Their calls overlapped, so the time inside one call includes work from other calls. To find their cost, profile the build with `node --cpu-prof`:
  - @tailwindcss/vite:generate:build transform (6 calls)
  - vite:worker-import-meta-url transform (2 calls)
See https://rolldown.rs/reference/InputOptions.checks#plugintimings for more details.

{
  "initial": {
    "raw": 490191,
    "gzip": 160917
  },
  "assets": [
    "assets/index-Bo94mXs7.js",
    "assets/with-selector-D-Vjxtnh.js",
    "assets/ui-W_vUS40d.js",
    "assets/createBaseUIEventDetails-ELM1N8LF.js",
    "assets/x-D0KqTHUP.js",
    "assets/useStore-CuFll-SH.js",
    "assets/useNavigate-BhLc6pKf.js",
    "assets/auth-client-BbzxrGAW.js",
    "assets/composite-D3Fn7Vkj.js"
  ],
  "rules": {
    "catalog": {
      "raw": 982599,
      "gzip": 112848
    },
    "index": {
      "raw": 5463389,
      "gzip": 1411557
    },
    "largestContinuation": 135780,
    "largestInitialArticle": 415705
  },
  "foes": {
    "catalog": {
      "raw": 877715,
      "gzip": 101309
    },
    "index": {
      "raw": 1484171,
      "gzip": 373816
    },
    "largestDetail": 55297
  }
}
