$ pnpm lint && pnpm check:engine && pnpm check:app && pnpm check-links && pnpm check-vendor && pnpm content:check && pnpm foes:check && pnpm build
$ eslint . && prettier --check .
Checking formatting...
All matched files use Prettier code style!
$ tsc --noEmit && vitest run --project engine

 RUN  v4.1.11 /srv/presidium/projects/salient/characters-build


 Test Files  15 passed (15)
      Tests  106 passed (106)
   Start at  11:06:53
   Duration  7.55s (transform 567ms, setup 0ms, import 1.24s, tests 3.23s, environment 1ms)

$ tsc -p tsconfig.web.json && vitest run --project app --project scripts

 RUN  v4.1.11 /srv/presidium/projects/salient/characters-build


 Test Files  38 passed (38)
      Tests  349 passed (349)
   Start at  11:07:55
   Duration  137.35s (transform 1.99s, setup 0ms, import 4.15s, tests 128.06s, environment 3ms)

$ node scripts/check-links.ts
Checked 184 Markdown files: no broken relative links or anchors.
$ node scripts/check-vendor.ts
vendor/ matches the pinned submodule commits (2 submodules).
$ node scripts/build-content.ts --check
shared/content/compendium matches the clean pinned Compendium (473 entries, 10 excluded, revision fb83a789da8f).
$ node scripts/ingest-foes.ts --check
Foes: 11 stat blocks, 40 features; edition 6c6bbd40f2460c196511a2f0cc19b2ff9184ddee27be90245e5d5a8a915ed331; verified
$ pnpm rules:ingest && tsc -p tsconfig.web.json && vite build
$ node scripts/ingest-rules.ts
Ingested 2614 entries, 26 categories from fb83a789da8f. No unresolved links.
vite v8.3.0 building client environment for production...
transforming...
✓ 2524 modules transformed.
rendering chunks...
computing gzip size...
dist/index.html                                                       1.58 kB │ gzip:   0.67 kB
dist/assets/search.worker-oMKCTI8n.js                                19.07 kB
dist/assets/schibsted-grotesk-latin-ext-wght-normal-hsMS0n0O.woff2   20.92 kB
dist/assets/schibsted-grotesk-latin-wght-normal-Bb8VGrTG.woff2       46.75 kB
dist/assets/overlay-card-C1jW4vvI.css                                 0.75 kB │ gzip:   0.39 kB
dist/assets/article-Dre97K8_.css                                     11.34 kB │ gzip:   2.68 kB
dist/assets/index-DkGb0hWM.css                                       84.06 kB │ gzip:  14.96 kB
dist/assets/preview-CD3cxdpi.js                                       0.93 kB │ gzip:   0.56 kB
dist/assets/article-DmvMzvpZ.js                                       1.32 kB │ gzip:   0.81 kB
dist/assets/x-BcaBsPsn.js                                             4.80 kB │ gzip:   2.17 kB
dist/assets/content-Cv9SGCpJ.js                                      10.20 kB │ gzip:   3.95 kB
dist/assets/rules-Bc-HmqXY.js                                        13.59 kB │ gzip:   4.43 kB
dist/assets/overlay-card-Cm19lIWn.js                                 90.77 kB │ gzip:  32.29 kB
dist/assets/foes-CwF9tpSR.js                                        353.73 kB │ gzip:  31.04 kB
dist/assets/index-CT7W5LSo.js                                       694.41 kB │ gzip: 201.97 kB

✓ built in 1.29s
[plugin builtin:vite-reporter]
(!) Some chunks are larger than 500 kB after minification. Consider:
- Using dynamic import() to code-split the application
- Use build.rolldownOptions.output.codeSplitting to improve chunking: https://rolldown.rs/reference/OutputOptions.codeSplitting
- Adjust chunk size limit for this warning via build.chunkSizeWarningLimit.
