$ pnpm lint && pnpm check:engine && pnpm check:app && pnpm check-links && pnpm check-vendor && pnpm content:check && pnpm supporting:check && pnpm foes:check && pnpm build
$ eslint . && prettier --check .
Checking formatting...
All matched files use Prettier code style!
$ tsc --noEmit && vitest run --project engine

 RUN  v4.1.11 /app

 ✓  engine  tests/supporting-coverage.test.ts (101 tests) 380ms
 ✓  engine  tests/fury-decisions.test.ts (5 tests) 363ms
   ✓ R01 checks 2-3: every option value, grant and quoted count/budget sentence is verbatim in its cited source  347ms
 ✓  engine  tests/character-v25-evaluator.test.ts (8 tests) 304ms
 ✓  engine  tests/supporting-complications.test.ts (21 tests) 193ms
 ✓  engine  tests/cli.test.ts (1 test) 222ms
 ✓  engine  tests/supporting-backgrounds.test.ts (46 tests) 143ms
 ✓  engine  tests/character-v32-evaluator.test.ts (9 tests) 135ms
 ✓  engine  tests/acceptance.test.ts (3 tests) 100ms
 ✓  engine  tests/parser.test.ts (8 tests) 77ms
 ✓  engine  tests/live-state-initialization.test.ts (4 tests) 73ms
 ✓  engine  tests/character-derived-values.test.ts (4 tests) 52ms
 ✓  engine  tests/history.test.ts (3 tests) 50ms
 ✓  engine  tests/character-evaluator.test.ts (8 tests) 43ms
 ✓  engine  tests/core-conditions.test.ts (11 tests) 28ms
 ✓  engine  tests/character-creation-rulings.test.ts (6 tests) 21ms
 ✓  engine  tests/engine.test.ts (13 tests) 15ms
 ✓  engine  tests/resolve.test.ts (19 tests) 13ms
 ✓  engine  tests/v25-build-roll-contributions.test.ts (4 tests) 4ms

 Test Files  18 passed (18)
      Tests  274 passed (274)
   Start at  16:18:51
   Duration  4.84s (transform 434ms, setup 0ms, import 978ms, tests 2.22s, environment 1ms)

$ tsc -p tsconfig.web.json && vitest run --project app --project scripts

 RUN  v4.1.11 /app

 ✓  app  tests/app/abilities.test.ts (17 tests) 2763ms
     ✓ acceptance 1 and 2: 10.1 free strike through /ability use; retry returns the same result with no second roll or damage  1270ms
 ✓  app  tests/app/history.test.ts (14 tests) 1713ms
     ✓ a player undoes their own Recovery: both values restore, the entry stays visible as undone, redo restores it, and no die is rolled  344ms
 ✓  app  tests/app/combat.test.ts (19 tests) 1463ms
     ✓ acceptance 1: the setup card is a Director draft that follows the rosters; Cancel leaves no encounter, snapshot or lock  571ms
 ✓  app  tests/app/character-progression.test.ts (13 tests) 1092ms
   ✓ Fury level-up persists, retries once and preserves every compatible live value  493ms
 ✓  app  tests/app/admission.test.ts (11 tests) 1397ms
     ✓ acceptance 3: a player submission is not effective until approval; withdrawal and decline leave it unchanged  780ms
 ✓  app  tests/app/closeout-session.test.ts (6 tests) 1074ms
     ✓ missing Void choice, unauthorized closure and pause with a Void choice leave state and history untouched  584ms
 ✓  app  tests/app/closeout.test.ts (7 tests) 1058ms
     ✓ ends structure without synthetic boundaries/dice; closes cards, supports rewind/redo, rejects turns and attacks  647ms
 ✓  app  tests/app/v001-walkthrough.test.ts (1 test) 959ms
   ✓ A09: admitted hero → real combat → correction/history → closeout → next session → paused Void keep/reset  958ms
 ✓  app  tests/app/characterSecrets.test.ts (5 tests) 849ms
   ✓ only the campaign Director can read/write the inheritance; public revisions, sheets and events disclose no item  525ms
 ✓  app  tests/app/history-audit.test.ts (5 tests) 839ms
     ✓ admission is separate; targeting preparation does not consume undo and is cleared by it  533ms
 ✓  app  tests/app/characterDirectorSetup.test.ts (7 tests) 811ms
   ✓ player submits owner-complete inputs, but admission waits atomically for the private Director choice  472ms
 ✓  app  tests/app/audience.test.ts (8 tests) 774ms
     ✓ difficulty projection preserves public skill text containing result-like punctuation: Lore; hard: winter  489ms
 ✓  app  tests/app/character-review-queue.test.ts (2 tests) 705ms
   ✓ an owner sees a new pending submission after 205 withdrawn reviews from same owner  643ms
 ✓  app  tests/app/table.test.ts (6 tests) 723ms
     ✓ acceptance 1 and 2: authority matrix across Director, player and observer  494ms
 ✓  app  tests/app/a05-review-regressions.test.ts (3 tests) 718ms
   ✓ committed combat checks Ferocity affordability during roll  576ms
 ✓  app  tests/app/registry.test.ts (7 tests) 676ms
     ✓ acceptance 1: the same /table roll from two submitters yields events of identical shape with server dice  478ms
 ✓  app  tests/app/characters.test.ts (9 tests) 668ms
     ✓ create/reopen persists authored fields and isolates private drafts across users  444ms
 ✓  app  tests/app/foes.test.ts (5 tests) 624ms
     ✓ Director loads independent sourced foes; peers see every foe through the selected health projection  479ms
 ✓  app  tests/app/interactions.test.ts (3 tests) 588ms
     ✓ acceptance 5: opened by a short command, labeled in the log, answered headlessly, resolved  512ms
 ✓  app  tests/app/foe-operations.test.ts (2 tests) 604ms
   ✓ foe buttons/API/commands share retries, source snapshots and journaled creation/removal  540ms
 ✓  app  tests/app/character-rulings.test.ts (2 tests) 576ms
   ✓ Q-CHAR-10 shared evaluation, persisted draft and admission allow two of three ancestry points  528ms
 ✓  app  tests/app/access-sessions.test.ts (8 tests) 564ms
 ✓  app  tests/app/characterChoiceOrigins.test.ts (2 tests) 562ms
   ✓ immutable revisions retain the future choice through advancement, edits and restore  550ms
 ✓  app  tests/app/setup-local.test.ts (6 tests) 551ms
 ✓  app  tests/app/closeout-audit.test.ts (1 test) 533ms
   ✓ normal cleanup clears a retained foe temporary pool once, with a private persisted journal  532ms
 ✓  app  tests/app/content.test.ts (3 tests) 518ms
     ✓ reseed loads every manifest entry; queries return the Goblin Warrior source verbatim  432ms
 ✓  app  tests/app/independent-review.test.ts (4 tests) 524ms
   ✓ independent: persisted session deletion revokes already issued identity across all private surfaces  460ms
 ✓  app  tests/app/journal.test.ts (5 tests) 477ms
     ✓ concurrent appends to one campaign get distinct consecutive sequence numbers  303ms
 ✓  app  tests/app/elementalist-character.test.ts (4 tests) 410ms
 ✓  app  tests/app/history-interaction-regressions.test.ts (8 tests) 373ms
 ✓  app  tests/app/dice.test.ts (6 tests) 329ms
     ✓ same commandId returns the identical accepted roll; a new id draws new values  309ms
 ✓  app  tests/app/parse.test.ts (97 tests) 15ms
 ✓  app  tests/app/engine-adapter.test.ts (1 test) 6ms
 ✓  app  tests/app/command-identities.test.ts (2 tests) 3ms
 ✓  scripts  tests/scripts/rules.test.ts (8 tests) 68430ms
   ✓ ranks every unique exact title first, supports prefixes, typos and filters  4584ms
   ✓ regenerates identical articles, metadata and search from the same pin  32825ms
 ✓  scripts  tests/scripts/core-presentation.test.ts (7 tests) 13172ms
     ✓ projects all immutable Foe edition objects without editing their source HTML  1318ms
   ✓ covers every Core glyph family through the production projection and React semantics  11741ms
 ✓  scripts  tests/scripts/foes.test.ts (25 tests) 26091ms
     ✓ regenerates twice byte-for-byte and retains exact pinned input  25407ms
 ✓  scripts  tests/scripts/build-content.test.ts (22 tests) 1670ms
     ✓ detects a hand-edited generation date 9999-99-99 independently  520ms
     ✓ detects a hand-edited generation date 2020-01-01 independently  497ms
 ✓  scripts  tests/scripts/check-commit.test.ts (14 tests) 276ms
 ✓  scripts  tests/scripts/app-output.test.ts (1 test) 213ms
 ✓  scripts  tests/scripts/pinned-source.test.ts (1 test) 42ms
 ✓  scripts  tests/scripts/glyphs.test.ts (4 tests) 41ms
 ✓  scripts  tests/scripts/check-links.test.ts (4 tests) 8ms
 ✓  scripts  tests/scripts/foes-library.test.ts (4 tests) 46ms

 Test Files  44 passed (44)
      Tests  389 passed (389)
   Start at  16:19:07
   Duration  144.17s (transform 1.70s, setup 0ms, import 4.57s, tests 135.53s, environment 3ms)

$ node scripts/check-links.ts
Checked 227 Markdown files: no broken relative links or anchors.
$ node scripts/check-vendor.ts
vendor/ matches the pinned submodule commits (2 submodules).
$ node scripts/build-content.ts --check
shared/content/compendium matches the clean pinned Compendium (483 entries, 10 excluded, revision fb83a789da8f).
$ node scripts/check-supporting-inventory.ts
V37 inventory verified: 18 careers/108 incidents, 13 culture aspects, 47 core perks, 57 skills+5 groups, 42 languages, 25 kits, 100 complications; 289 exact source records checked.
$ node scripts/ingest-foes.ts --check
Foes: 438 stat blocks, 2006 features; edition bf262edf546e91e1540cc17489915f18c4873ddd8bd8e225b20f3441e3f74f30; verified
$ pnpm rules:ingest && tsc -p tsconfig.web.json && vite build
$ node scripts/ingest-rules.ts
Ingested 2614 entries, 26 categories from fb83a789da8f. No unresolved links.
vite v8.3.0 building client environment for production...
transforming...
✓ 2850 modules transformed.
rendering chunks...
computing gzip size...
dist/index.html                                                         1.66 kB │ gzip:   0.69 kB
dist/assets/search.worker-oMKCTI8n.js                                  19.07 kB
dist/assets/schibsted-grotesk-latin-ext-wght-normal-hsMS0n0O.woff2     20.92 kB
dist/assets/DrawSteelGlyphs-Regular-Bxmll151.otf                       21.63 kB
dist/assets/schibsted-grotesk-latin-wght-normal-Bb8VGrTG.woff2         46.75 kB
dist/assets/overlay-card-C1jW4vvI.css                                   0.75 kB │ gzip:   0.39 kB
dist/assets/foes-BGgFncNM.css                                           3.96 kB │ gzip:   1.16 kB
dist/assets/article-Dre97K8_.css                                       11.34 kB │ gzip:   2.68 kB
dist/assets/index-iymW9mKQ.css                                         89.74 kB │ gzip:  16.06 kB
dist/assets/search-Csys-MlF.js                                          0.44 kB │ gzip:   0.28 kB
dist/assets/preview-DCsxSe2v.js                                         0.88 kB │ gzip:   0.53 kB
dist/assets/x-B2CtMrqX.js                                               4.80 kB │ gzip:   2.16 kB
dist/assets/article-BWyiCa1k.js                                        11.59 kB │ gzip:   4.61 kB
dist/assets/rules-CXCzzaLx.js                                          13.27 kB │ gzip:   4.28 kB
dist/assets/overlay-card-C2Cf5NBo.js                                   90.77 kB │ gzip:  32.29 kB
dist/assets/index-DEQlzYtz.js                                       1,717.31 kB │ gzip: 421.32 kB
dist/assets/foes-C74lSSUZ.js                                        6,733.33 kB │ gzip: 705.35 kB

✓ built in 4.21s
[plugin builtin:vite-reporter]
(!) Some chunks are larger than 500 kB after minification. Consider:
- Using dynamic import() to code-split the application
- Use build.rolldownOptions.output.codeSplitting to improve chunking: https://rolldown.rs/reference/OutputOptions.codeSplitting
- Adjust chunk size limit for this warning via build.chunkSizeWarningLimit.
[PLUGIN_TIMINGS] Plugin hooks ran for 3.6s of this 4.2s build (86%).
The slowest hooks, timed inside each callback (the wait before a callback starts is excluded, the time it awaits is included):
  - vite:worker-import-meta-url transform (78%, 3.3s, 1 call)
Additional hook time came from the hooks below and from hooks under 1s.
3 hooks are listed without a time. Their calls overlapped, so the time inside one call includes work from other calls. To find their cost, profile the build with `node --cpu-prof`:
  - @tailwindcss/vite:generate:build transform (6 calls)
  - vite:css transform (6 calls)
  - vite:asset load (2 calls)
See https://rolldown.rs/reference/InputOptions.checks#plugintimings for more details.
