 Container salient-characters-dev-2389e144b9dd-job-3488f40d Creating 
 Container salient-characters-dev-2389e144b9dd-job-3488f40d Created 
$ pnpm lint && pnpm check:engine && pnpm check:app && pnpm check-links && pnpm check-vendor && pnpm content:check && pnpm supporting:check && pnpm foes:check && pnpm build
$ eslint . && prettier --check .
Checking formatting...
All matched files use Prettier code style!
$ tsc --noEmit && vitest run --project engine

 RUN  v4.1.11 /app

 ✓  engine  tests/fury-decisions.test.ts (5 tests) 390ms
   ✓ R01 checks 2-3: every option value, grant and quoted count/budget sentence is verbatim in its cited source  374ms
 ✓  engine  tests/supporting-coverage.test.ts (101 tests) 378ms
 ✓  engine  tests/character-v25-evaluator.test.ts (8 tests) 310ms
 ✓  engine  tests/character-v45-reference.test.ts (7 tests) 303ms
 ✓  engine  tests/cli.test.ts (1 test) 207ms
 ✓  engine  tests/character-v46-devil.test.ts (16 tests) 228ms
 ✓  engine  tests/supporting-complications.test.ts (21 tests) 190ms
 ✓  engine  tests/supporting-backgrounds.test.ts (46 tests) 144ms
 ✓  engine  tests/character-v32-evaluator.test.ts (9 tests) 141ms
 ✓  engine  tests/acceptance.test.ts (3 tests) 96ms
 ✓  engine  tests/character-v46-forge.test.ts (16 tests) 88ms
 ✓  engine  tests/parser.test.ts (8 tests) 80ms
 ✓  engine  tests/live-state-initialization.test.ts (4 tests) 73ms
 ✓  engine  tests/character-v45-foundation.test.ts (3 tests) 58ms
 ✓  engine  tests/character-derived-values.test.ts (4 tests) 51ms
 ✓  engine  tests/history.test.ts (3 tests) 49ms
 ✓  engine  tests/character-evaluator.test.ts (8 tests) 46ms
 ✓  engine  tests/core-conditions.test.ts (11 tests) 25ms
 ✓  engine  tests/character-creation-rulings.test.ts (6 tests) 18ms
 ✓  engine  tests/engine.test.ts (13 tests) 15ms
 ✓  engine  tests/resolve.test.ts (19 tests) 16ms
 ✓  engine  tests/v25-build-roll-contributions.test.ts (4 tests) 4ms

 Test Files  22 passed (22)
      Tests  316 passed (316)
   Start at  19:17:05
   Duration  6.21s (transform 447ms, setup 0ms, import 1.29s, tests 2.91s, environment 2ms)

$ tsc -p tsconfig.web.json && vitest run --project app --project scripts

 RUN  v4.1.11 /app

 ✓  app  tests/app/abilities.test.ts (17 tests) 2811ms
     ✓ acceptance 1 and 2: 10.1 free strike through /ability use; retry returns the same result with no second roll or damage  1260ms
 ✓  app  tests/app/history.test.ts (14 tests) 1548ms
 ✓  app  tests/app/combat.test.ts (19 tests) 1529ms
     ✓ acceptance 1: the setup card is a Director draft that follows the rosters; Cancel leaves no encounter, snapshot or lock  540ms
 ✓  app  tests/app/character-progression.test.ts (13 tests) 1096ms
   ✓ Fury level-up persists, retries once and preserves every compatible live value  499ms
 ✓  app  tests/app/admission.test.ts (11 tests) 1076ms
     ✓ acceptance 3: a player submission is not effective until approval; withdrawal and decline leave it unchanged  563ms
 ✓  app  tests/app/closeout-session.test.ts (6 tests) 1059ms
     ✓ missing Void choice, unauthorized closure and pause with a Void choice leave state and history untouched  618ms
 ✓  app  tests/app/v001-walkthrough.test.ts (1 test) 988ms
   ✓ A09: admitted hero → real combat → correction/history → closeout → next session → paused Void keep/reset  987ms
 ✓  app  tests/app/closeout.test.ts (7 tests) 980ms
     ✓ ends structure without synthetic boundaries/dice; closes cards, supports rewind/redo, rejects turns and attacks  568ms
stderr | tests/app/account-email.test.ts > Better Auth recovery with Cloudflare mail > real routes queue canonical mail, reset persisted credentials, revoke sessions and refuse reuse
2026-09-19T19:17:35.689Z ERROR [Better Auth]: Reset Password: User not found { email: 'missing@example.test' }

stderr | tests/app/account-email.test.ts > Better Auth recovery with Cloudflare mail > real routes queue canonical mail, reset persisted credentials, revoke sessions and refuse reuse
2026-09-19T19:17:35.856Z ERROR [Better Auth]: Invalid password

stderr | tests/app/account-email.test.ts > Better Auth recovery with Cloudflare mail > expired tokens and untrusted redirects are refused
2026-09-19T19:17:36.047Z ERROR [Better Auth]: Invalid redirectURL: https://attacker.example/reset

stderr | tests/app/account-email.test.ts > Better Auth recovery with Cloudflare mail > database request limits reject a fourth request across separate auth instances
2026-09-19T19:17:36.053Z ERROR [Better Auth]: Reset Password: User not found { email: 'missing@example.test' }

stderr | tests/app/account-email.test.ts > Better Auth recovery with Cloudflare mail > database request limits reject a fourth request across separate auth instances
2026-09-19T19:17:36.058Z ERROR [Better Auth]: Reset Password: User not found { email: 'missing@example.test' }

stderr | tests/app/account-email.test.ts > Better Auth recovery with Cloudflare mail > database request limits reject a fourth request across separate auth instances
2026-09-19T19:17:36.063Z ERROR [Better Auth]: Reset Password: User not found { email: 'missing@example.test' }

stderr | tests/app/account-email.test.ts > Better Auth recovery with Cloudflare mail > unconfigured deployments expose no recovery capability and do not queue mail
2026-09-19T19:17:36.069Z ERROR [Better Auth]: Reset password isn't enabled.Please pass an emailAndPassword.sendResetPassword function in your auth config!

 ✓  app  tests/app/account-email.test.ts (9 tests) 879ms
     ✓ real routes queue canonical mail, reset persisted credentials, revoke sessions and refuse reuse  736ms
 ✓  app  tests/app/history-audit.test.ts (5 tests) 840ms
     ✓ admission is separate; targeting preparation does not consume undo and is cleared by it  546ms
 ✓  app  tests/app/characterSecrets.test.ts (5 tests) 849ms
   ✓ only the campaign Director can read/write the inheritance; public revisions, sheets and events disclose no item  532ms
 ✓  app  tests/app/characterDirectorSetup.test.ts (7 tests) 847ms
   ✓ player submits owner-complete inputs, but admission waits atomically for the private Director choice  492ms
 ✓  app  tests/app/audience.test.ts (8 tests) 795ms
     ✓ difficulty projection preserves public skill text containing result-like punctuation: Lore; hard: winter  510ms
 ✓  app  tests/app/table.test.ts (6 tests) 770ms
     ✓ acceptance 1 and 2: authority matrix across Director, player and observer  519ms
 ✓  app  tests/app/character-review-queue.test.ts (2 tests) 747ms
   ✓ an owner sees a new pending submission after 205 withdrawn reviews from same owner  683ms
 ✓  app  tests/app/a05-review-regressions.test.ts (3 tests) 710ms
   ✓ committed combat checks Ferocity affordability during roll  574ms
 ✓  app  tests/app/characters.test.ts (11 tests) 691ms
     ✓ create/reopen persists authored fields and isolates private drafts across users  435ms
 ✓  app  tests/app/registry.test.ts (7 tests) 695ms
     ✓ acceptance 1: the same /table roll from two submitters yields events of identical shape with server dice  492ms
 ✓  app  tests/app/table-performance.test.ts (5 tests) 680ms
 ✓  app  tests/app/foes.test.ts (5 tests) 631ms
     ✓ Director loads independent sourced foes; peers see every foe through the selected health projection  483ms
 ✓  app  tests/app/interactions.test.ts (3 tests) 609ms
     ✓ acceptance 5: opened by a short command, labeled in the log, answered headlessly, resolved  526ms
 ✓  app  tests/app/foe-operations.test.ts (2 tests) 624ms
   ✓ foe buttons/API/commands share retries, source snapshots and journaled creation/removal  555ms
 ✓  app  tests/app/access-sessions.test.ts (8 tests) 584ms
 ✓  app  tests/app/character-rulings.test.ts (2 tests) 571ms
   ✓ Q-CHAR-10 shared evaluation, persisted draft and admission allow two of three ancestry points  524ms
 ✓  app  tests/app/setup-local.test.ts (6 tests) 558ms
 ✓  app  tests/app/characterChoiceOrigins.test.ts (2 tests) 557ms
   ✓ immutable revisions retain the future choice through advancement, edits and restore  548ms
 ✓  app  tests/app/closeout-audit.test.ts (1 test) 557ms
   ✓ normal cleanup clears a retained foe temporary pool once, with a private persisted journal  556ms
 ✓  app  tests/app/content.test.ts (3 tests) 540ms
     ✓ reseed loads every manifest entry; queries return the Goblin Warrior source verbatim  443ms
 ✓  app  tests/app/independent-review.test.ts (4 tests) 523ms
   ✓ independent: persisted session deletion revokes already issued identity across all private surfaces  444ms
 ✓  app  tests/app/journal.test.ts (5 tests) 501ms
     ✓ concurrent appends to one campaign get distinct consecutive sequence numbers  320ms
 ✓  app  tests/app/elementalist-character.test.ts (4 tests) 413ms
 ✓  app  tests/app/history-interaction-regressions.test.ts (8 tests) 364ms
 ✓  app  tests/app/dice.test.ts (6 tests) 319ms
 ✓  app  tests/app/parse.test.ts (97 tests) 15ms
 ✓  app  tests/app/engine-adapter.test.ts (1 test) 6ms
 ✓  app  tests/app/command-identities.test.ts (2 tests) 4ms
 ✓  scripts  tests/scripts/rules.test.ts (9 tests) 75021ms
   ✓ prebuilt index ranks every unique exact title first, supports prefixes, typos and filters  4377ms
   ✓ regenerates identical articles, metadata and search from the same pin  35218ms
 ✓  scripts  tests/scripts/foes.test.ts (25 tests) 26323ms
     ✓ regenerates twice byte-for-byte and retains exact pinned input  25641ms
 ✓  scripts  tests/scripts/core-presentation.test.ts (7 tests) 13335ms
     ✓ projects all immutable Foe edition objects without editing their source HTML  1354ms
   ✓ covers every Core glyph family through the production projection and React semantics  11869ms
 ✓  scripts  tests/scripts/build-content.test.ts (22 tests) 1840ms
     ✓ detects a hand-edited generation date 9999-99-99 independently  583ms
     ✓ detects a hand-edited generation date 2020-01-01 independently  575ms
 ✓  scripts  tests/scripts/reference-delivery.test.ts (1 test) 1427ms
   ✓ foe delivery covers every object and preserves search after serialization  1426ms
 ✓  scripts  tests/scripts/check-commit.test.ts (14 tests) 294ms
 ✓  scripts  tests/scripts/app-output.test.ts (1 test) 209ms
 ✓  scripts  tests/scripts/foes-library.test.ts (4 tests) 49ms
 ✓  scripts  tests/scripts/pinned-source.test.ts (1 test) 44ms
 ✓  scripts  tests/scripts/glyphs.test.ts (4 tests) 43ms
 ✓  scripts  tests/scripts/check-links.test.ts (4 tests) 8ms

 Test Files  47 passed (47)
      Tests  407 passed (407)
   Start at  19:17:22
   Duration  155.07s (transform 1.54s, setup 0ms, import 5.14s, tests 145.55s, environment 4ms)

$ node scripts/check-links.ts
Checked 269 Markdown files: no broken relative links or anchors.
$ node scripts/check-vendor.ts
vendor/ matches the pinned submodule commits (2 submodules).
$ node scripts/build-content.ts --check
shared/content/compendium matches the clean pinned Compendium (483 entries, 10 excluded, revision fb83a789da8f).
$ node scripts/check-supporting-inventory.ts
V37 inventory verified: 18 careers/108 incidents, 13 culture aspects, 47 core perks, 57 skills+5 groups, 42 languages, 25 kits, 100 complications; 289 exact source records checked.
$ node scripts/ingest-foes.ts --check
Foes: 438 stat blocks, 2006 features; edition bf262edf546e91e1540cc17489915f18c4873ddd8bd8e225b20f3441e3f74f30; verified
$ pnpm rules:ingest && tsc -p tsconfig.web.json && vite build && node scripts/check-web-budget.ts
$ node scripts/ingest-rules.ts && node scripts/build-foes-assets.ts
Ingested 2614 entries, 26 categories from fb83a789da8f. No unresolved links.
Foe delivery: 2507 entries; version ab2c43b79669b916
vite v8.3.0 building client environment for production...
transforming...
✓ 2861 modules transformed.
rendering chunks...
computing gzip size...
dist/index.html                                                         1.92 kB │ gzip:   0.76 kB
dist/.vite/manifest.json                                               10.59 kB │ gzip:   1.51 kB
dist/assets/search.worker-Bi7Y7SQU.js                                  18.32 kB
dist/assets/search.worker-k8EMhjsh.js                                  19.13 kB
dist/assets/schibsted-grotesk-latin-ext-wght-normal-hsMS0n0O.woff2     20.92 kB
dist/assets/DrawSteelGlyphs-Regular-Bxmll151.otf                       21.63 kB
dist/assets/schibsted-grotesk-latin-wght-normal-Bb8VGrTG.woff2         46.75 kB
dist/assets/reference-C1jW4vvI.css                                      0.75 kB │ gzip:   0.39 kB
dist/assets/foes-BGgFncNM.css                                           3.96 kB │ gzip:   1.16 kB
dist/assets/rules-6fkgoGTZ.css                                         12.26 kB │ gzip:   2.86 kB
dist/assets/index-DhQgL1Qs.css                                         90.12 kB │ gzip:  16.37 kB
dist/assets/arrow-left-2SZjxN2W.js                                      0.19 kB │ gzip:   0.17 kB
dist/assets/external-link-BnffAPVo.js                                   0.27 kB │ gzip:   0.21 kB
dist/assets/useNavigate-BhLc6pKf.js                                     0.31 kB │ gzip:   0.23 kB
dist/assets/pill-D-biTKKB.js                                            0.50 kB │ gzip:   0.33 kB
dist/assets/preview-BErTnpPD.js                                         0.96 kB │ gzip:   0.57 kB
dist/assets/worker-client-BLect5SJ.js                                   1.22 kB │ gzip:   0.74 kB
dist/assets/composite-D3Fn7Vkj.js                                       2.94 kB │ gzip:   1.14 kB
dist/assets/x-D0KqTHUP.js                                               3.23 kB │ gzip:   1.57 kB
dist/assets/useStore-CuFll-SH.js                                        3.26 kB │ gzip:   1.51 kB
dist/assets/event-links-DZL-G60q.js                                     3.47 kB │ gzip:   1.53 kB
dist/assets/preview-kdrUHVnd.js                                         3.67 kB │ gzip:   1.58 kB
dist/assets/password-recovery-Dpz428v4.js                               3.76 kB │ gzip:   1.48 kB
dist/assets/article-BENAqpd5.js                                         4.50 kB │ gzip:   1.97 kB
dist/assets/characters-CW-Ft7_k.js                                      7.99 kB │ gzip:   2.63 kB
dist/assets/with-selector-D-Vjxtnh.js                                  10.92 kB │ gzip:   4.10 kB
dist/assets/foes-B-RtHTid.js                                           12.31 kB │ gzip:   4.41 kB
dist/assets/rules-BQn26kwk.js                                          13.45 kB │ gzip:   4.39 kB
dist/assets/progression-Cs2Iecl5.js                                    14.72 kB │ gzip:   5.23 kB
dist/assets/overlay-card-Cz-kh9tW.js                                   18.12 kB │ gzip:   6.89 kB
dist/assets/campaigns-B0R7UL3M.js                                      30.11 kB │ gzip:   7.99 kB
dist/assets/auth-client-BbzxrGAW.js                                    30.33 kB │ gzip:  11.46 kB
dist/assets/reference-H2Y_y5m0.js                                      32.32 kB │ gzip:  11.03 kB
dist/assets/createBaseUIEventDetails-ELM1N8LF.js                       34.84 kB │ gzip:  14.32 kB
dist/assets/character-sheet-DKaWrR0O.js                                47.31 kB │ gzip:  12.36 kB
dist/assets/table-CPmPAU2g.js                                          76.65 kB │ gzip:  20.50 kB
dist/assets/ui-W_vUS40d.js                                             82.91 kB │ gzip:  24.33 kB
dist/assets/wizard-CloSxp9W.js                                        111.44 kB │ gzip:  27.56 kB
dist/assets/index-B6SpY4MC.js                                         321.40 kB │ gzip: 103.73 kB
dist/assets/supporting-components-BBqXn2D-.js                       1,015.96 kB │ gzip: 216.55 kB

✓ built in 3.78s
[plugin builtin:vite-reporter] 
(!) Some chunks are larger than 500 kB after minification. Consider:
- Using dynamic import() to code-split the application
- Use build.rolldownOptions.output.codeSplitting to improve chunking: https://rolldown.rs/reference/OutputOptions.codeSplitting
- Adjust chunk size limit for this warning via build.chunkSizeWarningLimit.
[PLUGIN_TIMINGS] Plugin hooks ran for 3.6s of this 3.8s build (96%).
The slowest hooks, timed inside each callback (the wait before a callback starts is excluded, the time it awaits is included):
  - vite:css transform (81%, 3.1s, 6 calls)
Additional hook time came from the hooks below and from hooks under 1s.
2 hooks are listed without a time. Their calls overlapped, so the time inside one call includes work from other calls. To find their cost, profile the build with `node --cpu-prof`:
  - @tailwindcss/vite:generate:build transform (6 calls)
  - vite:worker-import-meta-url transform (2 calls)
See https://rolldown.rs/reference/InputOptions.checks#plugintimings for more details.

{
  "initial": {
    "raw": 490191,
    "gzip": 160910
  },
  "assets": [
    "assets/index-B6SpY4MC.js",
    "assets/with-selector-D-Vjxtnh.js",
    "assets/ui-W_vUS40d.js",
    "assets/createBaseUIEventDetails-ELM1N8LF.js",
    "assets/x-D0KqTHUP.js",
    "assets/useStore-CuFll-SH.js",
    "assets/useNavigate-BhLc6pKf.js",
    "assets/auth-client-BbzxrGAW.js",
    "assets/composite-D3Fn7Vkj.js"
  ],
  "rules": {
    "catalog": {
      "raw": 982599,
      "gzip": 112848
    },
    "index": {
      "raw": 5463389,
      "gzip": 1411557
    },
    "largestContinuation": 135780,
    "largestInitialArticle": 415705
  },
  "foes": {
    "catalog": {
      "raw": 877715,
      "gzip": 101309
    },
    "index": {
      "raw": 1484171,
      "gzip": 373816
    },
    "largestDetail": 55297
  }
}
=====FULLBROWSER=====
 Container salient-characters-dev-2389e144b9dd-job-ed6fea04 Creating 
 Container salient-characters-dev-2389e144b9dd-job-ed6fea04 Created 

Running 56 tests using 1 worker

[1/56] tests/browser/campaign-sharing.spec.ts:20:1 › visible share codes support joining and rotate with links without losing requests or members
[2/56] tests/browser/closeout.spec.ts:21:1 › closeout awards once, is shared with observers, and paused session closure offers Void
  1) tests/browser/closeout.spec.ts:21:1 › closeout awards once, is shared with observers, and paused session closure offers Void 

    TimeoutError: locator.click: Timeout 30000ms exceeded.
    Call log:
      - waiting for getByRole('button', { name: 'OK', exact: true })


      87 |     const startCombat = async () => {
      88 |       await director.getByRole('button', { name: 'Start combat', exact: true }).click();
    > 89 |       await director.getByRole('button', { name: 'OK', exact: true }).click();
         |                                                                       ^
      90 |       await director.getByRole('button', { name: 'Roll initiative (d10)', exact: true }).click();
      91 |       await director.getByRole('button', { name: 'Heroes first', exact: true }).click();
      92 |       await expect(
        at startCombat (/app/tests/browser/closeout.spec.ts:89:71)
        at /app/tests/browser/closeout.spec.ts:144:5

    attachment #1: screenshot (image/png) ──────────────────────────────────────────────────────────
    ../artifacts/browser/closeout-closeout-awards-o-d20ac-session-closure-offers-Void/test-failed-1.png
    ────────────────────────────────────────────────────────────────────────────────────────────────

    attachment #2: screenshot (image/png) ──────────────────────────────────────────────────────────
    ../artifacts/browser/closeout-closeout-awards-o-d20ac-session-closure-offers-Void/test-failed-2.png
    ────────────────────────────────────────────────────────────────────────────────────────────────

    attachment #3: screenshot (image/png) ──────────────────────────────────────────────────────────
    ../artifacts/browser/closeout-closeout-awards-o-d20ac-session-closure-offers-Void/test-failed-3.png
    ────────────────────────────────────────────────────────────────────────────────────────────────

    Error Context: ../artifacts/browser/closeout-closeout-awards-o-d20ac-session-closure-offers-Void/error-context.md

    attachment #5: trace (application/zip) ─────────────────────────────────────────────────────────
    ../artifacts/browser/closeout-closeout-awards-o-d20ac-session-closure-offers-Void/trace.zip
    Usage:

        pnpm exec playwright show-trace ../artifacts/browser/closeout-closeout-awards-o-d20ac-session-closure-offers-Void/trace.zip

    ────────────────────────────────────────────────────────────────────────────────────────────────


[3/56] tests/browser/combat.spec.ts:31:1 › Director starts combat; a player takes and ends a turn; the round advances
[4/56] tests/browser/foes-library.spec.ts:4:1 › foe browsing, composed filters, URL persistence, sorting and empty recovery
[5/56] tests/browser/foes-library.spec.ts:48:1 › light and dark, mobile, enlarged text and keyboard search
[6/56] tests/browser/foes-library.spec.ts:96:1 › full catalog bands, pagination, sourcebooks, Malice and related rules
[7/56] tests/browser/foes.spec.ts:3:1 › public foes search, independent cards, navigation, dismissal and themes
[8/56] tests/browser/foes.spec.ts:71:1 › second-echelon references preserve independent features and correct Malice navigation
[9/56] tests/browser/hosting.spec.ts:3:1 › direct SPA routes and reloads load their assets without browser errors
[10/56] tests/browser/journey.spec.ts:16:1 › accounts, invitation approval, session lifecycle, private draft persistence and reconnect
[11/56] tests/browser/reference-cache.spec.ts:3:1 › Workers serves immutable versioned content and revalidates current manifests
[12/56] tests/browser/reference-performance.spec.ts:4:1 › public navigation keeps its document and fetches only requested reference content
[13/56] tests/browser/reference-performance.spec.ts:64:1 › failed detail downloads retry without losing the list or navigation
[14/56] tests/browser/reference-performance.spec.ts:79:1 › catalog failure preserves shared navigation and supports retry
[15/56] tests/browser/reference-performance.spec.ts:96:1 › article failure is local and section links stay below the shared headers
[16/56] tests/browser/reference-performance.spec.ts:116:1 › a cleared search cannot resurrect delayed results
[17/56] tests/browser/reference-performance.spec.ts:145:1 › a failed search index retries
[18/56] tests/browser/reference-performance.spec.ts:159:1 › large chapter opening stays usable while later sections are delayed and retryable
[19/56] tests/browser/rule-popup.spec.ts:5:1 › rule cards preserve the wizard, navigate references, scroll and dismiss accessibly
[20/56] tests/browser/rules.spec.ts:4:1 › public rules search, readable articles, original sources and browser history
[21/56] tests/browser/rules.spec.ts:34:1 › chapter contents, cross-references, topic filters and mobile navigation
[22/56] tests/browser/table-audit.spec.ts:40:1 › three table contexts, palette, console and live CLI share persisted operations
  2) tests/browser/table-audit.spec.ts:40:1 › three table contexts, palette, console and live CLI share persisted operations 

    Error: expect(locator).toBeVisible() failed

    Locator: getByRole('heading', { name: 'Campaigns', exact: true })
    Expected: visible
    Timeout: 15000ms
    Error: element(s) not found

    Call log:
      - Expect "toBeVisible" getByRole('heading', { name: 'Campaigns', exact: true }) with timeout 15000ms
      - waiting for getByRole('heading', { name: 'Campaigns', exact: true })


      35 |   await page.getByLabel('Password', { exact: true }).fill(password);
      36 |   await page.getByRole('button', { name: 'Create account', exact: true }).click();
    > 37 |   await expect(page.getByRole('heading', { name: 'Campaigns', exact: true })).toBeVisible();
         |                                                                               ^
      38 | }
      39 |
      40 | test('three table contexts, palette, console and live CLI share persisted operations', async ({
        at register (/app/tests/browser/table-audit.spec.ts:37:79)
        at /app/tests/browser/table-audit.spec.ts:64:7

    attachment #1: screenshot (image/png) ──────────────────────────────────────────────────────────
    ../artifacts/browser/table-audit-three-table-co-9d727--share-persisted-operations/test-failed-1.png
    ────────────────────────────────────────────────────────────────────────────────────────────────

    attachment #2: screenshot (image/png) ──────────────────────────────────────────────────────────
    ../artifacts/browser/table-audit-three-table-co-9d727--share-persisted-operations/test-failed-2.png
    ────────────────────────────────────────────────────────────────────────────────────────────────

    attachment #3: screenshot (image/png) ──────────────────────────────────────────────────────────
    ../artifacts/browser/table-audit-three-table-co-9d727--share-persisted-operations/test-failed-3.png
    ────────────────────────────────────────────────────────────────────────────────────────────────

    Error Context: ../artifacts/browser/table-audit-three-table-co-9d727--share-persisted-operations/error-context.md

    attachment #5: trace (application/zip) ─────────────────────────────────────────────────────────
    ../artifacts/browser/table-audit-three-table-co-9d727--share-persisted-operations/trace.zip
    Usage:

        pnpm exec playwright show-trace ../artifacts/browser/table-audit-three-table-co-9d727--share-persisted-operations/trace.zip

    ────────────────────────────────────────────────────────────────────────────────────────────────


[23/56] tests/browser/table-performance.spec.ts:6:1 › table opens without per-card detail reads, then drills in and preserves undo/redo
[24/56] tests/browser/theme.spec.ts:27:1 › light, dark and system preference switch without reload and persist across reload
[25/56] tests/browser/theme.spec.ts:68:1 › prefers-reduced-motion disables transitions
[26/56] tests/browser/theme.spec.ts:83:1 › reference screenshots: login, campaign home and character list in light and dark
[27/56] tests/browser/v21-campaign.spec.ts:23:1 › campaign home: header actions, player tiles, copy, join requests, foe chips, log filter
  3) tests/browser/v21-campaign.spec.ts:23:1 › campaign home: header actions, player tiles, copy, join requests, foe chips, log filter 

    Error: expect(locator).toBeVisible() failed

    Locator: getByRole('heading', { name: 'Campaigns', exact: true })
    Expected: visible
    Timeout: 15000ms
    Error: element(s) not found

    Call log:
      - Expect "toBeVisible" getByRole('heading', { name: 'Campaigns', exact: true }) with timeout 15000ms
      - waiting for getByRole('heading', { name: 'Campaigns', exact: true })


       at v21-fixtures.ts:28

      26 |   await page.getByLabel('Password', { exact: true }).fill(PASSWORD);
      27 |   await page.getByRole('button', { name: 'Create account', exact: true }).click();
    > 28 |   await expect(page.getByRole('heading', { name: 'Campaigns', exact: true })).toBeVisible();
         |                                                                               ^
      29 | }
      30 |
      31 | export interface TableFixture {
        at register (/app/tests/browser/v21-fixtures.ts:28:79)
        at /app/tests/browser/v21-campaign.spec.ts:85:5

    attachment #1: screenshot (image/png) ──────────────────────────────────────────────────────────
    ../artifacts/browser/v21-campaign-campaign-home-df85d-quests-foe-chips-log-filter/test-failed-1.png
    ────────────────────────────────────────────────────────────────────────────────────────────────

    attachment #2: screenshot (image/png) ──────────────────────────────────────────────────────────
    ../artifacts/browser/v21-campaign-campaign-home-df85d-quests-foe-chips-log-filter/test-failed-2.png
    ────────────────────────────────────────────────────────────────────────────────────────────────

    attachment #3: screenshot (image/png) ──────────────────────────────────────────────────────────
    ../artifacts/browser/v21-campaign-campaign-home-df85d-quests-foe-chips-log-filter/test-failed-3.png
    ────────────────────────────────────────────────────────────────────────────────────────────────

    Error Context: ../artifacts/browser/v21-campaign-campaign-home-df85d-quests-foe-chips-log-filter/error-context.md

    attachment #5: trace (application/zip) ─────────────────────────────────────────────────────────
    ../artifacts/browser/v21-campaign-campaign-home-df85d-quests-foe-chips-log-filter/trace.zip
    Usage:

        pnpm exec playwright show-trace ../artifacts/browser/v21-campaign-campaign-home-df85d-quests-foe-chips-log-filter/trace.zip

    ────────────────────────────────────────────────────────────────────────────────────────────────


[28/56] tests/browser/v21-log.spec.ts:26:1 › log feed: dice chips, markers, ROLLS filter, history icon pair, command line
[29/56] tests/browser/v21-log.spec.ts:193:1 › initiative bar: a segment per turn entry, the current one marked, Groups for the Director
[30/56] tests/browser/v21-rosters.spec.ts:18:1 › director rosters: compact cards, drill-in, settings pop-up, audience boundary
[31/56] tests/browser/v21-sheet.spec.ts:52:1 › standalone sheet: band, columns, Roll test, Catch Breath, Director edit, peer, compact
[32/56] tests/browser/v21-shell.spec.ts:77:3 › session shell in FreePlay: no site nav, no page scroll, independent panes, pinned command line
[33/56] tests/browser/v21-shell.spec.ts:77:3 › session shell in combat: no site nav, no page scroll, independent panes, pinned command line
[34/56] tests/browser/v21-wizard.spec.ts:17:1 › wizard frame: header, rail, choice rows, persistence, independent scrolling
[35/56] tests/browser/v25-elementalist.spec.ts:8:1 › corrected Forge Bethell: complete wizard, reload, review and sourced sheet
[36/56] tests/browser/v32-progression.spec.ts:29:1 › Fury advancement preserves live state; source-complete sheet and reviewed history restoration
[37/56] tests/browser/v33-design.spec.ts:9:1 › Core stat blocks, automatic glyph accessibility and plain-text fallback
[38/56] tests/browser/v33-design.spec.ts:147:1 › a missing font leaves readable text rather than ASCII font codes
[39/56] tests/browser/v34-core-content.spec.ts:6:1 › live Rules and Foes share Core typography, automatic semantics and accessible navigation
[40/56] tests/browser/v34-core-content.spec.ts:80:1 › live content retains readable text when the glyph font cannot load
[41/56] tests/browser/v34-core-content.spec.ts:90:1 › hero and Director sheets use full Core content while live stats and audience stay separate
[42/56] tests/browser/v35-full-foes.spec.ts:9:1 › all core definitions render their complete feature lists through the public consumer
[43/56] tests/browser/v37-supporting-choices.spec.ts:11:1 › supporting choices show complete sources, prune dependent targets and persist reviewed mechanics
[44/56] tests/browser/v37-supporting-choices.spec.ts:175:1 › Strange Inheritance lets the Director save a private sourced item without exposing it to the owner
[45/56] tests/browser/v38-library-navigation.spec.ts:5:1 › primary navigation exposes independent Rules and Foes libraries
[46/56] tests/browser/v40-unsaved-wizard.spec.ts:8:1 › unsaved wizard creates nothing until first explicit save, then edits the same character
[47/56] tests/browser/v42-primary-choice.spec.ts:8:1 › primary choices collapse, edit without loss, prune on replacement and reopen saved
[48/56] tests/browser/v46-devil-persistence.spec.ts:68:1 › V46: all thirteen counterpart builds save and read back through shared operations
[49/56] tests/browser/v46-devil-persistence.spec.ts:157:1 › V46: changing a purchased trait or the ancestry removes its grants across a reload
[50/56] tests/browser/v46-devil-persistence.spec.ts:229:1 › V46: a flying devil advances to Berserker Fury two with live state and history intact
[51/56] tests/browser/v46-devil.spec.ts:13:1 › V46 Devil level one: every trait and skill offered, flight build saved and read back
[52/56] tests/browser/wizard.spec.ts:23:1 › wizard, admission review and the three sheet audiences
[53/56] tests/browser/password-recovery.spec.ts:18:1 › forgot-password response and missing/invalid reset links are clear
[54/56] tests/browser/password-recovery.spec.ts:54:1 › real reset preserves account access, clears old session, and rejects token reuse
[55/56] tests/browser/reference-streaming.spec.ts:7:3 › late chapter anchors stay visible as preceding content streams in
[56/56] tests/browser/reference-streaming.spec.ts:7:3 › late chapter anchors respect reader scrolling as preceding content streams in
  3 failed
    tests/browser/closeout.spec.ts:21:1 › closeout awards once, is shared with observers, and paused session closure offers Void 
    tests/browser/table-audit.spec.ts:40:1 › three table contexts, palette, console and live CLI share persisted operations 
    tests/browser/v21-campaign.spec.ts:23:1 › campaign home: header actions, player tiles, copy, join requests, foe chips, log filter 
  3 skipped
  50 passed (21.2m)

UPLOG:
/dev/loop4       79G   39G   36G  52% /

[exited with code 0]
