$ pnpm lint && pnpm check:engine && pnpm check:app && pnpm check-links && pnpm check-vendor && pnpm content:check && pnpm foes:check && pnpm build
$ eslint . && prettier --check .
Checking formatting...
All matched files use Prettier code style!
$ tsc --noEmit && vitest run --project engine

 RUN  v4.1.11 /app

 ✓  engine  tests/fury-decisions.test.ts (5 tests) 362ms
   ✓ R01 checks 2-3: every option value, grant and quoted count/budget sentence is verbatim in its cited source  348ms
 ✓  engine  tests/character-v25-evaluator.test.ts (8 tests) 304ms
 ✓  engine  tests/cli.test.ts (1 test) 198ms
 ✓  engine  tests/acceptance.test.ts (3 tests) 93ms
 ✓  engine  tests/parser.test.ts (8 tests) 76ms
 ✓  engine  tests/live-state-initialization.test.ts (4 tests) 73ms
 ✓  engine  tests/character-derived-values.test.ts (4 tests) 51ms
 ✓  engine  tests/history.test.ts (3 tests) 51ms
 ✓  engine  tests/core-conditions.test.ts (11 tests) 25ms
 ✓  engine  tests/character-evaluator.test.ts (8 tests) 28ms
 ✓  engine  tests/character-creation-rulings.test.ts (6 tests) 16ms
 ✓  engine  tests/engine.test.ts (13 tests) 15ms
 ✓  engine  tests/resolve.test.ts (19 tests) 13ms
 ✓  engine  tests/v25-build-roll-contributions.test.ts (4 tests) 5ms

 Test Files  14 passed (14)
      Tests  97 passed (97)
   Start at  02:26:33
   Duration  3.02s (transform 221ms, setup 0ms, import 431ms, tests 1.31s, environment 1ms)

$ tsc -p tsconfig.web.json && vitest run --project app --project scripts

 RUN  v4.1.11 /app

 ✓  app  tests/app/abilities.test.ts (17 tests) 2400ms
     ✓ acceptance 1 and 2: 10.1 free strike through /ability use; retry returns the same result with no second roll or damage  994ms
 ✓  app  tests/app/combat.test.ts (19 tests) 1343ms
     ✓ acceptance 1: the setup card is a Director draft that follows the rosters; Cancel leaves no encounter, snapshot or lock  502ms
 ✓  app  tests/app/history.test.ts (14 tests) 1383ms
 ✓  app  tests/app/admission.test.ts (11 tests) 937ms
     ✓ acceptance 3: a player submission is not effective until approval; withdrawal and decline leave it unchanged  502ms
 ✓  app  tests/app/closeout-session.test.ts (6 tests) 914ms
     ✓ missing Void choice, unauthorized closure and pause with a Void choice leave state and history untouched  536ms
 ✓  app  tests/app/v001-walkthrough.test.ts (1 test) 884ms
   ✓ A09: admitted hero → real combat → correction/history → closeout → next session → paused Void keep/reset  883ms
 ✓  app  tests/app/closeout.test.ts (7 tests) 867ms
     ✓ ends structure without synthetic boundaries/dice; closes cards, supports rewind/redo, rejects turns and attacks  513ms
 ✓  app  tests/app/history-audit.test.ts (5 tests) 767ms
     ✓ admission is separate; targeting preparation does not consume undo and is cleared by it  506ms
 ✓  app  tests/app/audience.test.ts (8 tests) 725ms
     ✓ difficulty projection preserves public skill text containing result-like punctuation: Lore; hard: winter  448ms
 ✓  app  tests/app/table.test.ts (6 tests) 661ms
     ✓ acceptance 1 and 2: authority matrix across Director, player and observer  452ms
 ✓  app  tests/app/character-review-queue.test.ts (2 tests) 650ms
   ✓ an owner sees a new pending submission after 205 withdrawn reviews from same owner  600ms
 ✓  app  tests/app/registry.test.ts (7 tests) 624ms
     ✓ acceptance 1: the same /table roll from two submitters yields events of identical shape with server dice  445ms
 ✓  app  tests/app/a05-review-regressions.test.ts (3 tests) 637ms
   ✓ committed combat checks Ferocity affordability during roll  512ms
 ✓  app  tests/app/characters.test.ts (9 tests) 577ms
     ✓ create/reopen persists authored fields and isolates private drafts across users  411ms
 ✓  app  tests/app/foes.test.ts (5 tests) 587ms
     ✓ Director loads independent sourced foes; peers see every foe through the selected health projection  447ms
 ✓  app  tests/app/setup-local.test.ts (6 tests) 553ms
 ✓  app  tests/app/access-sessions.test.ts (8 tests) 548ms
 ✓  app  tests/app/foe-operations.test.ts (2 tests) 556ms
   ✓ foe buttons/API/commands share retries, source snapshots and journaled creation/removal  505ms
 ✓  app  tests/app/interactions.test.ts (3 tests) 525ms
     ✓ acceptance 5: opened by a short command, labeled in the log, answered headlessly, resolved  456ms
 ✓  app  tests/app/content.test.ts (3 tests) 514ms
     ✓ reseed loads every manifest entry; queries return the Goblin Warrior source verbatim  425ms
 ✓  app  tests/app/character-rulings.test.ts (2 tests) 515ms
   ✓ Q-CHAR-10 shared evaluation, persisted draft and admission allow two of three ancestry points  470ms
 ✓  app  tests/app/closeout-audit.test.ts (1 test) 483ms
   ✓ normal cleanup clears a retained foe temporary pool once, with a private persisted journal  482ms
 ✓  app  tests/app/independent-review.test.ts (4 tests) 480ms
   ✓ independent: persisted session deletion revokes already issued identity across all private surfaces  410ms
 ✓  app  tests/app/journal.test.ts (5 tests) 444ms
 ✓  app  tests/app/elementalist-character.test.ts (4 tests) 352ms
 ✓  app  tests/app/dice.test.ts (6 tests) 327ms
     ✓ same commandId returns the identical accepted roll; a new id draws new values  301ms
 ✓  app  tests/app/history-interaction-regressions.test.ts (8 tests) 307ms
 ✓  app  tests/app/parse.test.ts (97 tests) 15ms
 ✓  app  tests/app/engine-adapter.test.ts (1 test) 6ms
 ✓  app  tests/app/command-identities.test.ts (2 tests) 3ms
 ✓  scripts  tests/scripts/core-presentation.test.ts (7 tests) 15158ms
   ✓ covers every Core glyph family through the production projection and React semantics  14945ms
 ✓  scripts  tests/scripts/rules.test.ts (8 tests) 64563ms
   ✓ ranks every unique exact title first, supports prefixes, typos and filters  4810ms
   ✓ regenerates identical articles, metadata and search from the same pin  29738ms
 ✓  scripts  tests/scripts/foes.test.ts (14 tests) 4713ms
     ✓ regenerates twice byte-for-byte and retains exact pinned input  1592ms
     ✓ survives reordering without retargeting IDs and refuses missing or duplicate identity bindings  329ms
     ✓ uses generic whitespace extraction across multiple fixtures, rejects lost text and stat disagreements  649ms
     ✓ checks feature table fields and optional-spend labels against printed Markdown  616ms
     ✓ rejects incoherent corrections and reports additional parent prose  624ms
     ✓ applies revision/expected-value guarded corrections, preserving originals and exact older editions  302ms
 ✓  scripts  tests/scripts/build-content.test.ts (22 tests) 1787ms
     ✓ detects a hand-edited generation date 9999-99-99 independently  577ms
     ✓ detects a hand-edited generation date 2020-01-01 independently  549ms
 ✓  scripts  tests/scripts/check-commit.test.ts (14 tests) 262ms
 ✓  scripts  tests/scripts/app-output.test.ts (1 test) 196ms
 ✓  scripts  tests/scripts/glyphs.test.ts (4 tests) 40ms
 ✓  scripts  tests/scripts/pinned-source.test.ts (1 test) 41ms
 ✓  scripts  tests/scripts/check-links.test.ts (4 tests) 8ms

 Test Files  39 passed (39)
      Tests  347 passed (347)
   Start at  02:26:45
   Duration  113.22s (transform 1.20s, setup 0ms, import 3.35s, tests 106.35s, environment 3ms)

$ node scripts/check-links.ts
Checked 191 Markdown files: no broken relative links or anchors.
$ node scripts/check-vendor.ts
vendor/ matches the pinned submodule commits (2 submodules).
$ node scripts/build-content.ts --check
shared/content/compendium matches the clean pinned Compendium (467 entries, 10 excluded, revision fb83a789da8f).
$ node scripts/ingest-foes.ts --check
Foes: 11 stat blocks, 40 features; edition 6c6bbd40f2460c196511a2f0cc19b2ff9184ddee27be90245e5d5a8a915ed331; verified
$ pnpm rules:ingest && tsc -p tsconfig.web.json && vite build
$ node scripts/ingest-rules.ts
Ingested 2614 entries, 26 categories from fb83a789da8f. No unresolved links.
vite v8.3.0 building client environment for production...
transforming...
✓ 2834 modules transformed.
rendering chunks...
computing gzip size...
dist/index.html                                                         1.58 kB │ gzip:   0.68 kB
dist/assets/search.worker-oMKCTI8n.js                                  19.07 kB
dist/assets/schibsted-grotesk-latin-ext-wght-normal-hsMS0n0O.woff2     20.92 kB
dist/assets/DrawSteelGlyphs-Regular-Bxmll151.otf                       21.63 kB
dist/assets/schibsted-grotesk-latin-wght-normal-Bb8VGrTG.woff2         46.75 kB
dist/assets/overlay-card-C1jW4vvI.css                                   0.75 kB │ gzip:   0.39 kB
dist/assets/article-Dre97K8_.css                                       11.34 kB │ gzip:   2.68 kB
dist/assets/index-CZfOxeG3.css                                         88.71 kB │ gzip:  15.94 kB
dist/assets/preview-CtFDe1E6.js                                         0.93 kB │ gzip:   0.56 kB
dist/assets/article-DfP8S_Mx.js                                         1.33 kB │ gzip:   0.82 kB
dist/assets/x-CWHCGWgR.js                                               4.80 kB │ gzip:   2.16 kB
dist/assets/content-DedMq4x3.js                                        10.32 kB │ gzip:   4.00 kB
dist/assets/rules-DSDe2LkY.js                                          13.64 kB │ gzip:   4.44 kB
dist/assets/overlay-card-BdINy0Yq.js                                   90.77 kB │ gzip:  32.29 kB
dist/assets/foes-C862Jibs.js                                          353.73 kB │ gzip:  31.06 kB
dist/assets/index-DBaB20Wf.js                                       1,017.22 kB │ gzip: 301.54 kB

✓ built in 2.88s
[plugin builtin:vite-reporter] 
(!) Some chunks are larger than 500 kB after minification. Consider:
- Using dynamic import() to code-split the application
- Use build.rolldownOptions.output.codeSplitting to improve chunking: https://rolldown.rs/reference/OutputOptions.codeSplitting
- Adjust chunk size limit for this warning via build.chunkSizeWarningLimit.
