 Container salient-characters-dev-2389e144b9dd-job-fb70c5c3 Creating 
 Container salient-characters-dev-2389e144b9dd-job-fb70c5c3 Created 
[90mweb/wizard/index.tsx[39m 277ms (unchanged)
[90mweb/wizard/primary-choice.tsx[39m 14ms (unchanged)
[90mtests/browser/v37-supporting-choices.spec.ts[39m 62ms (unchanged)
[90mtests/browser/v42-primary-choice.spec.ts[39m 32ms (unchanged)
$ pnpm lint && pnpm check:engine && pnpm check:app && pnpm check-links && pnpm check-vendor && pnpm content:check && pnpm supporting:check && pnpm foes:check && pnpm build
$ eslint . && prettier --check .
Checking formatting...
All matched files use Prettier code style!
$ tsc --noEmit && vitest run --project engine

[1m[30m[46m RUN [49m[39m[22m [36mv4.1.11 [39m[90m/app[39m

 [32m✓[39m [30m[46m engine [49m[39m tests/supporting-coverage.test.ts [2m([22m[2m101 tests[22m[2m)[22m[33m 418[2mms[22m[39m
 [32m✓[39m [30m[46m engine [49m[39m tests/fury-decisions.test.ts [2m([22m[2m5 tests[22m[2m)[22m[33m 399[2mms[22m[39m
   [33m[2m✓[22m[39m R01 checks 2-3: every option value, grant and quoted count/budget sentence is verbatim in its cited source [33m 370[2mms[22m[39m
 [32m✓[39m [30m[46m engine [49m[39m tests/character-v25-evaluator.test.ts [2m([22m[2m8 tests[22m[2m)[22m[33m 340[2mms[22m[39m
 [32m✓[39m [30m[46m engine [49m[39m tests/cli.test.ts [2m([22m[2m1 test[22m[2m)[22m[32m 229[2mms[22m[39m
 [32m✓[39m [30m[46m engine [49m[39m tests/supporting-complications.test.ts [2m([22m[2m21 tests[22m[2m)[22m[32m 227[2mms[22m[39m
 [32m✓[39m [30m[46m engine [49m[39m tests/supporting-backgrounds.test.ts [2m([22m[2m46 tests[22m[2m)[22m[32m 153[2mms[22m[39m
 [32m✓[39m [30m[46m engine [49m[39m tests/character-v32-evaluator.test.ts [2m([22m[2m9 tests[22m[2m)[22m[32m 148[2mms[22m[39m
 [32m✓[39m [30m[46m engine [49m[39m tests/acceptance.test.ts [2m([22m[2m3 tests[22m[2m)[22m[32m 118[2mms[22m[39m
 [32m✓[39m [30m[46m engine [49m[39m tests/parser.test.ts [2m([22m[2m8 tests[22m[2m)[22m[32m 85[2mms[22m[39m
 [32m✓[39m [30m[46m engine [49m[39m tests/live-state-initialization.test.ts [2m([22m[2m4 tests[22m[2m)[22m[32m 78[2mms[22m[39m
 [32m✓[39m [30m[46m engine [49m[39m tests/character-derived-values.test.ts [2m([22m[2m4 tests[22m[2m)[22m[32m 51[2mms[22m[39m
 [32m✓[39m [30m[46m engine [49m[39m tests/history.test.ts [2m([22m[2m3 tests[22m[2m)[22m[32m 53[2mms[22m[39m
 [32m✓[39m [30m[46m engine [49m[39m tests/character-evaluator.test.ts [2m([22m[2m8 tests[22m[2m)[22m[32m 47[2mms[22m[39m
 [32m✓[39m [30m[46m engine [49m[39m tests/core-conditions.test.ts [2m([22m[2m11 tests[22m[2m)[22m[32m 29[2mms[22m[39m
 [32m✓[39m [30m[46m engine [49m[39m tests/character-creation-rulings.test.ts [2m([22m[2m6 tests[22m[2m)[22m[32m 19[2mms[22m[39m
 [32m✓[39m [30m[46m engine [49m[39m tests/engine.test.ts [2m([22m[2m13 tests[22m[2m)[22m[32m 23[2mms[22m[39m
 [32m✓[39m [30m[46m engine [49m[39m tests/resolve.test.ts [2m([22m[2m19 tests[22m[2m)[22m[32m 14[2mms[22m[39m
 [32m✓[39m [30m[46m engine [49m[39m tests/v25-build-roll-contributions.test.ts [2m([22m[2m4 tests[22m[2m)[22m[32m 4[2mms[22m[39m

[2m Test Files [22m [1m[32m18 passed[39m[22m[90m (18)[39m
[2m      Tests [22m [1m[32m274 passed[39m[22m[90m (274)[39m
[2m   Start at [22m 05:39:14
[2m   Duration [22m 5.30s[2m (transform 461ms, setup 0ms, import 1.06s, tests 2.43s, environment 1ms)[22m

$ tsc -p tsconfig.web.json && vitest run --project app --project scripts

[1m[30m[46m RUN [49m[39m[22m [36mv4.1.11 [39m[90m/app[39m

 [32m✓[39m [30m[43m app [49m[39m tests/app/abilities.test.ts [2m([22m[2m17 tests[22m[2m)[22m[33m 3412[2mms[22m[39m
     [33m[2m✓[22m[39m acceptance 1 and 2: 10.1 free strike through /ability use; retry returns the same result with no second roll or damage [33m 1584[2mms[22m[39m
 [32m✓[39m [30m[43m app [49m[39m tests/app/history.test.ts [2m([22m[2m14 tests[22m[2m)[22m[33m 1676[2mms[22m[39m
 [32m✓[39m [30m[43m app [49m[39m tests/app/combat.test.ts [2m([22m[2m19 tests[22m[2m)[22m[33m 1684[2mms[22m[39m
     [33m[2m✓[22m[39m acceptance 1: the setup card is a Director draft that follows the rosters; Cancel leaves no encounter, snapshot or lock [33m 621[2mms[22m[39m
 [32m✓[39m [30m[43m app [49m[39m tests/app/character-progression.test.ts [2m([22m[2m13 tests[22m[2m)[22m[33m 1271[2mms[22m[39m
   [33m[2m✓[22m[39m Fury level-up persists, retries once and preserves every compatible live value [33m 594[2mms[22m[39m
 [32m✓[39m [30m[43m app [49m[39m tests/app/admission.test.ts [2m([22m[2m11 tests[22m[2m)[22m[33m 1137[2mms[22m[39m
     [33m[2m✓[22m[39m acceptance 3: a player submission is not effective until approval; withdrawal and decline leave it unchanged [33m 608[2mms[22m[39m
 [32m✓[39m [30m[43m app [49m[39m tests/app/closeout-session.test.ts [2m([22m[2m6 tests[22m[2m)[22m[33m 1121[2mms[22m[39m
     [33m[2m✓[22m[39m missing Void choice, unauthorized closure and pause with a Void choice leave state and history untouched [33m 672[2mms[22m[39m
 [32m✓[39m [30m[43m app [49m[39m tests/app/closeout.test.ts [2m([22m[2m7 tests[22m[2m)[22m[33m 1126[2mms[22m[39m
     [33m[2m✓[22m[39m ends structure without synthetic boundaries/dice; closes cards, supports rewind/redo, rejects turns and attacks [33m 656[2mms[22m[39m
 [32m✓[39m [30m[43m app [49m[39m tests/app/v001-walkthrough.test.ts [2m([22m[2m1 test[22m[2m)[22m[33m 1041[2mms[22m[39m
   [33m[2m✓[22m[39m A09: admitted hero → real combat → correction/history → closeout → next session → paused Void keep/reset [33m 1040[2mms[22m[39m
[90mstderr[2m | tests/app/account-email.test.ts[2m > [22m[2mBetter Auth recovery with Cloudflare mail[2m > [22m[2mreal routes queue canonical mail, reset persisted credentials, revoke sessions and refuse reuse
[22m[39m2026-09-19T05:39:46.850Z ERROR [Better Auth]: Reset Password: User not found { email: [32m'missing@example.test'[39m }

[90mstderr[2m | tests/app/account-email.test.ts[2m > [22m[2mBetter Auth recovery with Cloudflare mail[2m > [22m[2mreal routes queue canonical mail, reset persisted credentials, revoke sessions and refuse reuse
[22m[39m2026-09-19T05:39:47.057Z ERROR [Better Auth]: Invalid password

[90mstderr[2m | tests/app/account-email.test.ts[2m > [22m[2mBetter Auth recovery with Cloudflare mail[2m > [22m[2mexpired tokens and untrusted redirects are refused
[22m[39m2026-09-19T05:39:47.259Z ERROR [Better Auth]: Invalid redirectURL: https://attacker.example/reset

[90mstderr[2m | tests/app/account-email.test.ts[2m > [22m[2mBetter Auth recovery with Cloudflare mail[2m > [22m[2mdatabase request limits reject a fourth request across separate auth instances
[22m[39m2026-09-19T05:39:47.268Z ERROR [Better Auth]: Reset Password: User not found { email: [32m'missing@example.test'[39m }

[90mstderr[2m | tests/app/account-email.test.ts[2m > [22m[2mBetter Auth recovery with Cloudflare mail[2m > [22m[2mdatabase request limits reject a fourth request across separate auth instances
[22m[39m2026-09-19T05:39:47.273Z ERROR [Better Auth]: Reset Password: User not found { email: [32m'missing@example.test'[39m }

[90mstderr[2m | tests/app/account-email.test.ts[2m > [22m[2mBetter Auth recovery with Cloudflare mail[2m > [22m[2mdatabase request limits reject a fourth request across separate auth instances
[22m[39m2026-09-19T05:39:47.278Z ERROR [Better Auth]: Reset Password: User not found { email: [32m'missing@example.test'[39m }

[90mstderr[2m | tests/app/account-email.test.ts[2m > [22m[2mBetter Auth recovery with Cloudflare mail[2m > [22m[2munconfigured deployments expose no recovery capability and do not queue mail
[22m[39m2026-09-19T05:39:47.285Z ERROR [Better Auth]: Reset password isn't enabled.Please pass an emailAndPassword.sendResetPassword function in your auth config!

 [32m✓[39m [30m[43m app [49m[39m tests/app/account-email.test.ts [2m([22m[2m9 tests[22m[2m)[22m[33m 1063[2mms[22m[39m
     [33m[2m✓[22m[39m real routes queue canonical mail, reset persisted credentials, revoke sessions and refuse reuse [33m 924[2mms[22m[39m
 [32m✓[39m [30m[43m app [49m[39m tests/app/characterSecrets.test.ts [2m([22m[2m5 tests[22m[2m)[22m[33m 1000[2mms[22m[39m
   [33m[2m✓[22m[39m only the campaign Director can read/write the inheritance; public revisions, sheets and events disclose no item [33m 625[2mms[22m[39m
 [32m✓[39m [30m[43m app [49m[39m tests/app/history-audit.test.ts [2m([22m[2m5 tests[22m[2m)[22m[33m 1027[2mms[22m[39m
     [33m[2m✓[22m[39m admission is separate; targeting preparation does not consume undo and is cleared by it [33m 679[2mms[22m[39m
 [32m✓[39m [30m[43m app [49m[39m tests/app/characterDirectorSetup.test.ts [2m([22m[2m7 tests[22m[2m)[22m[33m 972[2mms[22m[39m
   [33m[2m✓[22m[39m player submits owner-complete inputs, but admission waits atomically for the private Director choice [33m 563[2mms[22m[39m
 [32m✓[39m [30m[43m app [49m[39m tests/app/audience.test.ts [2m([22m[2m8 tests[22m[2m)[22m[33m 891[2mms[22m[39m
     [33m[2m✓[22m[39m difficulty projection preserves public skill text containing result-like punctuation: Lore; hard: winter [33m 558[2mms[22m[39m
 [32m✓[39m [30m[43m app [49m[39m tests/app/table.test.ts [2m([22m[2m6 tests[22m[2m)[22m[33m 843[2mms[22m[39m
     [33m[2m✓[22m[39m acceptance 1 and 2: authority matrix across Director, player and observer [33m 567[2mms[22m[39m
 [32m✓[39m [30m[43m app [49m[39m tests/app/character-review-queue.test.ts [2m([22m[2m2 tests[22m[2m)[22m[33m 781[2mms[22m[39m
   [33m[2m✓[22m[39m an owner sees a new pending submission after 205 withdrawn reviews from same owner [33m 705[2mms[22m[39m
 [32m✓[39m [30m[43m app [49m[39m tests/app/characters.test.ts [2m([22m[2m11 tests[22m[2m)[22m[33m 840[2mms[22m[39m
     [33m[2m✓[22m[39m create/reopen persists authored fields and isolates private drafts across users [33m 503[2mms[22m[39m
 [32m✓[39m [30m[43m app [49m[39m tests/app/a05-review-regressions.test.ts [2m([22m[2m3 tests[22m[2m)[22m[33m 805[2mms[22m[39m
   [33m[2m✓[22m[39m committed combat checks Ferocity affordability during roll [33m 616[2mms[22m[39m
 [32m✓[39m [30m[43m app [49m[39m tests/app/registry.test.ts [2m([22m[2m7 tests[22m[2m)[22m[33m 809[2mms[22m[39m
     [33m[2m✓[22m[39m acceptance 1: the same /table roll from two submitters yields events of identical shape with server dice [33m 570[2mms[22m[39m
 [32m✓[39m [30m[43m app [49m[39m tests/app/foes.test.ts [2m([22m[2m5 tests[22m[2m)[22m[33m 690[2mms[22m[39m
     [33m[2m✓[22m[39m Director loads independent sourced foes; peers see every foe through the selected health projection [33m 510[2mms[22m[39m
 [32m✓[39m [30m[43m app [49m[39m tests/app/foe-operations.test.ts [2m([22m[2m2 tests[22m[2m)[22m[33m 717[2mms[22m[39m
   [33m[2m✓[22m[39m foe buttons/API/commands share retries, source snapshots and journaled creation/removal [33m 633[2mms[22m[39m
 [32m✓[39m [30m[43m app [49m[39m tests/app/setup-local.test.ts [2m([22m[2m6 tests[22m[2m)[22m[33m 676[2mms[22m[39m
 [32m✓[39m [30m[43m app [49m[39m tests/app/interactions.test.ts [2m([22m[2m3 tests[22m[2m)[22m[33m 655[2mms[22m[39m
     [33m[2m✓[22m[39m acceptance 5: opened by a short command, labeled in the log, answered headlessly, resolved [33m 556[2mms[22m[39m
 [32m✓[39m [30m[43m app [49m[39m tests/app/access-sessions.test.ts [2m([22m[2m8 tests[22m[2m)[22m[33m 605[2mms[22m[39m
 [32m✓[39m [30m[43m app [49m[39m tests/app/characterChoiceOrigins.test.ts [2m([22m[2m2 tests[22m[2m)[22m[33m 607[2mms[22m[39m
   [33m[2m✓[22m[39m immutable revisions retain the future choice through advancement, edits and restore [33m 595[2mms[22m[39m
 [32m✓[39m [30m[43m app [49m[39m tests/app/character-rulings.test.ts [2m([22m[2m2 tests[22m[2m)[22m[33m 643[2mms[22m[39m
   [33m[2m✓[22m[39m Q-CHAR-10 shared evaluation, persisted draft and admission allow two of three ancestry points [33m 589[2mms[22m[39m
 [32m✓[39m [30m[43m app [49m[39m tests/app/closeout-audit.test.ts [2m([22m[2m1 test[22m[2m)[22m[33m 616[2mms[22m[39m
   [33m[2m✓[22m[39m normal cleanup clears a retained foe temporary pool once, with a private persisted journal [33m 615[2mms[22m[39m
 [32m✓[39m [30m[43m app [49m[39m tests/app/content.test.ts [2m([22m[2m3 tests[22m[2m)[22m[33m 650[2mms[22m[39m
     [33m[2m✓[22m[39m reseed loads every manifest entry; queries return the Goblin Warrior source verbatim [33m 495[2mms[22m[39m
 [32m✓[39m [30m[43m app [49m[39m tests/app/independent-review.test.ts [2m([22m[2m4 tests[22m[2m)[22m[33m 739[2mms[22m[39m
   [33m[2m✓[22m[39m independent: persisted session deletion revokes already issued identity across all private surfaces [33m 643[2mms[22m[39m
 [32m✓[39m [30m[43m app [49m[39m tests/app/journal.test.ts [2m([22m[2m5 tests[22m[2m)[22m[33m 681[2mms[22m[39m
     [33m[2m✓[22m[39m concurrent appends to one campaign get distinct consecutive sequence numbers [33m 427[2mms[22m[39m
 [32m✓[39m [30m[43m app [49m[39m tests/app/elementalist-character.test.ts [2m([22m[2m4 tests[22m[2m)[22m[33m 635[2mms[22m[39m
   [33m[2m✓[22m[39m Bethell saves, reloads and supplies complete sourced features, abilities and independent source totals [33m 338[2mms[22m[39m
 [32m✓[39m [30m[43m app [49m[39m tests/app/history-interaction-regressions.test.ts [2m([22m[2m8 tests[22m[2m)[22m[33m 507[2mms[22m[39m
 [32m✓[39m [30m[43m app [49m[39m tests/app/dice.test.ts [2m([22m[2m6 tests[22m[2m)[22m[33m 325[2mms[22m[39m
     [33m[2m✓[22m[39m same commandId returns the identical accepted roll; a new id draws new values [33m 303[2mms[22m[39m
 [32m✓[39m [30m[43m app [49m[39m tests/app/parse.test.ts [2m([22m[2m97 tests[22m[2m)[22m[32m 16[2mms[22m[39m
 [32m✓[39m [30m[43m app [49m[39m tests/app/engine-adapter.test.ts [2m([22m[2m1 test[22m[2m)[22m[32m 6[2mms[22m[39m
 [32m✓[39m [30m[43m app [49m[39m tests/app/command-identities.test.ts [2m([22m[2m2 tests[22m[2m)[22m[32m 3[2mms[22m[39m
 [32m✓[39m [30m[46m scripts [49m[39m tests/scripts/rules.test.ts [2m([22m[2m8 tests[22m[2m)[22m[33m 74548[2mms[22m[39m
   [33m[2m✓[22m[39m ranks every unique exact title first, supports prefixes, typos and filters [33m 4924[2mms[22m[39m
   [33m[2m✓[22m[39m regenerates identical articles, metadata and search from the same pin [33m 28697[2mms[22m[39m
 [32m✓[39m [30m[46m scripts [49m[39m tests/scripts/foes.test.ts [2m([22m[2m25 tests[22m[2m)[22m[33m 27186[2mms[22m[39m
     [33m[2m✓[22m[39m regenerates twice byte-for-byte and retains exact pinned input [33m 26455[2mms[22m[39m
 [32m✓[39m [30m[46m scripts [49m[39m tests/scripts/core-presentation.test.ts [2m([22m[2m7 tests[22m[2m)[22m[33m 15578[2mms[22m[39m
     [33m[2m✓[22m[39m projects all immutable Foe edition objects without editing their source HTML [33m 1388[2mms[22m[39m
   [33m[2m✓[22m[39m covers every Core glyph family through the production projection and React semantics [33m 14069[2mms[22m[39m
 [32m✓[39m [30m[46m scripts [49m[39m tests/scripts/build-content.test.ts [2m([22m[2m22 tests[22m[2m)[22m[33m 2041[2mms[22m[39m
     [33m[2m✓[22m[39m regenerates byte-for-byte from the clean pinned Compendium (pnpm content:check) [33m 379[2mms[22m[39m
     [33m[2m✓[22m[39m detects a hand edit to a generated file [33m 308[2mms[22m[39m
     [33m[2m✓[22m[39m detects a hand-edited generation date 9999-99-99 independently [33m 622[2mms[22m[39m
     [33m[2m✓[22m[39m detects a hand-edited generation date 2020-01-01 independently [33m 580[2mms[22m[39m
 [32m✓[39m [30m[46m scripts [49m[39m tests/scripts/check-commit.test.ts [2m([22m[2m14 tests[22m[2m)[22m[33m 317[2mms[22m[39m
     [33m[2m✓[22m[39m range checks exempt only fixed pre-contract history; explicit and future checks remain strict [33m 305[2mms[22m[39m
 [32m✓[39m [30m[46m scripts [49m[39m tests/scripts/app-output.test.ts [2m([22m[2m1 test[22m[2m)[22m[32m 217[2mms[22m[39m
 [32m✓[39m [30m[46m scripts [49m[39m tests/scripts/foes-library.test.ts [2m([22m[2m4 tests[22m[2m)[22m[32m 63[2mms[22m[39m
 [32m✓[39m [30m[46m scripts [49m[39m tests/scripts/glyphs.test.ts [2m([22m[2m4 tests[22m[2m)[22m[32m 56[2mms[22m[39m
 [32m✓[39m [30m[46m scripts [49m[39m tests/scripts/pinned-source.test.ts [2m([22m[2m1 test[22m[2m)[22m[32m 43[2mms[22m[39m
 [32m✓[39m [30m[46m scripts [49m[39m tests/scripts/check-links.test.ts [2m([22m[2m4 tests[22m[2m)[22m[32m 9[2mms[22m[39m

[2m Test Files [22m [1m[32m45 passed[39m[22m[90m (45)[39m
[2m      Tests [22m [1m[32m400 passed[39m[22m[90m (400)[39m
[2m   Start at [22m 05:39:31
[2m   Duration [22m 160.57s[2m (transform 1.77s, setup 0ms, import 5.34s, tests 150.33s, environment 4ms)[22m

$ node scripts/check-links.ts
Checked 240 Markdown files: no broken relative links or anchors.
$ node scripts/check-vendor.ts
vendor/ matches the pinned submodule commits (2 submodules).
$ node scripts/build-content.ts --check
shared/content/compendium matches the clean pinned Compendium (483 entries, 10 excluded, revision fb83a789da8f).
$ node scripts/check-supporting-inventory.ts
V37 inventory verified: 18 careers/108 incidents, 13 culture aspects, 47 core perks, 57 skills+5 groups, 42 languages, 25 kits, 100 complications; 289 exact source records checked.
$ node scripts/ingest-foes.ts --check
Foes: 438 stat blocks, 2006 features; edition bf262edf546e91e1540cc17489915f18c4873ddd8bd8e225b20f3441e3f74f30; verified
$ pnpm rules:ingest && tsc -p tsconfig.web.json && vite build
$ node scripts/ingest-rules.ts
Ingested 2614 entries, 26 categories from fb83a789da8f. No unresolved links.
[36mvite v8.3.0 [32mbuilding client environment for production...[36m[39m
transforming...
✓ 2852 modules transformed.
rendering chunks...
computing gzip size...
dist/index.html                                                         1.66 kB │ gzip:   0.69 kB
dist/assets/search.worker-oMKCTI8n.js                                  19.07 kB
dist/assets/schibsted-grotesk-latin-ext-wght-normal-hsMS0n0O.woff2     20.92 kB
dist/assets/DrawSteelGlyphs-Regular-Bxmll151.otf                       21.63 kB
dist/assets/schibsted-grotesk-latin-wght-normal-Bb8VGrTG.woff2         46.75 kB
dist/assets/overlay-card-C1jW4vvI.css                                   0.75 kB │ gzip:   0.39 kB
dist/assets/foes-BGgFncNM.css                                           3.96 kB │ gzip:   1.16 kB
dist/assets/article-Dre97K8_.css                                       11.34 kB │ gzip:   2.68 kB
dist/assets/index-Cwn7TpfO.css                                         89.78 kB │ gzip:  16.06 kB
dist/assets/search-Csys-MlF.js                                          0.44 kB │ gzip:   0.28 kB
dist/assets/preview-D-Vz2Gym.js                                         0.88 kB │ gzip:   0.53 kB
dist/assets/x-B2CtMrqX.js                                               4.80 kB │ gzip:   2.16 kB
dist/assets/article-BWyiCa1k.js                                        11.59 kB │ gzip:   4.61 kB
dist/assets/rules-wF_2gGKT.js                                          13.27 kB │ gzip:   4.28 kB
dist/assets/overlay-card-CC4zlAt4.js                                   90.75 kB │ gzip:  32.44 kB
dist/assets/index-CXg2JY-j.js                                       1,724.01 kB │ gzip: 423.49 kB
dist/assets/foes-CYNeq1lE.js                                        6,733.33 kB │ gzip: 705.35 kB

[32m✓ built in 5.37s[39m
[33m[plugin builtin:vite-reporter] 
(!) Some chunks are larger than 500 kB after minification. Consider:
- Using dynamic import() to code-split the application
- Use build.rolldownOptions.output.codeSplitting to improve chunking: https://rolldown.rs/reference/OutputOptions.codeSplitting
- Adjust chunk size limit for this warning via build.chunkSizeWarningLimit.[39m
[33m[33m[PLUGIN_TIMINGS] [0mPlugin hooks ran for 4.9s of this 5.4s build (91%).
The slowest hooks, timed inside each callback (the wait before a callback starts is excluded, the time it awaits is included):
  - vite:worker-import-meta-url transform (85%, 4.6s, 1 call)
  - vite:css transform (79%, 4.2s, 6 calls)
These rows add up to more than the total. Callbacks can overlap, so the same time counts for more than one row.
2 hooks are listed without a time. Their calls overlapped, so the time inside one call includes work from other calls. To find their cost, profile the build with `node --cpu-prof`:
  - @tailwindcss/vite:generate:build transform (6 calls)
  - vite:asset load (2 calls)
See https://rolldown.rs/reference/InputOptions.checks#plugintimings for more details.
[39m
