 Container salient-characters-dev-2389e144b9dd-job-f28208a4 Creating 
 Container salient-characters-dev-2389e144b9dd-job-f28208a4 Created 
web/wizard/index.tsx 272ms
[90mweb/wizard/primary-choice.tsx[39m 20ms (unchanged)
tests/browser/v21-wizard.spec.ts 41ms
tests/browser/v25-elementalist.spec.ts 32ms
tests/browser/v37-supporting-choices.spec.ts 45ms
tests/browser/v40-unsaved-wizard.spec.ts 22ms
tests/browser/v42-primary-choice.spec.ts 39ms
tests/browser/wizard.spec.ts 45ms
$ pnpm lint && pnpm check:engine && pnpm check:app && pnpm check-links && pnpm check-vendor && pnpm content:check && pnpm supporting:check && pnpm foes:check && pnpm build
$ eslint . && prettier --check .

/app/web/wizard/primary-choice.tsx
  52:22  error  Error: Cannot access refs during render

React refs are values that are not needed for rendering. Refs should only be accessed outside of render, such as in event handlers or effects. Accessing a ref value (the `current` property) during render can cause your component not to update as expected (https://react.dev/reference/react/useRef).

/app/web/wizard/primary-choice.tsx:52:22
  50 |         </Button>
  51 |       )}
> 52 |       {renderChooser(finish)}
     |                      ^^^^^^ Cannot access ref value during render
  53 |     </div>
  54 |   ) : (
  55 |     <>  react-hooks/refs

✖ 1 problem (1 error, 0 warnings)

[ELIFECYCLE] Command failed with exit code 1.
[ELIFECYCLE] Command failed with exit code 1.

