 Container salient-characters-dev-2389e144b9dd-job-dc87fa5f Creating 
 Container salient-characters-dev-2389e144b9dd-job-dc87fa5f Created 
$ eslint . && prettier --check .
Checking formatting...
All matched files use Prettier code style!
$ pnpm rules:ingest && tsc -p tsconfig.web.json && vite build
$ node scripts/ingest-rules.ts
Ingested 2614 entries, 26 categories from fb83a789da8f. No unresolved links.
[36mvite v8.3.0 [32mbuilding client environment for production...[36m[39m
transforming...
✓ 2852 modules transformed.
rendering chunks...
computing gzip size...
dist/index.html                                                         1.66 kB │ gzip:   0.69 kB
dist/assets/search.worker-oMKCTI8n.js                                  19.07 kB
dist/assets/schibsted-grotesk-latin-ext-wght-normal-hsMS0n0O.woff2     20.92 kB
dist/assets/DrawSteelGlyphs-Regular-Bxmll151.otf                       21.63 kB
dist/assets/schibsted-grotesk-latin-wght-normal-Bb8VGrTG.woff2         46.75 kB
dist/assets/overlay-card-C1jW4vvI.css                                   0.75 kB │ gzip:   0.39 kB
dist/assets/foes-BGgFncNM.css                                           3.96 kB │ gzip:   1.16 kB
dist/assets/article-Dre97K8_.css                                       11.34 kB │ gzip:   2.68 kB
dist/assets/index-Cwn7TpfO.css                                         89.78 kB │ gzip:  16.06 kB
dist/assets/search-Csys-MlF.js                                          0.44 kB │ gzip:   0.28 kB
dist/assets/preview-B-eWRTCK.js                                         0.88 kB │ gzip:   0.53 kB
dist/assets/x-B2CtMrqX.js                                               4.80 kB │ gzip:   2.16 kB
dist/assets/article-BWyiCa1k.js                                        11.59 kB │ gzip:   4.61 kB
dist/assets/rules-DXwplKYX.js                                          13.27 kB │ gzip:   4.28 kB
dist/assets/overlay-card-CC4zlAt4.js                                   90.75 kB │ gzip:  32.44 kB
dist/assets/index-BN1bcD3J.js                                       1,724.03 kB │ gzip: 423.49 kB
dist/assets/foes-9uTpJldu.js                                        6,733.33 kB │ gzip: 705.35 kB

[32m✓ built in 4.50s[39m
[33m[plugin builtin:vite-reporter] 
(!) Some chunks are larger than 500 kB after minification. Consider:
- Using dynamic import() to code-split the application
- Use build.rolldownOptions.output.codeSplitting to improve chunking: https://rolldown.rs/reference/OutputOptions.codeSplitting
- Adjust chunk size limit for this warning via build.chunkSizeWarningLimit.[39m
[33m[33m[PLUGIN_TIMINGS] [0mPlugin hooks ran for 4.1s of this 4.5s build (92%).
The slowest hooks, timed inside each callback (the wait before a callback starts is excluded, the time it awaits is included):
  - vite:worker-import-meta-url transform (87%, 3.9s, 1 call)
  - vite:asset load (87%, 3.9s, 2 calls)
  - vite:css transform (82%, 3.7s, 6 calls)
These rows add up to more than the total. Callbacks can overlap, so the same time counts for more than one row.
1 hook is listed without a time. Its calls overlapped, so the time inside one call includes work from other calls. To find its cost, profile the build with `node --cpu-prof`:
  - @tailwindcss/vite:generate:build transform (6 calls)
See https://rolldown.rs/reference/InputOptions.checks#plugintimings for more details.
[39m
