$ pnpm lint && pnpm check:engine && pnpm check:app && pnpm check-links && pnpm check-vendor && pnpm content:check && pnpm foes:check && pnpm build
$ eslint . && prettier --check .
Checking formatting...
All matched files use Prettier code style!
$ tsc --noEmit && vitest run --project engine

 RUN  v4.1.11 /app

 ✓  engine  tests/resolve.test.ts (19 tests) 18ms
 ✓  engine  tests/engine.test.ts (13 tests) 15ms
 ✓  engine  tests/fury-decisions.test.ts (5 tests) 377ms
   ✓ R01 checks 2-3: every option value, grant and quoted count/budget sentence is verbatim in its cited source  359ms
 ✓  engine  tests/character-v25-evaluator.test.ts (8 tests) 300ms
 ✓  engine  tests/character-derived-values.test.ts (4 tests) 59ms
 ✓  engine  tests/character-v32-evaluator.test.ts (9 tests) 54ms
 ✓  engine  tests/live-state-initialization.test.ts (4 tests) 77ms
 ✓  engine  tests/character-evaluator.test.ts (8 tests) 28ms
 ✓  engine  tests/acceptance.test.ts (3 tests) 102ms
 ✓  engine  tests/parser.test.ts (8 tests) 81ms
 ✓  engine  tests/history.test.ts (3 tests) 49ms
 ✓  engine  tests/character-creation-rulings.test.ts (6 tests) 16ms
 ✓  engine  tests/v25-build-roll-contributions.test.ts (4 tests) 4ms
 ✓  engine  tests/core-conditions.test.ts (11 tests) 31ms
 ✓  engine  tests/cli.test.ts (1 test) 212ms

 Test Files  15 passed (15)
      Tests  106 passed (106)
   Start at  12:47:10
   Duration  3.24s (transform 235ms, setup 0ms, import 471ms, tests 1.42s, environment 1ms)

$ tsc -p tsconfig.web.json && vitest run --project app --project scripts

 RUN  v4.1.11 /app

 ✓  app  tests/app/combat.test.ts (19 tests) 1847ms
     ✓ acceptance 1: the setup card is a Director draft that follows the rosters; Cancel leaves no encounter, snapshot or lock  971ms
 ✓  app  tests/app/abilities.test.ts (17 tests) 1991ms
     ✓ acceptance 1 and 2: 10.1 free strike through /ability use; retry returns the same result with no second roll or damage  582ms
 ✓  app  tests/app/history.test.ts (14 tests) 1409ms
 ✓  app  tests/app/admission.test.ts (11 tests) 981ms
     ✓ acceptance 3: a player submission is not effective until approval; withdrawal and decline leave it unchanged  539ms
 ✓  app  tests/app/character-progression.test.ts (13 tests) 1012ms
   ✓ Fury level-up persists, retries once and preserves every compatible live value  492ms
 ✓  app  tests/app/access-sessions.test.ts (8 tests) 547ms
 ✓  app  tests/app/table.test.ts (6 tests) 688ms
     ✓ acceptance 1 and 2: authority matrix across Director, player and observer  462ms
 ✓  app  tests/app/v001-walkthrough.test.ts (1 test) 899ms
   ✓ A09: admitted hero → real combat → correction/history → closeout → next session → paused Void keep/reset  898ms
 ✓  app  tests/app/characters.test.ts (9 tests) 607ms
     ✓ create/reopen persists authored fields and isolates private drafts across users  414ms
 ✓  app  tests/app/closeout.test.ts (7 tests) 908ms
     ✓ ends structure without synthetic boundaries/dice; closes cards, supports rewind/redo, rejects turns and attacks  541ms
 ✓  app  tests/app/registry.test.ts (7 tests) 637ms
     ✓ acceptance 1: the same /table roll from two submitters yields events of identical shape with server dice  463ms
 ✓  app  tests/app/audience.test.ts (8 tests) 701ms
     ✓ difficulty projection preserves public skill text containing result-like punctuation: Lore; hard: winter  450ms
 ✓  app  tests/app/history-interaction-regressions.test.ts (8 tests) 330ms
 ✓  app  tests/app/foes.test.ts (5 tests) 591ms
     ✓ Director loads independent sourced foes; peers see every foe through the selected health projection  450ms
 ✓  app  tests/app/journal.test.ts (5 tests) 471ms
     ✓ concurrent appends to one campaign get distinct consecutive sequence numbers  314ms
 ✓  app  tests/app/elementalist-character.test.ts (4 tests) 357ms
 ✓  app  tests/app/history-audit.test.ts (5 tests) 767ms
     ✓ admission is separate; targeting preparation does not consume undo and is cleared by it  506ms
 ✓  app  tests/app/interactions.test.ts (3 tests) 540ms
     ✓ acceptance 5: opened by a short command, labeled in the log, answered headlessly, resolved  473ms
 ✓  app  tests/app/closeout-session.test.ts (6 tests) 934ms
     ✓ missing Void choice, unauthorized closure and pause with a Void choice leave state and history untouched  533ms
 ✓  app  tests/app/dice.test.ts (6 tests) 327ms
     ✓ same commandId returns the identical accepted roll; a new id draws new values  309ms
 ✓  app  tests/app/content.test.ts (3 tests) 520ms
     ✓ reseed loads every manifest entry; queries return the Goblin Warrior source verbatim  431ms
 ✓  app  tests/app/independent-review.test.ts (4 tests) 508ms
   ✓ independent: persisted session deletion revokes already issued identity across all private surfaces  438ms
 ✓  app  tests/app/setup-local.test.ts (6 tests) 560ms
 ✓  app  tests/app/parse.test.ts (97 tests) 15ms
 ✓  app  tests/app/foe-operations.test.ts (2 tests) 535ms
   ✓ foe buttons/API/commands share retries, source snapshots and journaled creation/removal  475ms
 ✓  app  tests/app/a05-review-regressions.test.ts (3 tests) 643ms
   ✓ committed combat checks Ferocity affordability during roll  517ms
 ✓  app  tests/app/character-rulings.test.ts (2 tests) 519ms
   ✓ Q-CHAR-10 shared evaluation, persisted draft and admission allow two of three ancestry points  465ms
 ✓  app  tests/app/closeout-audit.test.ts (1 test) 505ms
   ✓ normal cleanup clears a retained foe temporary pool once, with a private persisted journal  504ms
 ✓  app  tests/app/character-review-queue.test.ts (2 tests) 666ms
   ✓ an owner sees a new pending submission after 205 withdrawn reviews from same owner  607ms
 ✓  app  tests/app/command-identities.test.ts (2 tests) 3ms
 ✓  app  tests/app/engine-adapter.test.ts (1 test) 6ms
 ✓  scripts  tests/scripts/foes.test.ts (14 tests) 5694ms
     ✓ regenerates twice byte-for-byte and retains exact pinned input  2663ms
     ✓ survives reordering without retargeting IDs and refuses missing or duplicate identity bindings  324ms
     ✓ supports duplicate names with distinct explicit identities and refuses unresolvable identical records  323ms
     ✓ uses generic whitespace extraction across multiple fixtures, rejects lost text and stat disagreements  577ms
     ✓ checks feature table fields and optional-spend labels against printed Markdown  585ms
     ✓ rejects incoherent corrections and reports additional parent prose  628ms
 ✓  scripts  tests/scripts/build-content.test.ts (22 tests) 1655ms
     ✓ detects a hand-edited generation date 9999-99-99 independently  503ms
     ✓ detects a hand-edited generation date 2020-01-01 independently  499ms
 ✓  scripts  tests/scripts/check-commit.test.ts (14 tests) 280ms
 ✓  scripts  tests/scripts/rules.test.ts (8 tests) 65007ms
   ✓ ranks every unique exact title first, supports prefixes, typos and filters  4775ms
   ✓ regenerates identical articles, metadata and search from the same pin  30253ms
 ✓  scripts  tests/scripts/core-presentation.test.ts (7 tests) 13783ms
   ✓ covers every Core glyph family through the production projection and React semantics  13606ms
 ✓  scripts  tests/scripts/glyphs.test.ts (4 tests) 41ms
 ✓  scripts  tests/scripts/check-links.test.ts (4 tests) 8ms
 ✓  scripts  tests/scripts/pinned-source.test.ts (1 test) 44ms
 ✓  scripts  tests/scripts/app-output.test.ts (1 test) 202ms

 Test Files  40 passed (40)
      Tests  360 passed (360)
   Start at  12:47:24
   Duration  114.95s (transform 1.27s, setup 0ms, import 3.56s, tests 107.73s, environment 3ms)

$ node scripts/check-links.ts
Checked 201 Markdown files: no broken relative links or anchors.
$ node scripts/check-vendor.ts
vendor/ matches the pinned submodule commits (2 submodules).
$ node scripts/build-content.ts --check
shared/content/compendium matches the clean pinned Compendium (473 entries, 10 excluded, revision fb83a789da8f).
$ node scripts/ingest-foes.ts --check
Foes: 11 stat blocks, 40 features; edition 6c6bbd40f2460c196511a2f0cc19b2ff9184ddee27be90245e5d5a8a915ed331; verified
$ pnpm rules:ingest && tsc -p tsconfig.web.json && vite build
$ node scripts/ingest-rules.ts
Ingested 2614 entries, 26 categories from fb83a789da8f. No unresolved links.
vite v8.3.0 building client environment for production...
transforming...
✓ 2836 modules transformed.
rendering chunks...
computing gzip size...
dist/index.html                                                         1.58 kB │ gzip:   0.68 kB
dist/assets/search.worker-oMKCTI8n.js                                  19.07 kB
dist/assets/schibsted-grotesk-latin-ext-wght-normal-hsMS0n0O.woff2     20.92 kB
dist/assets/DrawSteelGlyphs-Regular-Bxmll151.otf                       21.63 kB
dist/assets/schibsted-grotesk-latin-wght-normal-Bb8VGrTG.woff2         46.75 kB
dist/assets/overlay-card-C1jW4vvI.css                                   0.75 kB │ gzip:   0.39 kB
dist/assets/article-Dre97K8_.css                                       11.34 kB │ gzip:   2.68 kB
dist/assets/index-CG0jNPBK.css                                         89.87 kB │ gzip:  16.08 kB
dist/assets/preview-BbFKilWK.js                                         0.93 kB │ gzip:   0.56 kB
dist/assets/article-DfP8S_Mx.js                                         1.33 kB │ gzip:   0.82 kB
dist/assets/x-CWHCGWgR.js                                               4.80 kB │ gzip:   2.16 kB
dist/assets/content-DedMq4x3.js                                        10.32 kB │ gzip:   4.00 kB
dist/assets/rules-Voi2PmZR.js                                          13.64 kB │ gzip:   4.44 kB
dist/assets/overlay-card-BdINy0Yq.js                                   90.77 kB │ gzip:  32.29 kB
dist/assets/foes-D-QS6B7U.js                                          353.73 kB │ gzip:  31.06 kB
dist/assets/index-B5yUaybS.js                                       1,035.81 kB │ gzip: 307.11 kB

✓ built in 2.82s
[plugin builtin:vite-reporter] 
(!) Some chunks are larger than 500 kB after minification. Consider:
- Using dynamic import() to code-split the application
- Use build.rolldownOptions.output.codeSplitting to improve chunking: https://rolldown.rs/reference/OutputOptions.codeSplitting
- Adjust chunk size limit for this warning via build.chunkSizeWarningLimit.
