$ pnpm lint && pnpm check:engine && pnpm check:app && pnpm check-links && pnpm check-vendor && pnpm content:check && pnpm supporting:check && pnpm foes:check && pnpm build
$ eslint . && prettier --check .
Checking formatting...
All matched files use Prettier code style!
$ tsc --noEmit && vitest run --project engine

 RUN  v4.1.11 /app

 ✓  engine  tests/character-v32-evaluator.test.ts (9 tests) 152ms
 ✓  engine  tests/supporting-coverage.test.ts (101 tests) 404ms
 ✓  engine  tests/fury-decisions.test.ts (5 tests) 371ms
   ✓ R01 checks 2-3: every option value, grant and quoted count/budget sentence is verbatim in its cited source  357ms
 ✓  engine  tests/character-v25-evaluator.test.ts (8 tests) 308ms
 ✓  engine  tests/cli.test.ts (1 test) 204ms
 ✓  engine  tests/supporting-complications.test.ts (21 tests) 209ms
 ✓  engine  tests/supporting-backgrounds.test.ts (46 tests) 145ms
 ✓  engine  tests/acceptance.test.ts (3 tests) 98ms
 ✓  engine  tests/parser.test.ts (8 tests) 77ms
 ✓  engine  tests/live-state-initialization.test.ts (4 tests) 77ms
 ✓  engine  tests/character-derived-values.test.ts (4 tests) 56ms
 ✓  engine  tests/history.test.ts (3 tests) 40ms
 ✓  engine  tests/character-evaluator.test.ts (8 tests) 38ms
 ✓  engine  tests/core-conditions.test.ts (11 tests) 25ms
 ✓  engine  tests/character-creation-rulings.test.ts (6 tests) 18ms
 ✓  engine  tests/engine.test.ts (13 tests) 21ms
 ✓  engine  tests/resolve.test.ts (19 tests) 13ms
 ✓  engine  tests/v25-build-roll-contributions.test.ts (4 tests) 6ms

 Test Files  18 passed (18)
      Tests  274 passed (274)
   Start at  13:56:14
   Duration  5.05s (transform 418ms, setup 0ms, import 989ms, tests 2.26s, environment 1ms)

$ tsc -p tsconfig.web.json && vitest run --project app --project scripts

 RUN  v4.1.11 /app

 ✓  app  tests/app/abilities.test.ts (17 tests) 2610ms
     ✓ acceptance 1 and 2: 10.1 free strike through /ability use; retry returns the same result with no second roll or damage  1157ms
 ✓  app  tests/app/admission.test.ts (11 tests) 1036ms
     ✓ acceptance 3: a player submission is not effective until approval; withdrawal and decline leave it unchanged  563ms
 ✓  app  tests/app/history.test.ts (14 tests) 1521ms
 ✓  app  tests/app/combat.test.ts (19 tests) 1443ms
     ✓ acceptance 1: the setup card is a Director draft that follows the rosters; Cancel leaves no encounter, snapshot or lock  547ms
 ✓  app  tests/app/character-progression.test.ts (13 tests) 1077ms
   ✓ Fury level-up persists, retries once and preserves every compatible live value  484ms
 ✓  app  tests/app/closeout-session.test.ts (6 tests) 1010ms
     ✓ missing Void choice, unauthorized closure and pause with a Void choice leave state and history untouched  607ms
 ✓  app  tests/app/closeout.test.ts (7 tests) 967ms
     ✓ ends structure without synthetic boundaries/dice; closes cards, supports rewind/redo, rejects turns and attacks  575ms
 ✓  app  tests/app/v001-walkthrough.test.ts (1 test) 948ms
   ✓ A09: admitted hero → real combat → correction/history → closeout → next session → paused Void keep/reset  947ms
 ✓  app  tests/app/characterSecrets.test.ts (5 tests) 864ms
   ✓ only the campaign Director can read/write the inheritance; public revisions, sheets and events disclose no item  544ms
 ✓  app  tests/app/history-audit.test.ts (5 tests) 961ms
     ✓ admission is separate; targeting preparation does not consume undo and is cleared by it  599ms
 ✓  app  tests/app/characterDirectorSetup.test.ts (7 tests) 906ms
   ✓ player submits owner-complete inputs, but admission waits atomically for the private Director choice  509ms
 ✓  app  tests/app/audience.test.ts (8 tests) 1158ms
     ✓ difficulty projection preserves public skill text containing result-like punctuation: Lore; hard: winter  727ms
 ✓  app  tests/app/table.test.ts (6 tests) 830ms
     ✓ acceptance 1 and 2: authority matrix across Director, player and observer  555ms
 ✓  app  tests/app/character-review-queue.test.ts (2 tests) 701ms
   ✓ an owner sees a new pending submission after 205 withdrawn reviews from same owner  637ms
 ✓  app  tests/app/registry.test.ts (7 tests) 705ms
     ✓ acceptance 1: the same /table roll from two submitters yields events of identical shape with server dice  496ms
 ✓  app  tests/app/a05-review-regressions.test.ts (3 tests) 697ms
   ✓ committed combat checks Ferocity affordability during roll  558ms
 ✓  app  tests/app/characters.test.ts (9 tests) 668ms
     ✓ create/reopen persists authored fields and isolates private drafts across users  441ms
 ✓  app  tests/app/foes.test.ts (5 tests) 621ms
     ✓ Director loads independent sourced foes; peers see every foe through the selected health projection  478ms
 ✓  app  tests/app/foe-operations.test.ts (2 tests) 588ms
   ✓ foe buttons/API/commands share retries, source snapshots and journaled creation/removal  527ms
 ✓  app  tests/app/interactions.test.ts (3 tests) 584ms
     ✓ acceptance 5: opened by a short command, labeled in the log, answered headlessly, resolved  506ms
 ✓  app  tests/app/character-rulings.test.ts (2 tests) 579ms
   ✓ Q-CHAR-10 shared evaluation, persisted draft and admission allow two of three ancestry points  527ms
 ✓  app  tests/app/access-sessions.test.ts (8 tests) 584ms
 ✓  app  tests/app/characterChoiceOrigins.test.ts (2 tests) 560ms
   ✓ immutable revisions retain the future choice through advancement, edits and restore  548ms
 ✓  app  tests/app/setup-local.test.ts (6 tests) 560ms
 ✓  app  tests/app/closeout-audit.test.ts (1 test) 551ms
   ✓ normal cleanup clears a retained foe temporary pool once, with a private persisted journal  550ms
 ✓  app  tests/app/content.test.ts (3 tests) 521ms
     ✓ reseed loads every manifest entry; queries return the Goblin Warrior source verbatim  427ms
 ✓  app  tests/app/independent-review.test.ts (4 tests) 504ms
   ✓ independent: persisted session deletion revokes already issued identity across all private surfaces  442ms
 ✓  app  tests/app/journal.test.ts (5 tests) 500ms
     ✓ concurrent appends to one campaign get distinct consecutive sequence numbers  317ms
 ✓  app  tests/app/elementalist-character.test.ts (4 tests) 424ms
 ✓  app  tests/app/history-interaction-regressions.test.ts (8 tests) 370ms
 ✓  app  tests/app/dice.test.ts (6 tests) 325ms
     ✓ same commandId returns the identical accepted roll; a new id draws new values  307ms
 ✓  app  tests/app/parse.test.ts (97 tests) 15ms
 ✓  app  tests/app/engine-adapter.test.ts (1 test) 6ms
 ✓  app  tests/app/command-identities.test.ts (2 tests) 3ms
 ✓  scripts  tests/scripts/rules.test.ts (8 tests) 65250ms
   ✓ ranks every unique exact title first, supports prefixes, typos and filters  4562ms
   ✓ regenerates identical articles, metadata and search from the same pin  30177ms
 ✓  scripts  tests/scripts/core-presentation.test.ts (7 tests) 13852ms
   ✓ covers every Core glyph family through the production projection and React semantics  13682ms
 ✓  scripts  tests/scripts/foes.test.ts (14 tests) 4599ms
     ✓ regenerates twice byte-for-byte and retains exact pinned input  1562ms
     ✓ survives reordering without retargeting IDs and refuses missing or duplicate identity bindings  325ms
     ✓ supports duplicate names with distinct explicit identities and refuses unresolvable identical records  303ms
     ✓ uses generic whitespace extraction across multiple fixtures, rejects lost text and stat disagreements  586ms
     ✓ checks feature table fields and optional-spend labels against printed Markdown  586ms
     ✓ rejects incoherent corrections and reports additional parent prose  625ms
     ✓ keeps unfamiliar source text readable and flags it for comparison review  302ms
     ✓ applies revision/expected-value guarded corrections, preserving originals and exact older editions  303ms
 ✓  scripts  tests/scripts/build-content.test.ts (22 tests) 1644ms
     ✓ detects a hand-edited generation date 9999-99-99 independently  510ms
     ✓ detects a hand-edited generation date 2020-01-01 independently  492ms
 ✓  scripts  tests/scripts/check-commit.test.ts (14 tests) 259ms
 ✓  scripts  tests/scripts/app-output.test.ts (1 test) 194ms
 ✓  scripts  tests/scripts/glyphs.test.ts (4 tests) 41ms
 ✓  scripts  tests/scripts/pinned-source.test.ts (1 test) 41ms
 ✓  scripts  tests/scripts/check-links.test.ts (4 tests) 8ms

 Test Files  43 passed (43)
      Tests  374 passed (374)
   Start at  13:56:30
   Duration  119.20s (transform 1.38s, setup 0ms, import 3.87s, tests 111.28s, environment 3ms)

$ node scripts/check-links.ts
Checked 211 Markdown files: no broken relative links or anchors.
$ node scripts/check-vendor.ts
vendor/ matches the pinned submodule commits (2 submodules).
$ node scripts/build-content.ts --check
shared/content/compendium matches the clean pinned Compendium (483 entries, 10 excluded, revision fb83a789da8f).
$ node scripts/check-supporting-inventory.ts
V37 inventory verified: 18 careers/108 incidents, 13 culture aspects, 47 core perks, 57 skills+5 groups, 42 languages, 25 kits, 100 complications; 289 exact source records checked.
$ node scripts/ingest-foes.ts --check
Foes: 11 stat blocks, 40 features; edition 6c6bbd40f2460c196511a2f0cc19b2ff9184ddee27be90245e5d5a8a915ed331; verified
$ pnpm rules:ingest && tsc -p tsconfig.web.json && vite build
$ node scripts/ingest-rules.ts
Ingested 2614 entries, 26 categories from fb83a789da8f. No unresolved links.
vite v8.3.0 building client environment for production...
transforming...
✓ 2845 modules transformed.
rendering chunks...
computing gzip size...
dist/index.html                                                         1.66 kB │ gzip:   0.69 kB
dist/assets/search.worker-oMKCTI8n.js                                  19.07 kB
dist/assets/schibsted-grotesk-latin-ext-wght-normal-hsMS0n0O.woff2     20.92 kB
dist/assets/DrawSteelGlyphs-Regular-Bxmll151.otf                       21.63 kB
dist/assets/schibsted-grotesk-latin-wght-normal-Bb8VGrTG.woff2         46.75 kB
dist/assets/overlay-card-C1jW4vvI.css                                   0.75 kB │ gzip:   0.39 kB
dist/assets/article-Dre97K8_.css                                       11.34 kB │ gzip:   2.68 kB
dist/assets/index-D6Qwr7NS.css                                         90.16 kB │ gzip:  16.12 kB
dist/assets/preview-DoPpCLga.js                                         0.88 kB │ gzip:   0.53 kB
dist/assets/x-B2CtMrqX.js                                               4.80 kB │ gzip:   2.16 kB
dist/assets/article-BWyiCa1k.js                                        11.59 kB │ gzip:   4.61 kB
dist/assets/rules-DXh_3Wd6.js                                          13.59 kB │ gzip:   4.41 kB
dist/assets/overlay-card-C2Cf5NBo.js                                   90.77 kB │ gzip:  32.29 kB
dist/assets/foes-D6sJyfVc.js                                          353.67 kB │ gzip:  31.02 kB
dist/assets/index-Dle3uoWP.js                                       1,716.14 kB │ gzip: 420.86 kB

✓ built in 3.11s
[plugin builtin:vite-reporter]
(!) Some chunks are larger than 500 kB after minification. Consider:
- Using dynamic import() to code-split the application
- Use build.rolldownOptions.output.codeSplitting to improve chunking: https://rolldown.rs/reference/OutputOptions.codeSplitting
- Adjust chunk size limit for this warning via build.chunkSizeWarningLimit.
[PLUGIN_TIMINGS] Plugin hooks ran for 2.9s of this 3.1s build (94%).
The slowest hooks, timed inside each callback (the wait before a callback starts is excluded, the time it awaits is included):
  - vite:worker-import-meta-url transform (86%, 2.7s, 1 call)
  - vite:css transform (80%, 2.5s, 5 calls)
These rows add up to more than the total. Callbacks can overlap, so the same time counts for more than one row.
1 hook is listed without a time. Its calls overlapped, so the time inside one call includes work from other calls. To find its cost, profile the build with `node --cpu-prof`:
  - @tailwindcss/vite:generate:build transform (5 calls)
See https://rolldown.rs/reference/InputOptions.checks#plugintimings for more details.
