$ pnpm lint && pnpm check:engine && pnpm check:app && pnpm check-links && pnpm check-vendor && pnpm content:check && pnpm supporting:check && pnpm foes:check && pnpm build
$ eslint . && prettier --check .
Checking formatting...
All matched files use Prettier code style!
$ tsc --noEmit && vitest run --project engine

 RUN  v4.1.11 /app

 ✓  engine  tests/fury-decisions.test.ts (5 tests) 379ms
   ✓ R01 checks 2-3: every option value, grant and quoted count/budget sentence is verbatim in its cited source  365ms
 ✓  engine  tests/supporting-coverage.test.ts (101 tests) 385ms
 ✓  engine  tests/character-v25-evaluator.test.ts (8 tests) 306ms
 ✓  engine  tests/cli.test.ts (1 test) 227ms
 ✓  engine  tests/supporting-complications.test.ts (21 tests) 189ms
 ✓  engine  tests/supporting-backgrounds.test.ts (46 tests) 147ms
 ✓  engine  tests/character-v32-evaluator.test.ts (9 tests) 143ms
 ✓  engine  tests/acceptance.test.ts (3 tests) 98ms
 ✓  engine  tests/parser.test.ts (8 tests) 77ms
 ✓  engine  tests/live-state-initialization.test.ts (4 tests) 74ms
 ✓  engine  tests/character-derived-values.test.ts (4 tests) 55ms
 ✓  engine  tests/history.test.ts (3 tests) 50ms
 ✓  engine  tests/character-evaluator.test.ts (8 tests) 40ms
 ✓  engine  tests/core-conditions.test.ts (11 tests) 28ms
 ✓  engine  tests/character-creation-rulings.test.ts (6 tests) 18ms
 ✓  engine  tests/engine.test.ts (13 tests) 15ms
 ✓  engine  tests/resolve.test.ts (19 tests) 13ms
 ✓  engine  tests/v25-build-roll-contributions.test.ts (4 tests) 4ms

 Test Files  18 passed (18)
      Tests  274 passed (274)
   Start at  04:55:47
   Duration  4.76s (transform 366ms, setup 0ms, import 901ms, tests 2.25s, environment 1ms)

$ tsc -p tsconfig.web.json && vitest run --project app --project scripts

 RUN  v4.1.11 /app

 ✓  app  tests/app/abilities.test.ts (17 tests) 2640ms
     ✓ acceptance 1 and 2: 10.1 free strike through /ability use; retry returns the same result with no second roll or damage  1169ms
 ✓  app  tests/app/history.test.ts (14 tests) 1486ms
 ✓  app  tests/app/combat.test.ts (19 tests) 1468ms
     ✓ acceptance 1: the setup card is a Director draft that follows the rosters; Cancel leaves no encounter, snapshot or lock  541ms
 ✓  app  tests/app/admission.test.ts (11 tests) 1009ms
     ✓ acceptance 3: a player submission is not effective until approval; withdrawal and decline leave it unchanged  535ms
 ✓  app  tests/app/character-progression.test.ts (13 tests) 1081ms
   ✓ Fury level-up persists, retries once and preserves every compatible live value  496ms
 ✓  app  tests/app/closeout-session.test.ts (6 tests) 1008ms
     ✓ missing Void choice, unauthorized closure and pause with a Void choice leave state and history untouched  582ms
 ✓  app  tests/app/closeout.test.ts (7 tests) 972ms
     ✓ ends structure without synthetic boundaries/dice; closes cards, supports rewind/redo, rejects turns and attacks  570ms
 ✓  app  tests/app/v001-walkthrough.test.ts (1 test) 919ms
   ✓ A09: admitted hero → real combat → correction/history → closeout → next session → paused Void keep/reset  918ms
 ✓  app  tests/app/characterSecrets.test.ts (5 tests) 837ms
   ✓ only the campaign Director can read/write the inheritance; public revisions, sheets and events disclose no item  527ms
 ✓  app  tests/app/history-audit.test.ts (5 tests) 819ms
     ✓ admission is separate; targeting preparation does not consume undo and is cleared by it  538ms
 ✓  app  tests/app/characterDirectorSetup.test.ts (7 tests) 807ms
   ✓ player submits owner-complete inputs, but admission waits atomically for the private Director choice  479ms
 ✓  app  tests/app/audience.test.ts (8 tests) 776ms
     ✓ difficulty projection preserves public skill text containing result-like punctuation: Lore; hard: winter  489ms
 ✓  app  tests/app/table.test.ts (6 tests) 729ms
     ✓ acceptance 1 and 2: authority matrix across Director, player and observer  499ms
stderr | tests/app/account-email.test.ts > Better Auth recovery with Cloudflare mail > real routes queue canonical mail, reset persisted credentials, revoke sessions and refuse reuse
2026-09-19T04:56:20.359Z ERROR [Better Auth]: Reset Password: User not found { email: 'missing@example.test' }

stderr | tests/app/account-email.test.ts > Better Auth recovery with Cloudflare mail > real routes queue canonical mail, reset persisted credentials, revoke sessions and refuse reuse
2026-09-19T04:56:20.522Z ERROR [Better Auth]: Invalid password

stderr | tests/app/account-email.test.ts > Better Auth recovery with Cloudflare mail > expired tokens and untrusted redirects are refused
2026-09-19T04:56:20.682Z ERROR [Better Auth]: Invalid redirectURL: https://attacker.example/reset

stderr | tests/app/account-email.test.ts > Better Auth recovery with Cloudflare mail > database request limits reject a fourth request across separate auth instances
2026-09-19T04:56:20.688Z ERROR [Better Auth]: Reset Password: User not found { email: 'missing@example.test' }

stderr | tests/app/account-email.test.ts > Better Auth recovery with Cloudflare mail > database request limits reject a fourth request across separate auth instances
2026-09-19T04:56:20.693Z ERROR [Better Auth]: Reset Password: User not found { email: 'missing@example.test' }

stderr | tests/app/account-email.test.ts > Better Auth recovery with Cloudflare mail > database request limits reject a fourth request across separate auth instances
2026-09-19T04:56:20.697Z ERROR [Better Auth]: Reset Password: User not found { email: 'missing@example.test' }

stderr | tests/app/account-email.test.ts > Better Auth recovery with Cloudflare mail > unconfigured deployments expose no recovery capability and do not queue mail
2026-09-19T04:56:20.703Z ERROR [Better Auth]: Reset password isn't enabled.Please pass an emailAndPassword.sendResetPassword function in your auth config!

 ✓  app  tests/app/account-email.test.ts (9 tests) 863ms
     ✓ real routes queue canonical mail, reset persisted credentials, revoke sessions and refuse reuse  749ms
 ✓  app  tests/app/a05-review-regressions.test.ts (3 tests) 700ms
   ✓ committed combat checks Ferocity affordability during roll  566ms
 ✓  app  tests/app/character-review-queue.test.ts (2 tests) 706ms
   ✓ an owner sees a new pending submission after 205 withdrawn reviews from same owner  641ms
 ✓  app  tests/app/registry.test.ts (7 tests) 671ms
     ✓ acceptance 1: the same /table roll from two submitters yields events of identical shape with server dice  481ms
 ✓  app  tests/app/characters.test.ts (11 tests) 701ms
     ✓ create/reopen persists authored fields and isolates private drafts across users  444ms
 ✓  app  tests/app/foes.test.ts (5 tests) 617ms
     ✓ Director loads independent sourced foes; peers see every foe through the selected health projection  473ms
 ✓  app  tests/app/foe-operations.test.ts (2 tests) 586ms
   ✓ foe buttons/API/commands share retries, source snapshots and journaled creation/removal  524ms
 ✓  app  tests/app/interactions.test.ts (3 tests) 580ms
     ✓ acceptance 5: opened by a short command, labeled in the log, answered headlessly, resolved  498ms
 ✓  app  tests/app/character-rulings.test.ts (2 tests) 553ms
   ✓ Q-CHAR-10 shared evaluation, persisted draft and admission allow two of three ancestry points  501ms
 ✓  app  tests/app/access-sessions.test.ts (8 tests) 568ms
 ✓  app  tests/app/characterChoiceOrigins.test.ts (2 tests) 567ms
   ✓ immutable revisions retain the future choice through advancement, edits and restore  555ms
 ✓  app  tests/app/setup-local.test.ts (6 tests) 582ms
 ✓  app  tests/app/closeout-audit.test.ts (1 test) 536ms
   ✓ normal cleanup clears a retained foe temporary pool once, with a private persisted journal  535ms
 ✓  app  tests/app/independent-review.test.ts (4 tests) 514ms
   ✓ independent: persisted session deletion revokes already issued identity across all private surfaces  436ms
 ✓  app  tests/app/content.test.ts (3 tests) 531ms
     ✓ reseed loads every manifest entry; queries return the Goblin Warrior source verbatim  436ms
 ✓  app  tests/app/journal.test.ts (5 tests) 472ms
 ✓  app  tests/app/elementalist-character.test.ts (4 tests) 408ms
 ✓  app  tests/app/history-interaction-regressions.test.ts (8 tests) 344ms
 ✓  app  tests/app/dice.test.ts (6 tests) 338ms
     ✓ same commandId returns the identical accepted roll; a new id draws new values  319ms
 ✓  app  tests/app/parse.test.ts (97 tests) 16ms
 ✓  app  tests/app/engine-adapter.test.ts (1 test) 6ms
 ✓  app  tests/app/command-identities.test.ts (2 tests) 3ms
 ✓  scripts  tests/scripts/rules.test.ts (8 tests) 65173ms
   ✓ ranks every unique exact title first, supports prefixes, typos and filters  4870ms
   ✓ regenerates identical articles, metadata and search from the same pin  30650ms
 ✓  scripts  tests/scripts/foes.test.ts (25 tests) 26315ms
     ✓ regenerates twice byte-for-byte and retains exact pinned input  25633ms
 ✓  scripts  tests/scripts/core-presentation.test.ts (7 tests) 16297ms
     ✓ projects all immutable Foe edition objects without editing their source HTML  1449ms
   ✓ covers every Core glyph family through the production projection and React semantics  14713ms
 ✓  scripts  tests/scripts/build-content.test.ts (22 tests) 1814ms
     ✓ detects a hand edit to a generated file  311ms
     ✓ detects a hand-edited generation date 9999-99-99 independently  558ms
     ✓ detects a hand-edited generation date 2020-01-01 independently  529ms
 ✓  scripts  tests/scripts/check-commit.test.ts (14 tests) 274ms
 ✓  scripts  tests/scripts/app-output.test.ts (1 test) 200ms
 ✓  scripts  tests/scripts/foes-library.test.ts (4 tests) 46ms
 ✓  scripts  tests/scripts/pinned-source.test.ts (1 test) 42ms
 ✓  scripts  tests/scripts/glyphs.test.ts (4 tests) 43ms
 ✓  scripts  tests/scripts/check-links.test.ts (4 tests) 8ms

 Test Files  45 passed (45)
      Tests  400 passed (400)
   Start at  04:56:02
   Duration  144.32s (transform 1.40s, setup 0ms, import 4.48s, tests 135.63s, environment 3ms)

$ node scripts/check-links.ts
docs/build/reviews/V39-account-email-review.md:18 ../V39-account-email.md#activation-gate--pending-external-inputs — no heading #activation-gate--pending-external-inputs in docs/build/V39-account-email.md
1 broken link(s) in 237 Markdown files.
[ELIFECYCLE] Command failed with exit code 1.
[ELIFECYCLE] Command failed with exit code 1.
