 Container salient-dev-b90776c53141-web-1 Stopping 
 Container salient-dev-b90776c53141-web-1 Stopped 
 Container salient-dev-b90776c53141-web-1 Removing 
 Container salient-dev-b90776c53141-web-1 Removed 
 Container salient-dev-b90776c53141-backend-1 Stopping 
 Container salient-dev-b90776c53141-backend-1 Stopped 
 Container salient-dev-b90776c53141-backend-1 Removing 
 Container salient-dev-b90776c53141-backend-1 Removed 
 Network salient-dev-b90776c53141_default Removing 
 Network salient-dev-b90776c53141_default Removed 
 Network salient-dev-b90776c53141_default Creating 
 Network salient-dev-b90776c53141_default Creating 
 Network salient-dev-b90776c53141_default Created 
 Network salient-dev-b90776c53141_default Created 
 Container salient-dev-b90776c53141-job-3a615204 Creating 
 Container salient-dev-b90776c53141-job-3a615204 Created 
Already up to date
Done in 418ms using pnpm v11.5.3
Pinned Convex CLI compatibility patch installed (instance secret via environment).
Remote synthetic Git snapshot created; original source identity remains in runtime state.
$ node scripts/ingest-rules.ts && node scripts/build-foes-assets.ts
Ingested 2614 entries, 26 categories from fb83a789da8f. No unresolved links.
Foe delivery: 2507 entries; version ab2c43b79669b916
 Container salient-dev-b90776c53141-backend-1 Creating 
 Container salient-dev-b90776c53141-backend-1 Created 
 Container salient-dev-b90776c53141-web-1 Creating 
 Container salient-dev-b90776c53141-web-1 Created 
 Container salient-dev-b90776c53141-backend-1 Starting 
 Container salient-dev-b90776c53141-backend-1 Started 
 Container salient-dev-b90776c53141-backend-1 Waiting 
 Container salient-dev-b90776c53141-backend-1 Healthy 
 Container salient-dev-b90776c53141-web-1 Starting 
 Container salient-dev-b90776c53141-web-1 Started 
{
  "project": "salient",
  "environment": "main",
  "installation": "39ebd4ec-3fc4-417a-bcc2-a4666d5e53d3",
  "compose": "salient-dev-b90776c53141",
  "source": {
    "submodules": [
      {
        "path": "vendor/steel-compendium",
        "url": "https://github.com/SteelCompendium/data-unified.git",
        "gitlink": "fb83a789da8f0327a389c277a0c790b1648d5810",
        "initialized": true,
        "commit": "fb83a789da8f0327a389c277a0c790b1648d5810",
        "dirty": false
      },
      {
        "path": "vendor/forge-steel",
        "url": "https://github.com/andyaiken/forgesteel.git",
        "gitlink": "5a846aadb623a9855a023e9403bb887a956c341f",
        "initialized": true,
        "commit": "5a846aadb623a9855a023e9403bb887a956c341f",
        "dirty": false
      }
    ],
    "checkout": "/srv/presidium/projects/salient/code",
    "identity": "ff99c9f507ebb2dfebd4ca7c25f824165fdcece115413e30e9f0f76cc22c6df9",
    "commit": "175d17d4e4d1e2838e6d9fb796942ce2fda14925",
    "dirty": false
  },
  "phase": "running",
  "updated": 1789895378,
  "lastJob": {
    "container": "salient-dev-b90776c53141-job-3a615204",
    "service": "install",
    "started": 1789895378,
    "exitCode": 0
  },
  "routes": {
    "web": {
      "name": "salient-dev-fc4f48cb09a0",
      "identity": "{\"endpoint\":\"web\",\"environment\":\"main\",\"installation\":\"39ebd4ec-3fc4-417a-bcc2-a4666d5e53d3\",\"managedBy\":\"presidium-dev-v1\",\"project\":\"salient\"}",
      "port": 32901,
      "url": "https://salient-dev-fc4f48cb09a0.tail41404c.ts.net",
      "phase": "https-verified-from-host"
    }
  }
}
NAME                                 IMAGE                                                                                           COMMAND                  SERVICE   CREATED          STATUS                    PORTS
salient-dev-b90776c53141-backend-1   node:24.13.0-bookworm@sha256:1de022d8459f896fff2e7b865823699dc7a8d5567507e8b87b14a7442e07f206   "docker-entrypoint.s…"   backend   16 seconds ago   Up 16 seconds (healthy)   
salient-dev-b90776c53141-web-1       node:24.13.0-bookworm@sha256:1de022d8459f896fff2e7b865823699dc7a8d5567507e8b87b14a7442e07f206   "docker-entrypoint.s…"   web       16 seconds ago   Up 6 seconds              127.0.0.1:32901->5180/tcp
salient-dev-b90776c53141-web-1	200.38%	670.2MiB / 2GiB
salient-dev-b90776c53141-backend-1	13.87%	1.252GiB / 3GiB
Filesystem      Size  Used Avail Use% Mounted on
/dev/loop4       79G   51G   24G  69% /
