 Container salient-supporting-actions-dev-d21ad518e747-web-1 Stopping 
 Container salient-supporting-actions-dev-d21ad518e747-web-1 Stopped 
 Container salient-supporting-actions-dev-d21ad518e747-web-1 Removing 
 Container salient-supporting-actions-dev-d21ad518e747-web-1 Removed 
 Container salient-supporting-actions-dev-d21ad518e747-backend-1 Stopping 
 Container salient-supporting-actions-dev-d21ad518e747-backend-1 Stopped 
 Container salient-supporting-actions-dev-d21ad518e747-backend-1 Removing 
 Container salient-supporting-actions-dev-d21ad518e747-backend-1 Removed 
 Network salient-supporting-actions-dev-d21ad518e747_default Removing 
 Network salient-supporting-actions-dev-d21ad518e747_default Removed 
 Network salient-supporting-actions-dev-d21ad518e747_default Creating 
 Network salient-supporting-actions-dev-d21ad518e747_default Creating 
 Network salient-supporting-actions-dev-d21ad518e747_default Created 
 Network salient-supporting-actions-dev-d21ad518e747_default Created 
 Container salient-supporting-actions-dev-d21ad518e747-job-9627a591 Creating 
 Container salient-supporting-actions-dev-d21ad518e747-job-9627a591 Created 
Already up to date
Done in 366ms using pnpm v11.5.3
Pinned Convex CLI compatibility patch installed (instance secret via environment).
Remote synthetic Git snapshot created; original source identity remains in runtime state.
$ node scripts/ingest-rules.ts && node scripts/build-foes-assets.ts
Ingested 2614 entries, 26 categories from fb83a789da8f. No unresolved links.
Foe delivery: 2507 entries; version ab2c43b79669b916
 Container salient-supporting-actions-dev-d21ad518e747-backend-1 Creating 
 Container salient-supporting-actions-dev-d21ad518e747-backend-1 Created 
 Container salient-supporting-actions-dev-d21ad518e747-web-1 Creating 
 Container salient-supporting-actions-dev-d21ad518e747-web-1 Created 
 Container salient-supporting-actions-dev-d21ad518e747-backend-1 Starting 
 Container salient-supporting-actions-dev-d21ad518e747-backend-1 Started 
 Container salient-supporting-actions-dev-d21ad518e747-backend-1 Waiting 
 Container salient-supporting-actions-dev-d21ad518e747-backend-1 Healthy 
 Container salient-supporting-actions-dev-d21ad518e747-web-1 Starting 
 Container salient-supporting-actions-dev-d21ad518e747-web-1 Started 
{
  "project": "salient",
  "environment": "supporting-actions",
  "installation": "39ebd4ec-3fc4-417a-bcc2-a4666d5e53d3",
  "compose": "salient-supporting-actions-dev-d21ad518e747",
  "source": {
    "submodules": [
      {
        "path": "vendor/steel-compendium",
        "url": "https://github.com/SteelCompendium/data-unified.git",
        "gitlink": "fb83a789da8f0327a389c277a0c790b1648d5810",
        "initialized": true,
        "commit": "fb83a789da8f0327a389c277a0c790b1648d5810",
        "dirty": false
      },
      {
        "path": "vendor/forge-steel",
        "url": "https://github.com/andyaiken/forgesteel.git",
        "gitlink": "5a846aadb623a9855a023e9403bb887a956c341f",
        "initialized": true,
        "commit": "5a846aadb623a9855a023e9403bb887a956c341f",
        "dirty": false
      }
    ],
    "checkout": "/srv/presidium/projects/salient/code/.worktrees/supporting-actions",
    "identity": "588e3217b9999d7cdb73fb6e6245efc90999a771e5537f28d10537e905bc7957",
    "commit": "e39ce7e46eaddb384caf69bbab1e8f33240e45df",
    "dirty": false
  },
  "phase": "running",
  "updated": 1789894562,
  "lastJob": {
    "container": "salient-supporting-actions-dev-d21ad518e747-job-9627a591",
    "service": "install",
    "started": 1789894562,
    "exitCode": 0
  },
  "routes": {
    "web": {
      "name": "salient-supporting-actions-dev-fc2fb66104e0",
      "identity": "{\"endpoint\":\"web\",\"environment\":\"supporting-actions\",\"installation\":\"39ebd4ec-3fc4-417a-bcc2-a4666d5e53d3\",\"managedBy\":\"presidium-dev-v1\",\"project\":\"salient\"}",
      "port": 32900,
      "url": "https://salient-supporting-actions-dev-fc2fb66104e0.tail41404c.ts.net",
      "phase": "https-verified-from-host"
    }
  }
}
NAME                                                    IMAGE                                                                                           COMMAND                  SERVICE   CREATED          STATUS                    PORTS
salient-supporting-actions-dev-d21ad518e747-backend-1   node:24.13.0-bookworm@sha256:1de022d8459f896fff2e7b865823699dc7a8d5567507e8b87b14a7442e07f206   "docker-entrypoint.s…"   backend   17 seconds ago   Up 16 seconds (healthy)   
salient-supporting-actions-dev-d21ad518e747-web-1       node:24.13.0-bookworm@sha256:1de022d8459f896fff2e7b865823699dc7a8d5567507e8b87b14a7442e07f206   "docker-entrypoint.s…"   web       17 seconds ago   Up 6 seconds              127.0.0.1:32900->5180/tcp
salient-supporting-actions-dev-d21ad518e747-web-1	205.58%	626.8MiB / 2GiB
salient-supporting-actions-dev-d21ad518e747-backend-1	0.87%	859.6MiB / 3GiB
Filesystem      Size  Used Avail Use% Mounted on
/dev/loop4       79G   51G   24G  69% /
