 Container salient-campaign-home-dev-de07aa7b9350-job-2a731b02 Creating 
 Container salient-campaign-home-dev-de07aa7b9350-job-2a731b02 Created 
$ pnpm lint && pnpm check:engine && pnpm check:app && pnpm check-links && pnpm check-vendor && pnpm content:check && pnpm supporting:check && pnpm foes:check && pnpm build
$ eslint . && prettier --check .
Checking formatting...
All matched files use Prettier code style!
$ tsc --noEmit && vitest run --project engine

 RUN  v4.1.11 /app

 ✓  engine  tests/supporting-coverage.test.ts (101 tests) 384ms
 ✓  engine  tests/fury-decisions.test.ts (5 tests) 399ms
   ✓ R01 checks 2-3: every option value, grant and quoted count/budget sentence is verbatim in its cited source  368ms
 ✓  engine  tests/character-v25-evaluator.test.ts (8 tests) 308ms
 ✓  engine  tests/character-v45-reference.test.ts (7 tests) 300ms
 ✓  engine  tests/cli.test.ts (1 test) 211ms
 ✓  engine  tests/supporting-complications.test.ts (21 tests) 194ms
 ✓  engine  tests/character-v32-evaluator.test.ts (9 tests) 145ms
 ✓  engine  tests/supporting-backgrounds.test.ts (46 tests) 144ms
 ✓  engine  tests/acceptance.test.ts (3 tests) 98ms
 ✓  engine  tests/parser.test.ts (8 tests) 83ms
 ✓  engine  tests/live-state-initialization.test.ts (4 tests) 80ms
 ✓  engine  tests/character-v45-foundation.test.ts (3 tests) 55ms
 ✓  engine  tests/character-derived-values.test.ts (4 tests) 54ms
 ✓  engine  tests/history.test.ts (3 tests) 49ms
 ✓  engine  tests/character-evaluator.test.ts (8 tests) 41ms
 ✓  engine  tests/core-conditions.test.ts (11 tests) 25ms
 ✓  engine  tests/character-creation-rulings.test.ts (6 tests) 22ms
 ✓  engine  tests/engine.test.ts (13 tests) 15ms
 ✓  engine  tests/resolve.test.ts (19 tests) 15ms
 ✓  engine  tests/v25-build-roll-contributions.test.ts (4 tests) 4ms

 Test Files  20 passed (20)
      Tests  284 passed (284)
   Start at  03:40:04
   Duration  5.57s (transform 410ms, setup 0ms, import 1.12s, tests 2.62s, environment 2ms)

$ tsc -p tsconfig.web.json && vitest run --project app --project scripts

 RUN  v4.1.11 /app

 ✓  app  tests/app/abilities.test.ts (17 tests) 2861ms
     ✓ acceptance 1 and 2: 10.1 free strike through /ability use; retry returns the same result with no second roll or damage  1258ms
 ✓  app  tests/app/combat.test.ts (19 tests) 1526ms
     ✓ acceptance 1: the setup card is a Director draft that follows the rosters; Cancel leaves no encounter, snapshot or lock  560ms
 ✓  app  tests/app/history.test.ts (14 tests) 1581ms
 ✓  app  tests/app/character-progression.test.ts (13 tests) 1099ms
   ✓ Fury level-up persists, retries once and preserves every compatible live value  507ms
 ✓  app  tests/app/admission.test.ts (11 tests) 1049ms
     ✓ acceptance 3: a player submission is not effective until approval; withdrawal and decline leave it unchanged  552ms
 ✓  app  tests/app/closeout-session.test.ts (6 tests) 1111ms
     ✓ missing Void choice, unauthorized closure and pause with a Void choice leave state and history untouched  686ms
 ✓  app  tests/app/closeout.test.ts (7 tests) 984ms
     ✓ ends structure without synthetic boundaries/dice; closes cards, supports rewind/redo, rejects turns and attacks  573ms
 ✓  app  tests/app/v001-walkthrough.test.ts (1 test) 968ms
   ✓ A09: admitted hero → real combat → correction/history → closeout → next session → paused Void keep/reset  967ms
stderr | tests/app/account-email.test.ts > Better Auth recovery with Cloudflare mail > real routes queue canonical mail, reset persisted credentials, revoke sessions and refuse reuse
2026-09-20T03:40:34.087Z ERROR [Better Auth]: Reset Password: User not found { email: 'missing@example.test' }

stderr | tests/app/account-email.test.ts > Better Auth recovery with Cloudflare mail > real routes queue canonical mail, reset persisted credentials, revoke sessions and refuse reuse
2026-09-20T03:40:34.250Z ERROR [Better Auth]: Invalid password

stderr | tests/app/account-email.test.ts > Better Auth recovery with Cloudflare mail > expired tokens and untrusted redirects are refused
2026-09-20T03:40:34.449Z ERROR [Better Auth]: Invalid redirectURL: https://attacker.example/reset

stderr | tests/app/account-email.test.ts > Better Auth recovery with Cloudflare mail > database request limits reject a fourth request across separate auth instances
2026-09-20T03:40:34.455Z ERROR [Better Auth]: Reset Password: User not found { email: 'missing@example.test' }

stderr | tests/app/account-email.test.ts > Better Auth recovery with Cloudflare mail > database request limits reject a fourth request across separate auth instances
2026-09-20T03:40:34.460Z ERROR [Better Auth]: Reset Password: User not found { email: 'missing@example.test' }

stderr | tests/app/account-email.test.ts > Better Auth recovery with Cloudflare mail > database request limits reject a fourth request across separate auth instances
2026-09-20T03:40:34.465Z ERROR [Better Auth]: Reset Password: User not found { email: 'missing@example.test' }

stderr | tests/app/account-email.test.ts > Better Auth recovery with Cloudflare mail > unconfigured deployments expose no recovery capability and do not queue mail
2026-09-20T03:40:34.471Z ERROR [Better Auth]: Reset password isn't enabled.Please pass an emailAndPassword.sendResetPassword function in your auth config!

 ✓  app  tests/app/account-email.test.ts (9 tests) 885ms
     ✓ real routes queue canonical mail, reset persisted credentials, revoke sessions and refuse reuse  732ms
 ✓  app  tests/app/characterSecrets.test.ts (5 tests) 868ms
   ✓ only the campaign Director can read/write the inheritance; public revisions, sheets and events disclose no item  539ms
 ✓  app  tests/app/history-audit.test.ts (5 tests) 858ms
     ✓ admission is separate; targeting preparation does not consume undo and is cleared by it  545ms
 ✓  app  tests/app/characterDirectorSetup.test.ts (7 tests) 822ms
   ✓ player submits owner-complete inputs, but admission waits atomically for the private Director choice  477ms
 ✓  app  tests/app/audience.test.ts (8 tests) 793ms
     ✓ difficulty projection preserves public skill text containing result-like punctuation: Lore; hard: winter  506ms
 ✓  app  tests/app/table.test.ts (6 tests) 742ms
     ✓ acceptance 1 and 2: authority matrix across Director, player and observer  498ms
 ✓  app  tests/app/a05-review-regressions.test.ts (3 tests) 715ms
   ✓ committed combat checks Ferocity affordability during roll  576ms
 ✓  app  tests/app/character-review-queue.test.ts (2 tests) 700ms
   ✓ an owner sees a new pending submission after 205 withdrawn reviews from same owner  637ms
 ✓  app  tests/app/characters.test.ts (11 tests) 715ms
     ✓ create/reopen persists authored fields and isolates private drafts across users  452ms
 ✓  app  tests/app/table-performance.test.ts (5 tests) 683ms
 ✓  app  tests/app/registry.test.ts (7 tests) 754ms
     ✓ acceptance 1: the same /table roll from two submitters yields events of identical shape with server dice  507ms
 ✓  app  tests/app/foes.test.ts (5 tests) 838ms
     ✓ Director loads independent sourced foes; peers see every foe through the selected health projection  696ms
 ✓  app  tests/app/foe-operations.test.ts (2 tests) 596ms
   ✓ foe buttons/API/commands share retries, source snapshots and journaled creation/removal  537ms
 ✓  app  tests/app/interactions.test.ts (3 tests) 596ms
     ✓ acceptance 5: opened by a short command, labeled in the log, answered headlessly, resolved  518ms
 ✓  app  tests/app/access-sessions.test.ts (8 tests) 580ms
     ✓ verified sessions map to stable profiles and anonymous/expired sessions cannot operate  347ms
 ✓  app  tests/app/setup-local.test.ts (6 tests) 569ms
 ✓  app  tests/app/characterChoiceOrigins.test.ts (2 tests) 558ms
   ✓ immutable revisions retain the future choice through advancement, edits and restore  549ms
 ✓  app  tests/app/character-rulings.test.ts (2 tests) 568ms
   ✓ Q-CHAR-10 shared evaluation, persisted draft and admission allow two of three ancestry points  522ms
 ✓  app  tests/app/closeout-audit.test.ts (1 test) 551ms
   ✓ normal cleanup clears a retained foe temporary pool once, with a private persisted journal  551ms
 ✓  app  tests/app/content.test.ts (3 tests) 543ms
     ✓ reseed loads every manifest entry; queries return the Goblin Warrior source verbatim  448ms
 ✓  app  tests/app/independent-review.test.ts (4 tests) 523ms
   ✓ independent: persisted session deletion revokes already issued identity across all private surfaces  448ms
 ✓  app  tests/app/journal.test.ts (5 tests) 519ms
     ✓ concurrent appends to one campaign get distinct consecutive sequence numbers  375ms
 ✓  app  tests/app/elementalist-character.test.ts (4 tests) 410ms
 ✓  app  tests/app/campaign-home.test.ts (6 tests) 462ms
 ✓  app  tests/app/dice.test.ts (6 tests) 382ms
     ✓ same commandId returns the identical accepted roll; a new id draws new values  362ms
 ✓  app  tests/app/history-interaction-regressions.test.ts (8 tests) 351ms
 ✓  app  tests/app/parse.test.ts (97 tests) 15ms
 ✓  app  tests/app/engine-adapter.test.ts (1 test) 6ms
 ✓  app  tests/app/command-identities.test.ts (2 tests) 3ms
 ✓  scripts  tests/scripts/rules.test.ts (9 tests) 73006ms
   ✓ prebuilt index ranks every unique exact title first, supports prefixes, typos and filters  4265ms
   ✓ regenerates identical articles, metadata and search from the same pin  34094ms
 ✓  scripts  tests/scripts/foes.test.ts (25 tests) 25881ms
     ✓ regenerates twice byte-for-byte and retains exact pinned input  25229ms
 ✓  scripts  tests/scripts/core-presentation.test.ts (7 tests) 13533ms
     ✓ projects all immutable Foe edition objects without editing their source HTML  1327ms
   ✓ covers every Core glyph family through the production projection and React semantics  12093ms
 ✓  scripts  tests/scripts/build-content.test.ts (22 tests) 1653ms
     ✓ detects a hand-edited generation date 9999-99-99 independently  506ms
     ✓ detects a hand-edited generation date 2020-01-01 independently  502ms
 ✓  scripts  tests/scripts/reference-delivery.test.ts (1 test) 1436ms
   ✓ foe delivery covers every object and preserves search after serialization  1434ms
 ✓  scripts  tests/scripts/audit-ability-grammar.test.ts (12 tests) 376ms
   ✓ produces byte-identical JSON and Markdown across two full runs  367ms
 ✓  scripts  tests/scripts/check-commit.test.ts (14 tests) 282ms
 ✓  scripts  tests/scripts/app-output.test.ts (1 test) 205ms
 ✓  scripts  tests/scripts/foes-library.test.ts (4 tests) 47ms
 ✓  scripts  tests/scripts/glyphs.test.ts (4 tests) 41ms
 ✓  scripts  tests/scripts/pinned-source.test.ts (1 test) 45ms
 ✓  scripts  tests/scripts/check-links.test.ts (4 tests) 8ms

 Test Files  49 passed (49)
      Tests  425 passed (425)
   Start at  03:40:20
   Duration  154.80s (transform 1.91s, setup 0ms, import 5.95s, tests 144.30s, environment 4ms)

$ node scripts/check-links.ts
Checked 279 Markdown files: no broken relative links or anchors.
$ node scripts/check-vendor.ts
vendor/ matches the pinned submodule commits (2 submodules).
$ node scripts/build-content.ts --check
shared/content/compendium matches the clean pinned Compendium (483 entries, 10 excluded, revision fb83a789da8f).
$ node scripts/check-supporting-inventory.ts
V37 inventory verified: 18 careers/108 incidents, 13 culture aspects, 47 core perks, 57 skills+5 groups, 42 languages, 25 kits, 100 complications; 289 exact source records checked.
$ node scripts/ingest-foes.ts --check
Foes: 438 stat blocks, 2006 features; edition bf262edf546e91e1540cc17489915f18c4873ddd8bd8e225b20f3441e3f74f30; verified
$ pnpm rules:ingest && tsc -p tsconfig.web.json && vite build && node scripts/check-web-budget.ts
$ node scripts/ingest-rules.ts && node scripts/build-foes-assets.ts
Ingested 2614 entries, 26 categories from fb83a789da8f. No unresolved links.
Foe delivery: 2507 entries; version ab2c43b79669b916
vite v8.3.0 building client environment for production...
transforming...
✓ 2858 modules transformed.
rendering chunks...
computing gzip size...
dist/index.html                                                         1.92 kB │ gzip:   0.75 kB
dist/.vite/manifest.json                                               11.25 kB │ gzip:   1.57 kB
dist/assets/search.worker-Bi7Y7SQU.js                                  18.32 kB
dist/assets/search.worker-k8EMhjsh.js                                  19.13 kB
dist/assets/schibsted-grotesk-latin-ext-wght-normal-hsMS0n0O.woff2     20.92 kB
dist/assets/DrawSteelGlyphs-Regular-Bxmll151.otf                       21.63 kB
dist/assets/schibsted-grotesk-latin-wght-normal-Bb8VGrTG.woff2         46.75 kB
dist/assets/reference-C1jW4vvI.css                                      0.75 kB │ gzip:   0.39 kB
dist/assets/foes-BGgFncNM.css                                           3.96 kB │ gzip:   1.16 kB
dist/assets/rules-6fkgoGTZ.css                                         12.26 kB │ gzip:   2.86 kB
dist/assets/index-CdpehB-8.css                                         91.20 kB │ gzip:  16.55 kB
dist/assets/arrow-left-2SZjxN2W.js                                      0.19 kB │ gzip:   0.17 kB
dist/assets/external-link-BnffAPVo.js                                   0.27 kB │ gzip:   0.21 kB
dist/assets/useNavigate-BhLc6pKf.js                                     0.31 kB │ gzip:   0.23 kB
dist/assets/pill-D-biTKKB.js                                            0.50 kB │ gzip:   0.33 kB
dist/assets/preview-Cid_Gp1V.js                                         0.96 kB │ gzip:   0.57 kB
dist/assets/worker-client-BLect5SJ.js                                   1.22 kB │ gzip:   0.74 kB
dist/assets/content-CoqgTreo.js                                         1.55 kB │ gzip:   0.75 kB
dist/assets/event-links-DNXTP9Rz.js                                     2.02 kB │ gzip:   1.00 kB
dist/assets/composite-D3Fn7Vkj.js                                       2.94 kB │ gzip:   1.14 kB
dist/assets/article-CnUGphni.js                                         3.08 kB │ gzip:   1.47 kB
dist/assets/x-D0KqTHUP.js                                               3.23 kB │ gzip:   1.57 kB
dist/assets/useStore-CuFll-SH.js                                        3.26 kB │ gzip:   1.51 kB
dist/assets/preview-CgR7uMQz.js                                         3.71 kB │ gzip:   1.59 kB
dist/assets/password-recovery-BMmHepVn.js                               3.76 kB │ gzip:   1.48 kB
dist/assets/link-ByspiEID.js                                            4.35 kB │ gzip:   2.00 kB
dist/assets/characters-J17nnqNH.js                                      7.97 kB │ gzip:   2.62 kB
dist/assets/with-selector-D-Vjxtnh.js                                  10.92 kB │ gzip:   4.10 kB
dist/assets/foes-7tVaibcI.js                                           12.34 kB │ gzip:   4.42 kB
dist/assets/rules-DwFtIrJD.js                                          13.49 kB │ gzip:   4.40 kB
dist/assets/progression-BI092H6I.js                                    14.75 kB │ gzip:   5.24 kB
dist/assets/overlay-card-5ul_PAnR.js                                   18.12 kB │ gzip:   6.88 kB
dist/assets/campaigns-BjMLsRod.js                                      28.63 kB │ gzip:   7.89 kB
dist/assets/auth-client-BbzxrGAW.js                                    30.33 kB │ gzip:  11.46 kB
dist/assets/reference-BwQzZUTO.js                                      32.32 kB │ gzip:  11.03 kB
dist/assets/createBaseUIEventDetails-ELM1N8LF.js                       34.84 kB │ gzip:  14.32 kB
dist/assets/character-sheet-D9tlIz6s.js                                46.73 kB │ gzip:  12.21 kB
dist/assets/table-dnSTl_MP.js                                          78.07 kB │ gzip:  20.84 kB
dist/assets/ui-W_vUS40d.js                                             82.91 kB │ gzip:  24.33 kB
dist/assets/wizard-D6eA7pA-.js                                        110.68 kB │ gzip:  27.27 kB
dist/assets/index-B70c1_ct.js                                         321.49 kB │ gzip: 103.77 kB
dist/assets/supporting-components-DBb_wzPy.js                       1,010.87 kB │ gzip: 214.69 kB

✓ built in 3.34s
[plugin builtin:vite-reporter] 
(!) Some chunks are larger than 500 kB after minification. Consider:
- Using dynamic import() to code-split the application
- Use build.rolldownOptions.output.codeSplitting to improve chunking: https://rolldown.rs/reference/OutputOptions.codeSplitting
- Adjust chunk size limit for this warning via build.chunkSizeWarningLimit.
[PLUGIN_TIMINGS] Plugin hooks ran for 3.2s of this 3.3s build (96%).
3 hooks are listed without a time. Their calls overlapped, so the time inside one call includes work from other calls. To find their cost, profile the build with `node --cpu-prof`:
  - @tailwindcss/vite:generate:build transform (6 calls)
  - vite:css transform (6 calls)
  - vite:worker-import-meta-url transform (2 calls)
See https://rolldown.rs/reference/InputOptions.checks#plugintimings for more details.

{
  "initial": {
    "raw": 490277,
    "gzip": 160949
  },
  "assets": [
    "assets/index-B70c1_ct.js",
    "assets/with-selector-D-Vjxtnh.js",
    "assets/ui-W_vUS40d.js",
    "assets/createBaseUIEventDetails-ELM1N8LF.js",
    "assets/x-D0KqTHUP.js",
    "assets/useStore-CuFll-SH.js",
    "assets/useNavigate-BhLc6pKf.js",
    "assets/auth-client-BbzxrGAW.js",
    "assets/composite-D3Fn7Vkj.js"
  ],
  "rules": {
    "catalog": {
      "raw": 982599,
      "gzip": 112848
    },
    "index": {
      "raw": 5463389,
      "gzip": 1411557
    },
    "largestContinuation": 135780,
    "largestInitialArticle": 415705
  },
  "foes": {
    "catalog": {
      "raw": 877715,
      "gzip": 101309
    },
    "index": {
      "raw": 1484171,
      "gzip": 373816
    },
    "largestDetail": 55297
  }
}
exit 0
