$ eslint . && prettier --check .
Checking formatting...
All matched files use Prettier code style!

 RUN  v4.1.11 /app

stderr | tests/app/account-email.test.ts > Better Auth recovery with Cloudflare mail > real routes queue canonical mail, reset persisted credentials, revoke sessions and refuse reuse
2026-09-17T19:03:21.889Z ERROR [Better Auth]: Reset Password: User not found { email: 'missing@example.test' }

stderr | tests/app/account-email.test.ts > Better Auth recovery with Cloudflare mail > real routes queue canonical mail, reset persisted credentials, revoke sessions and refuse reuse
2026-09-17T19:03:22.058Z ERROR [Better Auth]: Invalid password

stderr | tests/app/account-email.test.ts > Better Auth recovery with Cloudflare mail > expired tokens and untrusted redirects are refused
2026-09-17T19:03:22.241Z ERROR [Better Auth]: Invalid redirectURL: https://attacker.example/reset

stderr | tests/app/account-email.test.ts > Better Auth recovery with Cloudflare mail > database request limits reject a fourth request across separate auth instances
2026-09-17T19:03:22.246Z ERROR [Better Auth]: Reset Password: User not found { email: 'missing@example.test' }

stderr | tests/app/account-email.test.ts > Better Auth recovery with Cloudflare mail > database request limits reject a fourth request across separate auth instances
2026-09-17T19:03:22.251Z ERROR [Better Auth]: Reset Password: User not found { email: 'missing@example.test' }

stderr | tests/app/account-email.test.ts > Better Auth recovery with Cloudflare mail > database request limits reject a fourth request across separate auth instances
2026-09-17T19:03:22.255Z ERROR [Better Auth]: Reset Password: User not found { email: 'missing@example.test' }

stderr | tests/app/account-email.test.ts > Better Auth recovery with Cloudflare mail > unconfigured deployments expose no recovery capability and do not queue mail
2026-09-17T19:03:22.261Z ERROR [Better Auth]: Reset password isn't enabled.Please pass an emailAndPassword.sendResetPassword function in your auth config!

 ✓  app  tests/app/account-email.test.ts (9 tests) 1022ms
     ✓ real routes queue canonical mail, reset persisted credentials, revoke sessions and refuse reuse  886ms

 Test Files  1 passed (1)
      Tests  9 passed (9)
   Start at  19:03:20
   Duration  1.31s (transform 218ms, setup 0ms, import 194ms, tests 1.02s, environment 0ms)

$ node scripts/check-links.ts
Checked 235 Markdown files: no broken relative links or anchors.
