$ eslint . && prettier --check .
Checking formatting...
All matched files use Prettier code style!
$ tsc --noEmit && vitest run --project engine

[1m[30m[46m RUN [49m[39m[22m [36mv4.1.11 [39m[90m/app[39m

 [32m✓[39m [30m[46m engine [49m[39m tests/supporting-coverage.test.ts [2m([22m[2m101 tests[22m[2m)[22m[33m 433[2mms[22m[39m
 [32m✓[39m [30m[46m engine [49m[39m tests/fury-decisions.test.ts [2m([22m[2m5 tests[22m[2m)[22m[33m 368[2mms[22m[39m
   [33m[2m✓[22m[39m R01 checks 2-3: every option value, grant and quoted count/budget sentence is verbatim in its cited source [33m 354[2mms[22m[39m
 [32m✓[39m [30m[46m engine [49m[39m tests/character-v25-evaluator.test.ts [2m([22m[2m8 tests[22m[2m)[22m[33m 316[2mms[22m[39m
 [32m✓[39m [30m[46m engine [49m[39m tests/character-v45-reference.test.ts [2m([22m[2m7 tests[22m[2m)[22m[33m 302[2mms[22m[39m
 [32m✓[39m [30m[46m engine [49m[39m tests/supporting-complications.test.ts [2m([22m[2m21 tests[22m[2m)[22m[32m 220[2mms[22m[39m
 [32m✓[39m [30m[46m engine [49m[39m tests/cli.test.ts [2m([22m[2m1 test[22m[2m)[22m[32m 204[2mms[22m[39m
 [32m✓[39m [30m[46m engine [49m[39m tests/supporting-backgrounds.test.ts [2m([22m[2m46 tests[22m[2m)[22m[32m 156[2mms[22m[39m
 [32m✓[39m [30m[46m engine [49m[39m tests/character-v32-evaluator.test.ts [2m([22m[2m9 tests[22m[2m)[22m[32m 149[2mms[22m[39m
 [32m✓[39m [30m[46m engine [49m[39m tests/acceptance.test.ts [2m([22m[2m3 tests[22m[2m)[22m[32m 94[2mms[22m[39m
 [32m✓[39m [30m[46m engine [49m[39m tests/character-v79-revenant.test.ts [2m([22m[2m6 tests[22m[2m)[22m[32m 81[2mms[22m[39m
 [32m✓[39m [30m[46m engine [49m[39m tests/live-state-initialization.test.ts [2m([22m[2m4 tests[22m[2m)[22m[32m 78[2mms[22m[39m
 [32m✓[39m [30m[46m engine [49m[39m tests/parser.test.ts [2m([22m[2m8 tests[22m[2m)[22m[32m 77[2mms[22m[39m
 [32m✓[39m [30m[46m engine [49m[39m tests/character-v57-devil.test.ts [2m([22m[2m3 tests[22m[2m)[22m[32m 64[2mms[22m[39m
 [32m✓[39m [30m[46m engine [49m[39m tests/character-v76-dragon-knight.test.ts [2m([22m[2m3 tests[22m[2m)[22m[32m 59[2mms[22m[39m
 [32m✓[39m [30m[46m engine [49m[39m tests/character-v45-foundation.test.ts [2m([22m[2m3 tests[22m[2m)[22m[32m 61[2mms[22m[39m
 [32m✓[39m [30m[46m engine [49m[39m tests/character-v71-orc.test.ts [2m([22m[2m6 tests[22m[2m)[22m[32m 51[2mms[22m[39m
 [32m✓[39m [30m[46m engine [49m[39m tests/character-derived-values.test.ts [2m([22m[2m4 tests[22m[2m)[22m[32m 53[2mms[22m[39m
 [32m✓[39m [30m[46m engine [49m[39m tests/character-v80-time-raider.test.ts [2m([22m[2m4 tests[22m[2m)[22m[32m 57[2mms[22m[39m
 [32m✓[39m [30m[46m engine [49m[39m tests/character-v77-high-elf.test.ts [2m([22m[2m3 tests[22m[2m)[22m[32m 42[2mms[22m[39m
 [32m✓[39m [30m[46m engine [49m[39m tests/character-v60-dwarf.test.ts [2m([22m[2m6 tests[22m[2m)[22m[32m 38[2mms[22m[39m
 [32m✓[39m [30m[46m engine [49m[39m tests/history.test.ts [2m([22m[2m3 tests[22m[2m)[22m[32m 42[2mms[22m[39m
 [32m✓[39m [30m[46m engine [49m[39m tests/character-evaluator.test.ts [2m([22m[2m8 tests[22m[2m)[22m[32m 40[2mms[22m[39m
 [32m✓[39m [30m[46m engine [49m[39m tests/character-v61-human.test.ts [2m([22m[2m4 tests[22m[2m)[22m[32m 39[2mms[22m[39m
 [32m✓[39m [30m[46m engine [49m[39m tests/character-v81-wode-elf.test.ts [2m([22m[2m4 tests[22m[2m)[22m[32m 39[2mms[22m[39m
 [32m✓[39m [30m[46m engine [49m[39m tests/character-v70-hakaan.test.ts [2m([22m[2m5 tests[22m[2m)[22m[32m 34[2mms[22m[39m
 [32m✓[39m [30m[46m engine [49m[39m tests/character-v78-memonek.test.ts [2m([22m[2m3 tests[22m[2m)[22m[32m 31[2mms[22m[39m
 [32m✓[39m [30m[46m engine [49m[39m tests/core-conditions.test.ts [2m([22m[2m11 tests[22m[2m)[22m[32m 25[2mms[22m[39m
 [32m✓[39m [30m[46m engine [49m[39m tests/character-creation-rulings.test.ts [2m([22m[2m6 tests[22m[2m)[22m[32m 19[2mms[22m[39m
 [32m✓[39m [30m[46m engine [49m[39m tests/resolve.test.ts [2m([22m[2m19 tests[22m[2m)[22m[32m 13[2mms[22m[39m
 [32m✓[39m [30m[46m engine [49m[39m tests/engine.test.ts [2m([22m[2m13 tests[22m[2m)[22m[32m 16[2mms[22m[39m
 [32m✓[39m [30m[46m engine [49m[39m tests/character-v58-polder.test.ts [2m([22m[2m2 tests[22m[2m)[22m[32m 11[2mms[22m[39m
 [32m✓[39m [30m[46m engine [49m[39m tests/v25-build-roll-contributions.test.ts [2m([22m[2m4 tests[22m[2m)[22m[32m 4[2mms[22m[39m

[2m Test Files [22m [1m[32m32 passed[39m[22m[90m (32)[39m
[2m      Tests [22m [1m[32m333 passed[39m[22m[90m (333)[39m
[2m   Start at [22m 04:58:59
[2m   Duration [22m 8.50s[2m (transform 541ms, setup 0ms, import 2.31s, tests 3.22s, environment 2ms)[22m


[1m[30m[46m RUN [49m[39m[22m [36mv4.1.11 [39m[90m/app[39m

 [32m✓[39m [30m[43m app [49m[39m tests/app/remaining-ancestries.test.ts [2m([22m[2m2 tests[22m[2m)[22m[33m 1228[2mms[22m[39m
   [33m[2m✓[22m[39m Time Raider native and prose actions project to table while draft edits preserve resources [33m 1088[2mms[22m[39m
 [32m✓[39m [30m[43m app [49m[39m tests/app/character-runes.test.ts [2m([22m[2m3 tests[22m[2m)[22m[33m 773[2mms[22m[39m
   [33m[2m✓[22m[39m rune switching and removal preserve resources and builds with one attributed event per command [33m 572[2mms[22m[39m
 [32m✓[39m [30m[43m app [49m[39m tests/app/ancestry-abilities.test.ts [2m([22m[2m2 tests[22m[2m)[22m[33m 726[2mms[22m[39m
   [33m[2m✓[22m[39m saved traits expose all audited actions with source and correct grouping [33m 636[2mms[22m[39m
 [32m✓[39m [30m[43m app [49m[39m tests/app/ancestry-ability-sources.test.ts [2m([22m[2m4 tests[22m[2m)[22m[32m 4[2mms[22m[39m

[2m Test Files [22m [1m[32m4 passed[39m[22m[90m (4)[39m
[2m      Tests [22m [1m[32m11 passed[39m[22m[90m (11)[39m
[2m   Start at [22m 04:59:19
[2m   Duration [22m 3.75s[2m (transform 836ms, setup 0ms, import 640ms, tests 2.73s, environment 0ms)[22m

{
  "calibration": "pass",
  "counterparts": 137,
  "incomplete": []
}
