$ pnpm lint && pnpm check:engine && pnpm check:app && pnpm check-links && pnpm check-vendor && pnpm content:check && pnpm supporting:check && pnpm foes:check && pnpm build
$ eslint . && prettier --check .
Checking formatting...
All matched files use Prettier code style!
$ tsc --noEmit && vitest run --project engine

 RUN  v4.1.11 /app

 ✓  engine  tests/resolve.test.ts (19 tests) 13ms
 ✓  engine  tests/engine.test.ts (13 tests) 16ms
 ✓  engine  tests/fury-decisions.test.ts (5 tests) 392ms
   ✓ R01 checks 2-3: every option value, grant and quoted count/budget sentence is verbatim in its cited source  369ms
 ✓  engine  tests/supporting-backgrounds.test.ts (46 tests) 160ms
 ✓  engine  tests/character-v25-evaluator.test.ts (8 tests) 325ms
 ✓  engine  tests/supporting-complications.test.ts (21 tests) 199ms
 ✓  engine  tests/character-v32-evaluator.test.ts (9 tests) 147ms
 ✓  engine  tests/character-derived-values.test.ts (4 tests) 54ms
 ✓  engine  tests/live-state-initialization.test.ts (4 tests) 80ms
 ✓  engine  tests/character-evaluator.test.ts (8 tests) 39ms
 ✓  engine  tests/acceptance.test.ts (3 tests) 94ms
 ✓  engine  tests/parser.test.ts (8 tests) 76ms
 ✓  engine  tests/supporting-coverage.test.ts (101 tests) 382ms
 ✓  engine  tests/history.test.ts (3 tests) 48ms
 ✓  engine  tests/character-creation-rulings.test.ts (6 tests) 17ms
 ✓  engine  tests/v25-build-roll-contributions.test.ts (4 tests) 4ms
 ✓  engine  tests/core-conditions.test.ts (11 tests) 28ms
 ✓  engine  tests/cli.test.ts (1 test) 217ms

 Test Files  18 passed (18)
      Tests  274 passed (274)
   Start at  16:48:49
   Duration  4.90s (transform 400ms, setup 0ms, import 944ms, tests 2.29s, environment 1ms)

$ tsc -p tsconfig.web.json && vitest run --project app --project scripts

 RUN  v4.1.11 /app

 ✓  app  tests/app/combat.test.ts (19 tests) 2028ms
     ✓ acceptance 1: the setup card is a Director draft that follows the rosters; Cancel leaves no encounter, snapshot or lock  1122ms
 ✓  app  tests/app/abilities.test.ts (17 tests) 2108ms
     ✓ acceptance 1 and 2: 10.1 free strike through /ability use; retry returns the same result with no second roll or damage  625ms
 ✓  app  tests/app/history.test.ts (14 tests) 1486ms
 ✓  app  tests/app/admission.test.ts (11 tests) 1033ms
     ✓ acceptance 3: a player submission is not effective until approval; withdrawal and decline leave it unchanged  557ms
 ✓  app  tests/app/character-progression.test.ts (13 tests) 1108ms
   ✓ Fury level-up persists, retries once and preserves every compatible live value  500ms
 ✓  app  tests/app/access-sessions.test.ts (8 tests) 586ms
 ✓  app  tests/app/table.test.ts (6 tests) 726ms
     ✓ acceptance 1 and 2: authority matrix across Director, player and observer  498ms
 ✓  app  tests/app/v001-walkthrough.test.ts (1 test) 961ms
   ✓ A09: admitted hero → real combat → correction/history → closeout → next session → paused Void keep/reset  960ms
 ✓  app  tests/app/characters.test.ts (9 tests) 671ms
     ✓ create/reopen persists authored fields and isolates private drafts across users  449ms
 ✓  app  tests/app/closeout.test.ts (7 tests) 984ms
     ✓ ends structure without synthetic boundaries/dice; closes cards, supports rewind/redo, rejects turns and attacks  580ms
 ✓  app  tests/app/characterSecrets.test.ts (5 tests) 859ms
   ✓ only the campaign Director can read/write the inheritance; public revisions, sheets and events disclose no item  523ms
 ✓  app  tests/app/characterDirectorSetup.test.ts (7 tests) 818ms
   ✓ player submits owner-complete inputs, but admission waits atomically for the private Director choice  480ms
 ✓  app  tests/app/registry.test.ts (7 tests) 712ms
     ✓ acceptance 1: the same /table roll from two submitters yields events of identical shape with server dice  509ms
 ✓  app  tests/app/audience.test.ts (8 tests) 753ms
     ✓ difficulty projection preserves public skill text containing result-like punctuation: Lore; hard: winter  477ms
 ✓  app  tests/app/history-interaction-regressions.test.ts (8 tests) 378ms
 ✓  app  tests/app/foes.test.ts (5 tests) 618ms
     ✓ Director loads independent sourced foes; peers see every foe through the selected health projection  473ms
 ✓  app  tests/app/journal.test.ts (5 tests) 501ms
     ✓ concurrent appends to one campaign get distinct consecutive sequence numbers  314ms
 ✓  app  tests/app/elementalist-character.test.ts (4 tests) 418ms
 ✓  app  tests/app/history-audit.test.ts (5 tests) 864ms
     ✓ admission is separate; targeting preparation does not consume undo and is cleared by it  544ms
 ✓  app  tests/app/interactions.test.ts (3 tests) 593ms
     ✓ acceptance 5: opened by a short command, labeled in the log, answered headlessly, resolved  512ms
 ✓  app  tests/app/closeout-session.test.ts (6 tests) 999ms
     ✓ missing Void choice, unauthorized closure and pause with a Void choice leave state and history untouched  584ms
 ✓  app  tests/app/dice.test.ts (6 tests) 332ms
     ✓ same commandId returns the identical accepted roll; a new id draws new values  312ms
 ✓  app  tests/app/content.test.ts (3 tests) 552ms
     ✓ reseed loads every manifest entry; queries return the Goblin Warrior source verbatim  450ms
 ✓  app  tests/app/independent-review.test.ts (4 tests) 506ms
   ✓ independent: persisted session deletion revokes already issued identity across all private surfaces  444ms
 ✓  app  tests/app/setup-local.test.ts (6 tests) 569ms
 ✓  app  tests/app/characterChoiceOrigins.test.ts (2 tests) 588ms
   ✓ immutable revisions retain the future choice through advancement, edits and restore  576ms
 ✓  app  tests/app/parse.test.ts (97 tests) 15ms
 ✓  app  tests/app/foe-operations.test.ts (2 tests) 576ms
   ✓ foe buttons/API/commands share retries, source snapshots and journaled creation/removal  513ms
 ✓  app  tests/app/a05-review-regressions.test.ts (3 tests) 698ms
   ✓ committed combat checks Ferocity affordability during roll  569ms
 ✓  app  tests/app/character-rulings.test.ts (2 tests) 583ms
   ✓ Q-CHAR-10 shared evaluation, persisted draft and admission allow two of three ancestry points  528ms
 ✓  app  tests/app/closeout-audit.test.ts (1 test) 561ms
   ✓ normal cleanup clears a retained foe temporary pool once, with a private persisted journal  560ms
 ✓  app  tests/app/character-review-queue.test.ts (2 tests) 719ms
   ✓ an owner sees a new pending submission after 205 withdrawn reviews from same owner  656ms
 ✓  app  tests/app/command-identities.test.ts (2 tests) 3ms
 ✓  app  tests/app/engine-adapter.test.ts (1 test) 6ms
 ✓  scripts  tests/scripts/foes.test.ts (25 tests) 27011ms
     ✓ regenerates twice byte-for-byte and retains exact pinned input  26325ms
 ✓  scripts  tests/scripts/build-content.test.ts (22 tests) 1565ms
     ✓ detects a hand-edited generation date 9999-99-99 independently  496ms
     ✓ detects a hand-edited generation date 2020-01-01 independently  459ms
 ✓  scripts  tests/scripts/check-commit.test.ts (14 tests) 280ms
 ✓  scripts  tests/scripts/rules.test.ts (8 tests) 65761ms
   ✓ ranks every unique exact title first, supports prefixes, typos and filters  4654ms
   ✓ regenerates identical articles, metadata and search from the same pin  30809ms
 ✓  scripts  tests/scripts/core-presentation.test.ts (7 tests) 15389ms
     ✓ projects all immutable Foe edition objects without editing their source HTML  1509ms
   ✓ covers every Core glyph family through the production projection and React semantics  13744ms
 ✓  scripts  tests/scripts/glyphs.test.ts (4 tests) 48ms
 ✓  scripts  tests/scripts/check-links.test.ts (4 tests) 8ms
 ✓  scripts  tests/scripts/foes-library.test.ts (4 tests) 47ms
 ✓  scripts  tests/scripts/pinned-source.test.ts (1 test) 44ms
 ✓  scripts  tests/scripts/app-output.test.ts (1 test) 209ms

 Test Files  44 passed (44)
      Tests  389 passed (389)
   Start at  16:49:06
   Duration  143.79s (transform 1.38s, setup 0ms, import 4.43s, tests 135.27s, environment 3ms)

$ node scripts/check-links.ts
Checked 231 Markdown files: no broken relative links or anchors.
$ node scripts/check-vendor.ts
vendor/ matches the pinned submodule commits (2 submodules).
$ node scripts/build-content.ts --check
shared/content/compendium matches the clean pinned Compendium (483 entries, 10 excluded, revision fb83a789da8f).
$ node scripts/check-supporting-inventory.ts
V37 inventory verified: 18 careers/108 incidents, 13 culture aspects, 47 core perks, 57 skills+5 groups, 42 languages, 25 kits, 100 complications; 289 exact source records checked.
$ node scripts/ingest-foes.ts --check
Foes: 438 stat blocks, 2006 features; edition bf262edf546e91e1540cc17489915f18c4873ddd8bd8e225b20f3441e3f74f30; verified
$ pnpm rules:ingest && tsc -p tsconfig.web.json && vite build
$ node scripts/ingest-rules.ts
Ingested 2614 entries, 26 categories from fb83a789da8f. No unresolved links.
vite v8.3.0 building client environment for production...
transforming...
✓ 2850 modules transformed.
rendering chunks...
computing gzip size...
dist/index.html                                                         1.66 kB │ gzip:   0.69 kB
dist/assets/search.worker-oMKCTI8n.js                                  19.07 kB
dist/assets/schibsted-grotesk-latin-ext-wght-normal-hsMS0n0O.woff2     20.92 kB
dist/assets/DrawSteelGlyphs-Regular-Bxmll151.otf                       21.63 kB
dist/assets/schibsted-grotesk-latin-wght-normal-Bb8VGrTG.woff2         46.75 kB
dist/assets/overlay-card-C1jW4vvI.css                                   0.75 kB │ gzip:   0.39 kB
dist/assets/foes-BGgFncNM.css                                           3.96 kB │ gzip:   1.16 kB
dist/assets/article-Dre97K8_.css                                       11.34 kB │ gzip:   2.68 kB
dist/assets/index-iymW9mKQ.css                                         89.74 kB │ gzip:  16.06 kB
dist/assets/search-Csys-MlF.js                                          0.44 kB │ gzip:   0.28 kB
dist/assets/preview-DCsxSe2v.js                                         0.88 kB │ gzip:   0.53 kB
dist/assets/x-B2CtMrqX.js                                               4.80 kB │ gzip:   2.16 kB
dist/assets/article-BWyiCa1k.js                                        11.59 kB │ gzip:   4.61 kB
dist/assets/rules-CXCzzaLx.js                                          13.27 kB │ gzip:   4.28 kB
dist/assets/overlay-card-C2Cf5NBo.js                                   90.77 kB │ gzip:  32.29 kB
dist/assets/index-DEQlzYtz.js                                       1,717.31 kB │ gzip: 421.32 kB
dist/assets/foes-C74lSSUZ.js                                        6,733.33 kB │ gzip: 705.35 kB

✓ built in 3.95s
[plugin builtin:vite-reporter] 
(!) Some chunks are larger than 500 kB after minification. Consider:
- Using dynamic import() to code-split the application
- Use build.rolldownOptions.output.codeSplitting to improve chunking: https://rolldown.rs/reference/OutputOptions.codeSplitting
- Adjust chunk size limit for this warning via build.chunkSizeWarningLimit.
[PLUGIN_TIMINGS] Plugin hooks ran for 3.3s of this 3.9s build (84%).
The slowest hooks, timed inside each callback (the wait before a callback starts is excluded, the time it awaits is included):
  - vite:asset load (79%, 3.1s, 2 calls)
  - vite:css transform (70%, 2.8s, 6 calls)
  - vite:worker-import-meta-url transform (69%, 2.7s, 1 call)
These rows add up to more than the total. Callbacks can overlap, so the same time counts for more than one row.
1 hook is listed without a time. Its calls overlapped, so the time inside one call includes work from other calls. To find its cost, profile the build with `node --cpu-prof`:
  - @tailwindcss/vite:generate:build transform (6 calls)
See https://rolldown.rs/reference/InputOptions.checks#plugintimings for more details.

