Target: dev (different-bat-943); frontend https://salient-dev.rdxx.workers.dev; operation build
$ pnpm rules:ingest && tsc -p tsconfig.web.json && vite build
$ node scripts/ingest-rules.ts
Ingested 2614 entries, 26 categories from fb83a789da8f. No unresolved links.
vite v8.3.0 building client environment for production...
transforming...
✓ 2850 modules transformed.
rendering chunks...
computing gzip size...
dist/index.html                                                         1.66 kB │ gzip:   0.69 kB
dist/assets/search.worker-oMKCTI8n.js                                  19.07 kB
dist/assets/schibsted-grotesk-latin-ext-wght-normal-hsMS0n0O.woff2     20.92 kB
dist/assets/DrawSteelGlyphs-Regular-Bxmll151.otf                       21.63 kB
dist/assets/schibsted-grotesk-latin-wght-normal-Bb8VGrTG.woff2         46.75 kB
dist/assets/overlay-card-C1jW4vvI.css                                   0.75 kB │ gzip:   0.39 kB
dist/assets/foes-BGgFncNM.css                                           3.96 kB │ gzip:   1.16 kB
dist/assets/article-Dre97K8_.css                                       11.34 kB │ gzip:   2.68 kB
dist/assets/index-iymW9mKQ.css                                         89.74 kB │ gzip:  16.06 kB
dist/assets/search-Csys-MlF.js                                          0.44 kB │ gzip:   0.28 kB
dist/assets/preview-COsT8h1n.js                                         0.88 kB │ gzip:   0.53 kB
dist/assets/x-B2CtMrqX.js                                               4.80 kB │ gzip:   2.16 kB
dist/assets/article-BWyiCa1k.js                                        11.59 kB │ gzip:   4.61 kB
dist/assets/rules-Bq2CVEkc.js                                          13.27 kB │ gzip:   4.28 kB
dist/assets/overlay-card-C2Cf5NBo.js                                   90.77 kB │ gzip:  32.29 kB
dist/assets/index-mBknbwdD.js                                       1,716.85 kB │ gzip: 421.21 kB
dist/assets/foes-W2LmpIph.js                                        6,733.33 kB │ gzip: 705.35 kB

✓ built in 3.18s
[plugin builtin:vite-reporter] 
(!) Some chunks are larger than 500 kB after minification. Consider:
- Using dynamic import() to code-split the application
- Use build.rolldownOptions.output.codeSplitting to improve chunking: https://rolldown.rs/reference/OutputOptions.codeSplitting
- Adjust chunk size limit for this warning via build.chunkSizeWarningLimit.
[PLUGIN_TIMINGS] Plugin hooks ran for 2.8s of this 3.2s build (87%).
The slowest hooks, timed inside each callback (the wait before a callback starts is excluded, the time it awaits is included):
  - vite:worker-import-meta-url transform (81%, 2.6s, 1 call)
  - vite:asset load (80%, 2.5s, 2 calls)
  - vite:css transform (75%, 2.4s, 6 calls)
These rows add up to more than the total. Callbacks can overlap, so the same time counts for more than one row.
1 hook is listed without a time. Its calls overlapped, so the time inside one call includes work from other calls. To find its cost, profile the build with `node --cpu-prof`:
  - @tailwindcss/vite:generate:build transform (6 calls)
See https://rolldown.rs/reference/InputOptions.checks#plugintimings for more details.

