$ pnpm lint && pnpm check:engine && pnpm check:app && pnpm check-links && pnpm check-vendor && pnpm content:check && pnpm foes:check && pnpm build
$ eslint . && prettier --check .
Checking formatting...
All matched files use Prettier code style!
$ tsc --noEmit && vitest run --project engine

 RUN  v4.1.11 /app

 ✓  engine  tests/character-v25-evaluator.test.ts (8 tests) 311ms
 ✓  engine  tests/fury-decisions.test.ts (5 tests) 379ms
   ✓ R01 checks 2-3: every option value, grant and quoted count/budget sentence is verbatim in its cited source  357ms
 ✓  engine  tests/cli.test.ts (1 test) 211ms
 ✓  engine  tests/acceptance.test.ts (3 tests) 95ms
 ✓  engine  tests/parser.test.ts (8 tests) 83ms
 ✓  engine  tests/live-state-initialization.test.ts (4 tests) 72ms
 ✓  engine  tests/character-derived-values.test.ts (4 tests) 59ms
 ✓  engine  tests/character-evaluator.test.ts (8 tests) 29ms
 ✓  engine  tests/history.test.ts (3 tests) 44ms
 ✓  engine  tests/character-creation-rulings.test.ts (6 tests) 17ms
 ✓  engine  tests/core-conditions.test.ts (11 tests) 25ms
 ✓  engine  tests/engine.test.ts (13 tests) 15ms
 ✓  engine  tests/resolve.test.ts (19 tests) 13ms
 ✓  engine  tests/v25-build-roll-contributions.test.ts (4 tests) 4ms

 Test Files  14 passed (14)
      Tests  97 passed (97)
   Start at  03:15:29
   Duration  3.08s (transform 241ms, setup 0ms, import 452ms, tests 1.36s, environment 1ms)

$ tsc -p tsconfig.web.json && vitest run --project app --project scripts

 RUN  v4.1.11 /app

 ✓  app  tests/app/combat.test.ts (19 tests) 1800ms
     ✓ acceptance 1: the setup card is a Director draft that follows the rosters; Cancel leaves no encounter, snapshot or lock  950ms
 ✓  app  tests/app/abilities.test.ts (17 tests) 2009ms
     ✓ acceptance 1 and 2: 10.1 free strike through /ability use; retry returns the same result with no second roll or damage  586ms
 ✓  app  tests/app/history.test.ts (14 tests) 1390ms
 ✓  app  tests/app/admission.test.ts (11 tests) 939ms
     ✓ acceptance 3: a player submission is not effective until approval; withdrawal and decline leave it unchanged  500ms
 ✓  app  tests/app/access-sessions.test.ts (8 tests) 547ms
 ✓  app  tests/app/table.test.ts (6 tests) 680ms
     ✓ acceptance 1 and 2: authority matrix across Director, player and observer  466ms
 ✓  app  tests/app/v001-walkthrough.test.ts (1 test) 900ms
   ✓ A09: admitted hero → real combat → correction/history → closeout → next session → paused Void keep/reset  899ms
 ✓  app  tests/app/characters.test.ts (9 tests) 586ms
     ✓ create/reopen persists authored fields and isolates private drafts across users  420ms
 ✓  app  tests/app/closeout.test.ts (7 tests) 885ms
     ✓ ends structure without synthetic boundaries/dice; closes cards, supports rewind/redo, rejects turns and attacks  527ms
 ✓  app  tests/app/registry.test.ts (7 tests) 626ms
     ✓ acceptance 1: the same /table roll from two submitters yields events of identical shape with server dice  449ms
 ✓  app  tests/app/audience.test.ts (8 tests) 735ms
     ✓ difficulty projection preserves public skill text containing result-like punctuation: Lore; hard: winter  449ms
 ✓  app  tests/app/history-interaction-regressions.test.ts (8 tests) 309ms
 ✓  app  tests/app/foes.test.ts (5 tests) 605ms
     ✓ Director loads independent sourced foes; peers see every foe through the selected health projection  460ms
 ✓  app  tests/app/journal.test.ts (5 tests) 465ms
     ✓ concurrent appends to one campaign get distinct consecutive sequence numbers  310ms
 ✓  app  tests/app/elementalist-character.test.ts (4 tests) 362ms
 ✓  app  tests/app/history-audit.test.ts (5 tests) 835ms
     ✓ admission is separate; targeting preparation does not consume undo and is cleared by it  510ms
 ✓  app  tests/app/interactions.test.ts (3 tests) 646ms
     ✓ acceptance 5: opened by a short command, labeled in the log, answered headlessly, resolved  571ms
 ✓  app  tests/app/closeout-session.test.ts (6 tests) 951ms
     ✓ missing Void choice, unauthorized closure and pause with a Void choice leave state and history untouched  558ms
 ✓  app  tests/app/dice.test.ts (6 tests) 342ms
     ✓ same commandId returns the identical accepted roll; a new id draws new values  315ms
 ✓  app  tests/app/content.test.ts (3 tests) 547ms
     ✓ reseed loads every manifest entry; queries return the Goblin Warrior source verbatim  452ms
 ✓  app  tests/app/independent-review.test.ts (4 tests) 516ms
   ✓ independent: persisted session deletion revokes already issued identity across all private surfaces  441ms
 ✓  app  tests/app/setup-local.test.ts (6 tests) 586ms
 ✓  app  tests/app/parse.test.ts (97 tests) 16ms
 ✓  app  tests/app/foe-operations.test.ts (2 tests) 604ms
   ✓ foe buttons/API/commands share retries, source snapshots and journaled creation/removal  528ms
 ✓  app  tests/app/a05-review-regressions.test.ts (3 tests) 678ms
   ✓ committed combat checks Ferocity affordability during roll  553ms
 ✓  app  tests/app/character-rulings.test.ts (2 tests) 546ms
   ✓ Q-CHAR-10 shared evaluation, persisted draft and admission allow two of three ancestry points  499ms
 ✓  app  tests/app/closeout-audit.test.ts (1 test) 555ms
   ✓ normal cleanup clears a retained foe temporary pool once, with a private persisted journal  554ms
 ✓  app  tests/app/character-review-queue.test.ts (2 tests) 734ms
   ✓ an owner sees a new pending submission after 205 withdrawn reviews from same owner  676ms
 ✓  app  tests/app/command-identities.test.ts (2 tests) 3ms
 ✓  app  tests/app/engine-adapter.test.ts (1 test) 6ms
 ✓  scripts  tests/scripts/foes.test.ts (25 tests) 30822ms
     ✓ regenerates twice byte-for-byte and retains exact pinned input  30016ms
 ✓  scripts  tests/scripts/build-content.test.ts (22 tests) 1958ms
     ✓ regenerates byte-for-byte from the clean pinned Compendium (pnpm content:check)  317ms
     ✓ detects a hand-edited generation date 9999-99-99 independently  613ms
     ✓ detects a hand-edited generation date 2020-01-01 independently  593ms
 ✓  scripts  tests/scripts/check-commit.test.ts (14 tests) 319ms
     ✓ range checks exempt only fixed pre-contract history; explicit and future checks remain strict  310ms
 ✓  scripts  tests/scripts/rules.test.ts (8 tests) 75930ms
   ✓ ranks every unique exact title first, supports prefixes, typos and filters  6956ms
   ✓ regenerates identical articles, metadata and search from the same pin  33421ms
 ✓  scripts  tests/scripts/core-presentation.test.ts (7 tests) 21017ms
     ✓ projects all immutable Foe edition objects without editing their source HTML  1688ms
   ✓ covers every Core glyph family through the production projection and React semantics  19139ms
 ✓  scripts  tests/scripts/glyphs.test.ts (4 tests) 58ms
 ✓  scripts  tests/scripts/check-links.test.ts (4 tests) 14ms
 ✓  scripts  tests/scripts/pinned-source.test.ts (1 test) 71ms
 ✓  scripts  tests/scripts/app-output.test.ts (1 test) 219ms

 Test Files  39 passed (39)
      Tests  358 passed (358)
   Start at  03:15:41
   Duration  158.90s (transform 1.28s, setup 0ms, import 4.12s, tests 150.81s, environment 3ms)

$ node scripts/check-links.ts
Checked 198 Markdown files: no broken relative links or anchors.
$ node scripts/check-vendor.ts
vendor/ matches the pinned submodule commits (2 submodules).
$ node scripts/build-content.ts --check
shared/content/compendium matches the clean pinned Compendium (467 entries, 10 excluded, revision fb83a789da8f).
$ node scripts/ingest-foes.ts --check
Foes: 438 stat blocks, 2006 features; edition bf262edf546e91e1540cc17489915f18c4873ddd8bd8e225b20f3441e3f74f30; verified
$ pnpm rules:ingest && tsc -p tsconfig.web.json && vite build
$ node scripts/ingest-rules.ts
Ingested 2614 entries, 26 categories from fb83a789da8f. No unresolved links.
vite v8.3.0 building client environment for production...
transforming...
✓ 2834 modules transformed.
rendering chunks...
computing gzip size...
dist/index.html                                                         1.58 kB │ gzip:   0.68 kB
dist/assets/search.worker-oMKCTI8n.js                                  19.07 kB
dist/assets/schibsted-grotesk-latin-ext-wght-normal-hsMS0n0O.woff2     20.92 kB
dist/assets/DrawSteelGlyphs-Regular-Bxmll151.otf                       21.63 kB
dist/assets/schibsted-grotesk-latin-wght-normal-Bb8VGrTG.woff2         46.75 kB
dist/assets/overlay-card-C1jW4vvI.css                                   0.75 kB │ gzip:   0.39 kB
dist/assets/article-Dre97K8_.css                                       11.34 kB │ gzip:   2.68 kB
dist/assets/index-CZfOxeG3.css                                         88.71 kB │ gzip:  15.94 kB
dist/assets/preview-CLygw77i.js                                         0.93 kB │ gzip:   0.56 kB
dist/assets/article-DfP8S_Mx.js                                         1.33 kB │ gzip:   0.82 kB
dist/assets/x-CWHCGWgR.js                                               4.80 kB │ gzip:   2.16 kB
dist/assets/content-DedMq4x3.js                                        10.32 kB │ gzip:   4.00 kB
dist/assets/rules-Cs0UQ9ur.js                                          13.64 kB │ gzip:   4.44 kB
dist/assets/overlay-card-BdINy0Yq.js                                   90.77 kB │ gzip:  32.29 kB
dist/assets/index-CbAk95yz.js                                       1,017.22 kB │ gzip: 301.54 kB
dist/assets/foes-DmichRkX.js                                        6,708.64 kB │ gzip: 696.78 kB

✓ built in 4.21s
[plugin builtin:vite-reporter]
(!) Some chunks are larger than 500 kB after minification. Consider:
- Using dynamic import() to code-split the application
- Use build.rolldownOptions.output.codeSplitting to improve chunking: https://rolldown.rs/reference/OutputOptions.codeSplitting
- Adjust chunk size limit for this warning via build.chunkSizeWarningLimit.
[PLUGIN_TIMINGS] Plugin hooks ran for 3.5s of this 4.2s build (83%).
The slowest hooks, timed inside each callback (the wait before a callback starts is excluded, the time it awaits is included):
  - @tailwindcss/vite:generate:build transform (78%, 3.3s, 5 calls)
  - vite:css transform (75%, 3.2s, 5 calls)
  - vite:worker-import-meta-url transform (75%, 3.1s, 1 call)
  - vite:asset load (74%, 3.1s, 2 calls)
These rows add up to more than the total. Callbacks can overlap, so the same time counts for more than one row.
See https://rolldown.rs/reference/InputOptions.checks#plugintimings for more details.
